#
# There is insufficient memory for the Java Runtime Environment to continue.
# Native memory allocation (malloc) failed to allocate 1048576 bytes. Error detail: AllocateHeap
# Possible reasons:
#   The system is out of physical RAM or swap space
#   This process is running with CompressedOops enabled, and the Java Heap may be blocking the growth of the native heap
# Possible solutions:
#   Reduce memory load on the system
#   Increase physical memory or swap space
#   Check if swap backing store is full
#   Decrease Java heap size (-Xmx/-Xms)
#   Decrease number of Java threads
#   Decrease Java thread stack sizes (-Xss)
#   Set larger code cache with -XX:ReservedCodeCacheSize=
#   JVM is running with Zero Based Compressed Oops mode in which the Java heap is
#     placed in the first 32GB address space. The Java Heap base address is the
#     maximum limit for the native heap growth. Please use -XX:HeapBaseMinAddress
#     to set the Java Heap base and to place the Java Heap above 32GB virtual address.
# This output file may be truncated or incomplete.
#
#  Out of Memory Error (allocation.cpp:44), pid=12164, tid=14136
#
# JRE version: OpenJDK Runtime Environment Temurin-21.0.12.1+1 (21.0.12.1+1) (build 21.0.12.1+1-LTS)
# Java VM: OpenJDK 64-Bit Server VM Temurin-21.0.12.1+1 (21.0.12.1+1-LTS, mixed mode, sharing, tiered, compressed oops, compressed class ptrs, parallel gc, windows-amd64)
# No core dump will be written. Minidumps are not enabled by default on client versions of Windows
#

---------------  S U M M A R Y ------------

Command Line: --add-modules=ALL-SYSTEM --add-opens=java.base/java.util=ALL-UNNAMED --add-opens=java.base/java.lang=ALL-UNNAMED --add-opens=java.base/sun.nio.fs=ALL-UNNAMED -Declipse.application=org.eclipse.jdt.ls.core.id1 -Dosgi.bundles.defaultStartLevel=4 -Declipse.product=org.eclipse.jdt.ls.core.product -Djava.import.generatesMetadataFilesAtProjectRoot=false -Dm2e.project.cache.size=50 -DDetectVMInstallationsJob.disabled=true -Dfile.encoding=utf8 -XX:+UseParallelGC -XX:GCTimeRatio=4 -XX:AdaptiveSizePolicyWeight=90 -Dsun.zip.disableMemoryMapping=true -Xmx4G -Xms100m -Xlog:disable -javaagent:c:\Users\admin\.vscode\extensions\redhat.java-1.56.0-win32-x64\lombok\lombok-1.18.39-4050.jar -XX:+HeapDumpOnOutOfMemoryError -XX:HeapDumpPath=c:\Users\admin\AppData\Roaming\Code\User\workspaceStorage\8d4d080e920730285268a385d66d5bf5\redhat.java -Daether.dependencyCollector.impl=bf c:\Users\admin\.vscode\extensions\redhat.java-1.56.0-win32-x64\server\plugins\org.eclipse.equinox.launcher_1.8.0.v20260804-1928.jar -configuration c:\Users\admin\AppData\Roaming\Code\User\globalStorage\redhat.java\1.56.0\config_win -data c:\Users\admin\AppData\Roaming\Code\User\workspaceStorage\8d4d080e920730285268a385d66d5bf5\redhat.java\jdt_ws --pipe=\\.\pipe\lsp-15880f401e9654c9fdb23cca9a6debfa-sock

Host: Intel(R) Core(TM) i7-10510U CPU @ 1.80GHz, 8 cores, 15G,  Windows 11 , 64 bit Build 26100 (10.0.26100.8115)
Time: Fri Sep 25 10:03:23 2026 elapsed time: 27077.798767 seconds (0d 7h 31m 17s)

---------------  T H R E A D  ---------------

Current thread (0x00000232f4f93950):  JavaThread "Attach Listener" daemon [_thread_in_vm, id=14136, stack(0x0000006a6a700000,0x0000006a6a800000) (1024K)]

Stack: [0x0000006a6a700000,0x0000006a6a800000]
Native frames: (J=compiled Java code, j=interpreted, Vv=VM code, C=native code)
V  [jvm.dll+0x6d83e9]
V  [jvm.dll+0x8b5736]
V  [jvm.dll+0x8b7cee]
V  [jvm.dll+0x8b83d3]
V  [jvm.dll+0x284596]
V  [jvm.dll+0xc13c7]
V  [jvm.dll+0x6d8c99]
V  [jvm.dll+0x133616]
V  [jvm.dll+0x3f8aae]
V  [jvm.dll+0x8600cd]
V  [jvm.dll+0x6d6c1d]
C  [ucrtbase.dll+0x37b0]
C  [KERNEL32.DLL+0x2e8d7]
C  [ntdll.dll+0x8c3fc]


---------------  P R O C E S S  ---------------

Threads class SMR info:
_java_thread_list=0x00000232fe699440, length=51, elements={
0x00000232d77e5230, 0x00000232d9c6e850, 0x00000232f4f8ce60, 0x00000232f4f92c70,
0x00000232f4f93950, 0x00000232f4f943b0, 0x00000232f4f94e10, 0x00000232f4f97c60,
0x00000232f4fbcbb0, 0x00000232f6be0920, 0x00000232f6c307a0, 0x00000232fb7eef50,
0x00000232fbaf4660, 0x00000232fb48ae40, 0x00000232fb48b880, 0x00000232fbd75170,
0x00000232fc3294d0, 0x00000232fc3a4050, 0x00000232fb0f2270, 0x00000232fb0efb10,
0x00000232fb0f0830, 0x00000232fb0f0ec0, 0x00000232fbe184b0, 0x00000232fbe18b40,
0x00000232fbe17790, 0x00000232fbe19860, 0x00000232fbe1a580, 0x00000232fbe1ac10,
0x00000232fbe191d0, 0x00000232fbe19ef0, 0x00000232fbe17e20, 0x00000232fbe1b930,
0x00000232fdf60350, 0x00000232fdf5f630, 0x00000232fdf61070, 0x00000232fdf5e280,
0x00000232fc6d9650, 0x00000232fc6d6ef0, 0x00000232fc6d7580, 0x00000232fc6dbdb0,
0x00000232fc6dd7f0, 0x00000232fc6dcad0, 0x00000232fe010d20, 0x00000232fe0113b0,
0x00000232fe012df0, 0x00000232fe0120d0, 0x00000232fe018340, 0x00000232fe016f90,
0x00000232fe015be0, 0x00000232fdf5dbf0, 0x00000232fdf5efa0
}

Java Threads: ( => current thread )
  0x00000232d77e5230 JavaThread "main"                              [_thread_blocked, id=24824, stack(0x0000006a6a000000,0x0000006a6a100000) (1024K)]
  0x00000232d9c6e850 JavaThread "Reference Handler"          daemon [_thread_blocked, id=20152, stack(0x0000006a6a400000,0x0000006a6a500000) (1024K)]
  0x00000232f4f8ce60 JavaThread "Finalizer"                  daemon [_thread_blocked, id=19584, stack(0x0000006a6a500000,0x0000006a6a600000) (1024K)]
  0x00000232f4f92c70 JavaThread "Signal Dispatcher"          daemon [_thread_blocked, id=23736, stack(0x0000006a6a600000,0x0000006a6a700000) (1024K)]
=>0x00000232f4f93950 JavaThread "Attach Listener"            daemon [_thread_in_vm, id=14136, stack(0x0000006a6a700000,0x0000006a6a800000) (1024K)]
  0x00000232f4f943b0 JavaThread "Service Thread"             daemon [_thread_blocked, id=21172, stack(0x0000006a6a800000,0x0000006a6a900000) (1024K)]
  0x00000232f4f94e10 JavaThread "Monitor Deflation Thread"   daemon [_thread_blocked, id=21648, stack(0x0000006a6a900000,0x0000006a6aa00000) (1024K)]
  0x00000232f4f97c60 JavaThread "C2 CompilerThread0"         daemon [_thread_blocked, id=19020, stack(0x0000006a6aa00000,0x0000006a6ab00000) (1024K)]
  0x00000232f4fbcbb0 JavaThread "C1 CompilerThread0"         daemon [_thread_blocked, id=15380, stack(0x0000006a6ab00000,0x0000006a6ac00000) (1024K)]
  0x00000232f6be0920 JavaThread "Common-Cleaner"             daemon [_thread_blocked, id=10100, stack(0x0000006a6ad00000,0x0000006a6ae00000) (1024K)]
  0x00000232f6c307a0 JavaThread "Notification Thread"        daemon [_thread_blocked, id=3412, stack(0x0000006a6ac00000,0x0000006a6ad00000) (1024K)]
  0x00000232fb7eef50 JavaThread "Active Thread: Equinox Container: 984d4a2b-d715-4aa5-8538-2eb3fb04f492"        [_thread_blocked, id=23700, stack(0x0000006a6b600000,0x0000006a6b700000) (1024K)]
  0x00000232fbaf4660 JavaThread "Refresh Thread: Equinox Container: 984d4a2b-d715-4aa5-8538-2eb3fb04f492" daemon [_thread_blocked, id=17252, stack(0x0000006a6b800000,0x0000006a6b900000) (1024K)]
  0x00000232fb48ae40 JavaThread "Framework Event Dispatcher: Equinox Container: 984d4a2b-d715-4aa5-8538-2eb3fb04f492" daemon [_thread_blocked, id=23048, stack(0x0000006a6b900000,0x0000006a6ba00000) (1024K)]
  0x00000232fb48b880 JavaThread "Start Level: Equinox Container: 984d4a2b-d715-4aa5-8538-2eb3fb04f492" daemon [_thread_blocked, id=21124, stack(0x0000006a6ba00000,0x0000006a6bb00000) (1024K)]
  0x00000232fbd75170 JavaThread "Bundle File Closer"         daemon [_thread_blocked, id=15424, stack(0x0000006a6bb00000,0x0000006a6bc00000) (1024K)]
  0x00000232fc3294d0 JavaThread "SCR Component Actor"        daemon [_thread_blocked, id=8920, stack(0x0000006a6ae00000,0x0000006a6af00000) (1024K)]
  0x00000232fc3a4050 JavaThread "Worker-JM"                         [_thread_blocked, id=23060, stack(0x0000006a6bc00000,0x0000006a6bd00000) (1024K)]
  0x00000232fb0f2270 JavaThread "JNA Cleaner"                daemon [_thread_blocked, id=1888, stack(0x0000006a6af00000,0x0000006a6b000000) (1024K)]
  0x00000232fb0efb10 JavaThread "Java indexing"              daemon [_thread_blocked, id=3908, stack(0x0000006a6c000000,0x0000006a6c100000) (1024K)]
  0x00000232fb0f0830 JavaThread "Thread-1"                   daemon [_thread_in_native, id=11552, stack(0x0000006a6c700000,0x0000006a6c800000) (1024K)]
  0x00000232fb0f0ec0 JavaThread "Thread-2"                   daemon [_thread_in_native, id=19612, stack(0x0000006a6c800000,0x0000006a6c900000) (1024K)]
  0x00000232fbe184b0 JavaThread "Thread-3"                   daemon [_thread_in_native, id=10788, stack(0x0000006a6c900000,0x0000006a6ca00000) (1024K)]
  0x00000232fbe18b40 JavaThread "Thread-4"                   daemon [_thread_blocked, id=8696, stack(0x0000006a6ca00000,0x0000006a6cb00000) (1024K)]
  0x00000232fbe17790 JavaThread "Thread-5"                   daemon [_thread_in_native, id=11580, stack(0x0000006a6cb00000,0x0000006a6cc00000) (1024K)]
  0x00000232fbe19860 JavaThread "Thread-6"                   daemon [_thread_in_native, id=20044, stack(0x0000006a6cc00000,0x0000006a6cd00000) (1024K)]
  0x00000232fbe1a580 JavaThread "Thread-7"                   daemon [_thread_in_native, id=13080, stack(0x0000006a6cd00000,0x0000006a6ce00000) (1024K)]
  0x00000232fbe1ac10 JavaThread "Thread-8"                   daemon [_thread_in_native, id=6024, stack(0x0000006a6ce00000,0x0000006a6cf00000) (1024K)]
  0x00000232fbe191d0 JavaThread "Thread-9"                   daemon [_thread_in_native, id=4744, stack(0x0000006a6cf00000,0x0000006a6d000000) (1024K)]
  0x00000232fbe19ef0 JavaThread "pool-2-thread-1"                   [_thread_blocked, id=17244, stack(0x0000006a6d000000,0x0000006a6d100000) (1024K)]
  0x00000232fbe17e20 JavaThread "WorkspaceEventsHandler"            [_thread_blocked, id=11056, stack(0x0000006a6d100000,0x0000006a6d200000) (1024K)]
  0x00000232fbe1b930 JavaThread "pool-1-thread-1"                   [_thread_blocked, id=19808, stack(0x0000006a6d200000,0x0000006a6d300000) (1024K)]
  0x00000232fdf60350 JavaThread "PatternSearchJob-worker-3"  daemon [_thread_blocked, id=6420, stack(0x0000006a6db00000,0x0000006a6dc00000) (1024K)]
  0x00000232fdf5f630 JavaThread "PatternSearchJob-worker-4"  daemon [_thread_blocked, id=8908, stack(0x0000006a6dc00000,0x0000006a6dd00000) (1024K)]
  0x00000232fdf61070 JavaThread "PatternSearchJob-worker-7"  daemon [_thread_blocked, id=22396, stack(0x0000006a6df00000,0x0000006a6e000000) (1024K)]
  0x00000232fdf5e280 JavaThread "Cleaner-0"                  daemon [_thread_blocked, id=13996, stack(0x0000006a6e000000,0x0000006a6e100000) (1024K)]
  0x00000232fc6d9650 JavaThread "PatternSearchJob-worker-10" daemon [_thread_blocked, id=27072, stack(0x0000006a69f00000,0x0000006a6a000000) (1024K)]
  0x00000232fc6d6ef0 JavaThread "PatternSearchJob-worker-11" daemon [_thread_blocked, id=32712, stack(0x0000006a6c200000,0x0000006a6c300000) (1024K)]
  0x00000232fc6d7580 JavaThread "ForkJoinPool.commonPool-worker-32" daemon [_thread_blocked, id=27544, stack(0x0000006a69d00000,0x0000006a69e00000) (1024K)]
  0x00000232fc6dbdb0 JavaThread "ForkJoinPool.commonPool-worker-33" daemon [_thread_blocked, id=30012, stack(0x0000006a69e00000,0x0000006a69f00000) (1024K)]
  0x00000232fc6dd7f0 JavaThread "ForkJoinPool.commonPool-worker-34" daemon [_thread_blocked, id=32412, stack(0x0000006a6bd00000,0x0000006a6be00000) (1024K)]
  0x00000232fc6dcad0 JavaThread "ForkJoinPool.commonPool-worker-35" daemon [_thread_blocked, id=32496, stack(0x0000006a6be00000,0x0000006a6bf00000) (1024K)]
  0x00000232fe010d20 JavaThread "PatternSearchJob-worker-12" daemon [_thread_blocked, id=2268, stack(0x0000006a6bf00000,0x0000006a6c000000) (1024K)]
  0x00000232fe0113b0 JavaThread "PatternSearchJob-worker-13" daemon [_thread_blocked, id=22896, stack(0x0000006a6c100000,0x0000006a6c200000) (1024K)]
  0x00000232fe012df0 JavaThread "Worker-28"                         [_thread_blocked, id=28804, stack(0x0000006a6c400000,0x0000006a6c500000) (1024K)]
  0x00000232fe0120d0 JavaThread "ForkJoinPool.commonPool-worker-36" daemon [_thread_blocked, id=28912, stack(0x0000006a6c500000,0x0000006a6c600000) (1024K)]
  0x00000232fe018340 JavaThread "ForkJoinPool.commonPool-worker-37" daemon [_thread_blocked, id=22792, stack(0x0000006a6d300000,0x0000006a6d400000) (1024K)]
  0x00000232fe016f90 JavaThread "Worker-29: Publish Diagnostics"        [_thread_blocked, id=27132, stack(0x0000006a6d600000,0x0000006a6d700000) (1024K)]
  0x00000232fe015be0 JavaThread "ForkJoinPool.commonPool-worker-38" daemon [_thread_blocked, id=4280, stack(0x0000006a6d500000,0x0000006a6d600000) (1024K)]
  0x00000232fdf5dbf0 JavaThread "Worker-30"                         [_thread_blocked, id=22328, stack(0x0000006a6c300000,0x0000006a6c400000) (1024K)]
  0x00000232fdf5efa0 JavaThread "pool-1-thread-24"                  [_thread_blocked, id=16452, stack(0x0000006a6c600000,0x0000006a6c700000) (1024K)]
Total: 51

Other Threads:
  0x00000232d789e990 VMThread "VM Thread"                           [id=16848, stack(0x0000006a6a300000,0x0000006a6a400000) (1024K)] _threads_hazard_ptr=0x00000232fe699440
  0x00000232f4e9ca00 WatcherThread "VM Periodic Task Thread"        [id=23888, stack(0x0000006a6a200000,0x0000006a6a300000) (1024K)]
  0x00000232d9bd42c0 WorkerThread "GC Thread#0"                     [id=8216, stack(0x0000006a6a100000,0x0000006a6a200000) (1024K)]
  0x00000232fb5c9220 WorkerThread "GC Thread#1"                     [id=23464, stack(0x0000006a6b000000,0x0000006a6b100000) (1024K)]
  0x00000232fb3c4010 WorkerThread "GC Thread#2"                     [id=5004, stack(0x0000006a6b100000,0x0000006a6b200000) (1024K)]
  0x00000232fb8180e0 WorkerThread "GC Thread#3"                     [id=1048, stack(0x0000006a6b200000,0x0000006a6b300000) (1024K)]
  0x00000232fb818490 WorkerThread "GC Thread#4"                     [id=23164, stack(0x0000006a6b300000,0x0000006a6b400000) (1024K)]
  0x00000232fb818840 WorkerThread "GC Thread#5"                     [id=9704, stack(0x0000006a6b400000,0x0000006a6b500000) (1024K)]
  0x00000232fb4d9940 WorkerThread "GC Thread#6"                     [id=17724, stack(0x0000006a6b500000,0x0000006a6b600000) (1024K)]
  0x00000232fb4da800 WorkerThread "GC Thread#7"                     [id=21600, stack(0x0000006a6b700000,0x0000006a6b800000) (1024K)]
Total: 10

Threads with active compile tasks:
Total: 0

VM state: synchronizing (normal execution)

VM Mutex/Monitor currently owned by a thread:  ([mutex/lock_event])
[0x00007ffc5116f5b0] Threads_lock - owner thread: 0x00000232d789e990
[0x00007ffc5116f6b0] Heap_lock - owner thread: 0x00000232fe016f90

Heap address: 0x0000000700000000, size: 4096 MB, Compressed Oops mode: Zero based, Oop shift amount: 3

CDS archive(s) mapped at: [0x0000023280000000-0x0000023280ba0000-0x0000023280ba0000), size 12189696, SharedBaseAddress: 0x0000023280000000, ArchiveRelocationMode: 1.
Compressed class space mapped at: 0x0000023281000000-0x00000232c1000000, reserved size: 1073741824
Narrow klass base: 0x0000023280000000, Narrow klass shift: 0, Narrow klass range: 0x100000000

GC Precious Log:
 CardTable entry size: 512
 CPUs: 8 total, 8 available
 Memory: 16157M
 Large Page Support: Disabled
 NUMA Support: Disabled
 Compressed Oops: Enabled (Zero based)
 Alignments: Space 512K, Generation 512K, Heap 2M
 Heap Min Capacity: 100M
 Heap Initial Capacity: 100M
 Heap Max Capacity: 4G
 Pre-touch: Disabled
 Parallel Workers: 8

Heap:
 PSYoungGen      total 4608K, used 4596K [0x00000007aab00000, 0x00000007ab180000, 0x0000000800000000)
  eden space 4096K, 99% used [0x00000007aab00000,0x00000007aaefffe8,0x00000007aaf00000)
  from space 512K, 97% used [0x00000007ab080000,0x00000007ab0fd200,0x00000007ab100000)
  to   space 512K, 0% used [0x00000007ab100000,0x00000007ab100000,0x00000007ab180000)
 ParOldGen       total 2232320K, used 2231930K [0x0000000700000000, 0x0000000788400000, 0x00000007aab00000)
  object space 2232320K, 99% used [0x0000000700000000,0x000000078839eb70,0x0000000788400000)
 Metaspace       used 97174K, committed 99328K, reserved 1179648K
  class space    used 9464K, committed 10496K, reserved 1048576K

Card table byte_map: [0x00000232ebdb0000,0x00000232ec5c0000] _byte_map_base: 0x00000232e85b0000

Marking Bits: (ParMarkBitMap*) 0x00007ffc511744a0
 Begin Bits: [0x00000232ec5c0000, 0x00000232f05c0000)
 End Bits:   [0x00000232f05c0000, 0x00000232f45c0000)

Polling page: 0x00000232d7990000

Metaspace:

Usage:
  Non-class:     85.65 MB used.
      Class:      9.24 MB used.
       Both:     94.90 MB used.

Virtual space:
  Non-class space:      128.00 MB reserved,      86.75 MB ( 68%) committed,  2 nodes.
      Class space:        1.00 GB reserved,      10.25 MB (  1%) committed,  1 nodes.
             Both:        1.12 GB reserved,      97.00 MB (  8%) committed. 

Chunk freelists:
   Non-Class:  9.43 MB
       Class:  5.79 MB
        Both:  15.22 MB

MaxMetaspaceSize: unlimited
CompressedClassSpaceSize: 1.00 GB
Initial GC threshold: 21.00 MB
Current GC threshold: 161.56 MB
CDS: on
 - commit_granule_bytes: 65536.
 - commit_granule_words: 8192.
 - virtual_space_node_default_size: 8388608.
 - enlarge_chunks_in_place: 1.
 - use_allocation_guard: 0.


Internal statistics:

num_allocs_failed_limit: 9.
num_arena_births: 2080.
num_arena_deaths: 478.
num_vsnodes_births: 3.
num_vsnodes_deaths: 0.
num_space_committed: 1552.
num_space_uncommitted: 0.
num_chunks_returned_to_freelist: 559.
num_chunks_taken_from_freelist: 7260.
num_chunk_merges: 157.
num_chunk_splits: 4162.
num_chunks_enlarged: 2048.
num_inconsistent_stats: 0.

CodeHeap 'non-profiled nmethods': size=120000Kb used=28723Kb max_used=30505Kb free=91276Kb
 bounds [0x00000232e4880000, 0x00000232e6650000, 0x00000232ebdb0000]
CodeHeap 'profiled nmethods': size=120000Kb used=35223Kb max_used=56561Kb free=84776Kb
 bounds [0x00000232dcdb0000, 0x00000232e04f0000, 0x00000232e42e0000]
CodeHeap 'non-nmethods': size=5760Kb used=1531Kb max_used=1631Kb free=4228Kb
 bounds [0x00000232e42e0000, 0x00000232e4550000, 0x00000232e4880000]
CodeCache: size=245760Kb, used=65477Kb, max_used=88697Kb, free=180280Kb
 total_blobs=16762, nmethods=15915, adapters=749, full_count=0
Compilation: enabled, stopped_count=0, restarted_count=0

Compilation events (20 events):
Event: 27063.672 Thread 0x00000232f4f97c60 32319       4       org.eclipse.jdt.internal.compiler.problem.ProblemReporter::typeMismatchError (346 bytes)
Event: 27063.708 Thread 0x00000232f4f97c60 nmethod 32319 0x00000232e5b8fd90 code [0x00000232e5b90160, 0x00000232e5b929d8]
Event: 27072.291 Thread 0x00000232f4fbcbb0 32320   !   3       org.eclipse.jdt.internal.codeassist.CompletionEngine::checkForVarargExpectedTypes (164 bytes)
Event: 27072.292 Thread 0x00000232f4fbcbb0 nmethod 32320 0x00000232dce52090 code [0x00000232dce52460, 0x00000232dce54010]
Event: 27073.284 Thread 0x00000232f4f97c60 32321       4       org.eclipse.jdt.internal.compiler.lookup.MethodVerifier::computeMethods (144 bytes)
Event: 27073.299 Thread 0x00000232f4f97c60 nmethod 32321 0x00000232e50a7090 code [0x00000232e50a7380, 0x00000232e50a8878]
Event: 27073.721 Thread 0x00000232f4fbcbb0 32322       3       org.eclipse.jdt.core.dom.rewrite.ImportRewrite::addImport (86 bytes)
Event: 27073.722 Thread 0x00000232f4fbcbb0 nmethod 32322 0x00000232dd610590 code [0x00000232dd6107a0, 0x00000232dd610ce8]
Event: 27073.724 Thread 0x00000232f4fbcbb0 32323       3       org.eclipse.jdt.core.Signature::createTypeSignature (17 bytes)
Event: 27073.724 Thread 0x00000232f4fbcbb0 nmethod 32323 0x00000232dd193210 code [0x00000232dd193420, 0x00000232dd193878]
Event: 27073.732 Thread 0x00000232f4fbcbb0 32324       3       org.eclipse.text.edits.CopyTargetEdit::setSourceEdit (66 bytes)
Event: 27073.732 Thread 0x00000232f4fbcbb0 nmethod 32324 0x00000232ddb67f10 code [0x00000232ddb68160, 0x00000232ddb68950]
Event: 27073.732 Thread 0x00000232f4fbcbb0 32325       3       org.eclipse.text.edits.CopySourceEdit::setTargetEdit (26 bytes)
Event: 27073.733 Thread 0x00000232f4fbcbb0 nmethod 32325 0x00000232dd0abd10 code [0x00000232dd0abf00, 0x00000232dd0ac2f0]
Event: 27074.362 Thread 0x00000232f4fbcbb0 32326       3       org.eclipse.jdt.internal.compiler.ast.SingleTypeReference::isBaseTypeReference (104 bytes)
Event: 27074.363 Thread 0x00000232f4fbcbb0 nmethod 32326 0x00000232dd364390 code [0x00000232dd364560, 0x00000232dd3648e0]
Event: 27075.125 Thread 0x00000232f4f97c60 32327   !   4       lombok.core.FieldAugment$MapFieldAugment::clear (38 bytes)
Event: 27075.128 Thread 0x00000232f4f97c60 nmethod 32327 0x00000232e4f59190 code [0x00000232e4f59340, 0x00000232e4f59710]
Event: 27076.214 Thread 0x00000232f4f97c60 32328       4       java.util.concurrent.ThreadPoolExecutor::runStateAtLeast (11 bytes)
Event: 27076.215 Thread 0x00000232f4f97c60 nmethod 32328 0x00000232e4a33710 code [0x00000232e4a33880, 0x00000232e4a338f8]

GC Heap History (20 events):
Event: 27074.923 GC heap before
{Heap before GC invocations=14791 (full 9):
 PSYoungGen      total 7680K, used 4576K [0x00000007aab00000, 0x00000007ab480000, 0x0000000800000000)
  eden space 4096K, 100% used [0x00000007aab00000,0x00000007aaf00000,0x00000007aaf00000)
  from space 3584K, 13% used [0x00000007aaf80000,0x00000007aaff8000,0x00000007ab300000)
  to   space 1536K, 0% used [0x00000007ab300000,0x00000007ab300000,0x00000007ab480000)
 ParOldGen       total 2227712K, used 2227488K [0x0000000700000000, 0x0000000787f80000, 0x00000007aab00000)
  object space 2227712K, 99% used [0x0000000700000000,0x0000000787f483d8,0x0000000787f80000)
 Metaspace       used 97174K, committed 99328K, reserved 1179648K
  class space    used 9464K, committed 10496K, reserved 1048576K
}
Event: 27074.929 GC heap after
{Heap after GC invocations=14791 (full 9):
 PSYoungGen      total 4608K, used 224K [0x00000007aab00000, 0x00000007ab380000, 0x0000000800000000)
  eden space 4096K, 0% used [0x00000007aab00000,0x00000007aab00000,0x00000007aaf00000)
  from space 512K, 43% used [0x00000007ab300000,0x00000007ab338000,0x00000007ab380000)
  to   space 512K, 0% used [0x00000007ab280000,0x00000007ab280000,0x00000007ab300000)
 ParOldGen       total 2228224K, used 2227800K [0x0000000700000000, 0x0000000788000000, 0x00000007aab00000)
  object space 2228224K, 99% used [0x0000000700000000,0x0000000787f963d8,0x0000000788000000)
 Metaspace       used 97174K, committed 99328K, reserved 1179648K
  class space    used 9464K, committed 10496K, reserved 1048576K
}
Event: 27075.108 GC heap before
{Heap before GC invocations=14792 (full 9):
 PSYoungGen      total 4608K, used 4320K [0x00000007aab00000, 0x00000007ab380000, 0x0000000800000000)
  eden space 4096K, 100% used [0x00000007aab00000,0x00000007aaf00000,0x00000007aaf00000)
  from space 512K, 43% used [0x00000007ab300000,0x00000007ab338000,0x00000007ab380000)
  to   space 512K, 0% used [0x00000007ab280000,0x00000007ab280000,0x00000007ab300000)
 ParOldGen       total 2228224K, used 2227800K [0x0000000700000000, 0x0000000788000000, 0x00000007aab00000)
  object space 2228224K, 99% used [0x0000000700000000,0x0000000787f963d8,0x0000000788000000)
 Metaspace       used 97174K, committed 99328K, reserved 1179648K
  class space    used 9464K, committed 10496K, reserved 1048576K
}
Event: 27075.114 GC heap after
{Heap after GC invocations=14792 (full 9):
 PSYoungGen      total 4608K, used 256K [0x00000007aab00000, 0x00000007ab380000, 0x0000000800000000)
  eden space 4096K, 0% used [0x00000007aab00000,0x00000007aab00000,0x00000007aaf00000)
  from space 512K, 50% used [0x00000007ab280000,0x00000007ab2c0000,0x00000007ab300000)
  to   space 512K, 0% used [0x00000007ab300000,0x00000007ab300000,0x00000007ab380000)
 ParOldGen       total 2228224K, used 2227816K [0x0000000700000000, 0x0000000788000000, 0x00000007aab00000)
  object space 2228224K, 99% used [0x0000000700000000,0x0000000787f9a3d8,0x0000000788000000)
 Metaspace       used 97174K, committed 99328K, reserved 1179648K
  class space    used 9464K, committed 10496K, reserved 1048576K
}
Event: 27075.221 GC heap before
{Heap before GC invocations=14793 (full 9):
 PSYoungGen      total 4608K, used 4352K [0x00000007aab00000, 0x00000007ab380000, 0x0000000800000000)
  eden space 4096K, 100% used [0x00000007aab00000,0x00000007aaf00000,0x00000007aaf00000)
  from space 512K, 50% used [0x00000007ab280000,0x00000007ab2c0000,0x00000007ab300000)
  to   space 512K, 0% used [0x00000007ab300000,0x00000007ab300000,0x00000007ab380000)
 ParOldGen       total 2228224K, used 2227816K [0x0000000700000000, 0x0000000788000000, 0x00000007aab00000)
  object space 2228224K, 99% used [0x0000000700000000,0x0000000787f9a3d8,0x0000000788000000)
 Metaspace       used 97174K, committed 99328K, reserved 1179648K
  class space    used 9464K, committed 10496K, reserved 1048576K
}
Event: 27075.224 GC heap after
{Heap after GC invocations=14793 (full 9):
 PSYoungGen      total 4608K, used 224K [0x00000007aab00000, 0x00000007ab380000, 0x0000000800000000)
  eden space 4096K, 0% used [0x00000007aab00000,0x00000007aab00000,0x00000007aaf00000)
  from space 512K, 43% used [0x00000007ab300000,0x00000007ab338000,0x00000007ab380000)
  to   space 512K, 0% used [0x00000007ab280000,0x00000007ab280000,0x00000007ab300000)
 ParOldGen       total 2228224K, used 2227832K [0x0000000700000000, 0x0000000788000000, 0x00000007aab00000)
  object space 2228224K, 99% used [0x0000000700000000,0x0000000787f9e3d8,0x0000000788000000)
 Metaspace       used 97174K, committed 99328K, reserved 1179648K
  class space    used 9464K, committed 10496K, reserved 1048576K
}
Event: 27075.359 GC heap before
{Heap before GC invocations=14794 (full 9):
 PSYoungGen      total 4608K, used 4319K [0x00000007aab00000, 0x00000007ab380000, 0x0000000800000000)
  eden space 4096K, 99% used [0x00000007aab00000,0x00000007aaefffb8,0x00000007aaf00000)
  from space 512K, 43% used [0x00000007ab300000,0x00000007ab338000,0x00000007ab380000)
  to   space 512K, 0% used [0x00000007ab280000,0x00000007ab280000,0x00000007ab300000)
 ParOldGen       total 2228224K, used 2227832K [0x0000000700000000, 0x0000000788000000, 0x00000007aab00000)
  object space 2228224K, 99% used [0x0000000700000000,0x0000000787f9e3d8,0x0000000788000000)
 Metaspace       used 97174K, committed 99328K, reserved 1179648K
  class space    used 9464K, committed 10496K, reserved 1048576K
}
Event: 27075.365 GC heap after
{Heap after GC invocations=14794 (full 9):
 PSYoungGen      total 4608K, used 250K [0x00000007aab00000, 0x00000007ab380000, 0x0000000800000000)
  eden space 4096K, 0% used [0x00000007aab00000,0x00000007aab00000,0x00000007aaf00000)
  from space 512K, 48% used [0x00000007ab280000,0x00000007ab2be900,0x00000007ab300000)
  to   space 512K, 0% used [0x00000007ab300000,0x00000007ab300000,0x00000007ab380000)
 ParOldGen       total 2228224K, used 2227872K [0x0000000700000000, 0x0000000788000000, 0x00000007aab00000)
  object space 2228224K, 99% used [0x0000000700000000,0x0000000787fa83d8,0x0000000788000000)
 Metaspace       used 97174K, committed 99328K, reserved 1179648K
  class space    used 9464K, committed 10496K, reserved 1048576K
}
Event: 27075.389 GC heap before
{Heap before GC invocations=14795 (full 9):
 PSYoungGen      total 4608K, used 4346K [0x00000007aab00000, 0x00000007ab380000, 0x0000000800000000)
  eden space 4096K, 100% used [0x00000007aab00000,0x00000007aaf00000,0x00000007aaf00000)
  from space 512K, 48% used [0x00000007ab280000,0x00000007ab2be900,0x00000007ab300000)
  to   space 512K, 0% used [0x00000007ab300000,0x00000007ab300000,0x00000007ab380000)
 ParOldGen       total 2228224K, used 2227872K [0x0000000700000000, 0x0000000788000000, 0x00000007aab00000)
  object space 2228224K, 99% used [0x0000000700000000,0x0000000787fa83d8,0x0000000788000000)
 Metaspace       used 97174K, committed 99328K, reserved 1179648K
  class space    used 9464K, committed 10496K, reserved 1048576K
}
Event: 27075.394 GC heap after
{Heap after GC invocations=14795 (full 9):
 PSYoungGen      total 4608K, used 480K [0x00000007aab00000, 0x00000007ab600000, 0x0000000800000000)
  eden space 4096K, 0% used [0x00000007aab00000,0x00000007aab00000,0x00000007aaf00000)
  from space 512K, 93% used [0x00000007ab300000,0x00000007ab378378,0x00000007ab380000)
  to   space 3584K, 0% used [0x00000007aaf00000,0x00000007aaf00000,0x00000007ab280000)
 ParOldGen       total 2230784K, used 2230374K [0x0000000700000000, 0x0000000788280000, 0x00000007aab00000)
  object space 2230784K, 99% used [0x0000000700000000,0x0000000788219960,0x0000000788280000)
 Metaspace       used 97174K, committed 99328K, reserved 1179648K
  class space    used 9464K, committed 10496K, reserved 1048576K
}
Event: 27075.443 GC heap before
{Heap before GC invocations=14796 (full 9):
 PSYoungGen      total 4608K, used 4576K [0x00000007aab00000, 0x00000007ab600000, 0x0000000800000000)
  eden space 4096K, 100% used [0x00000007aab00000,0x00000007aaf00000,0x00000007aaf00000)
  from space 512K, 93% used [0x00000007ab300000,0x00000007ab378378,0x00000007ab380000)
  to   space 3584K, 0% used [0x00000007aaf00000,0x00000007aaf00000,0x00000007ab280000)
 ParOldGen       total 2230784K, used 2230374K [0x0000000700000000, 0x0000000788280000, 0x00000007aab00000)
  object space 2230784K, 99% used [0x0000000700000000,0x0000000788219960,0x0000000788280000)
 Metaspace       used 97174K, committed 99328K, reserved 1179648K
  class space    used 9464K, committed 10496K, reserved 1048576K
}
Event: 27075.453 GC heap after
{Heap after GC invocations=14796 (full 9):
 PSYoungGen      total 5120K, used 756K [0x00000007aab00000, 0x00000007ab380000, 0x0000000800000000)
  eden space 4096K, 0% used [0x00000007aab00000,0x00000007aab00000,0x00000007aaf00000)
  from space 1024K, 73% used [0x00000007aaf00000,0x00000007aafbd200,0x00000007ab000000)
  to   space 2048K, 0% used [0x00000007ab180000,0x00000007ab180000,0x00000007ab380000)
 ParOldGen       total 2230784K, used 2230686K [0x0000000700000000, 0x0000000788280000, 0x00000007aab00000)
  object space 2230784K, 99% used [0x0000000700000000,0x0000000788267960,0x0000000788280000)
 Metaspace       used 97174K, committed 99328K, reserved 1179648K
  class space    used 9464K, committed 10496K, reserved 1048576K
}
Event: 27075.840 GC heap before
{Heap before GC invocations=14797 (full 9):
 PSYoungGen      total 5120K, used 4852K [0x00000007aab00000, 0x00000007ab380000, 0x0000000800000000)
  eden space 4096K, 99% used [0x00000007aab00000,0x00000007aaeffff8,0x00000007aaf00000)
  from space 1024K, 73% used [0x00000007aaf00000,0x00000007aafbd200,0x00000007ab000000)
  to   space 2048K, 0% used [0x00000007ab180000,0x00000007ab180000,0x00000007ab380000)
 ParOldGen       total 2230784K, used 2230686K [0x0000000700000000, 0x0000000788280000, 0x00000007aab00000)
  object space 2230784K, 99% used [0x0000000700000000,0x0000000788267960,0x0000000788280000)
 Metaspace       used 97174K, committed 99328K, reserved 1179648K
  class space    used 9464K, committed 10496K, reserved 1048576K
}
Event: 27075.848 GC heap after
{Heap after GC invocations=14797 (full 9):
 PSYoungGen      total 5120K, used 596K [0x00000007aab00000, 0x00000007ab280000, 0x0000000800000000)
  eden space 4096K, 0% used [0x00000007aab00000,0x00000007aab00000,0x00000007aaf00000)
  from space 1024K, 58% used [0x00000007ab180000,0x00000007ab215200,0x00000007ab280000)
  to   space 1024K, 0% used [0x00000007aaf00000,0x00000007aaf00000,0x00000007ab000000)
 ParOldGen       total 2231296K, used 2231290K [0x0000000700000000, 0x0000000788300000, 0x00000007aab00000)
  object space 2231296K, 99% used [0x0000000700000000,0x00000007882feb70,0x0000000788300000)
 Metaspace       used 97174K, committed 99328K, reserved 1179648K
  class space    used 9464K, committed 10496K, reserved 1048576K
}
Event: 27075.865 GC heap before
{Heap before GC invocations=14798 (full 9):
 PSYoungGen      total 5120K, used 4692K [0x00000007aab00000, 0x00000007ab280000, 0x0000000800000000)
  eden space 4096K, 100% used [0x00000007aab00000,0x00000007aaf00000,0x00000007aaf00000)
  from space 1024K, 58% used [0x00000007ab180000,0x00000007ab215200,0x00000007ab280000)
  to   space 1024K, 0% used [0x00000007aaf00000,0x00000007aaf00000,0x00000007ab000000)
 ParOldGen       total 2231296K, used 2231290K [0x0000000700000000, 0x0000000788300000, 0x00000007aab00000)
  object space 2231296K, 99% used [0x0000000700000000,0x00000007882feb70,0x0000000788300000)
 Metaspace       used 97174K, committed 99328K, reserved 1179648K
  class space    used 9464K, committed 10496K, reserved 1048576K
}
Event: 27075.869 GC heap after
{Heap after GC invocations=14798 (full 9):
 PSYoungGen      total 5120K, used 740K [0x00000007aab00000, 0x00000007ab200000, 0x0000000800000000)
  eden space 4096K, 0% used [0x00000007aab00000,0x00000007aab00000,0x00000007aaf00000)
  from space 1024K, 72% used [0x00000007aaf00000,0x00000007aafb9210,0x00000007ab000000)
  to   space 1024K, 0% used [0x00000007ab100000,0x00000007ab100000,0x00000007ab200000)
 ParOldGen       total 2231808K, used 2231698K [0x0000000700000000, 0x0000000788380000, 0x00000007aab00000)
  object space 2231808K, 99% used [0x0000000700000000,0x0000000788364b70,0x0000000788380000)
 Metaspace       used 97174K, committed 99328K, reserved 1179648K
  class space    used 9464K, committed 10496K, reserved 1048576K
}
Event: 27076.166 GC heap before
{Heap before GC invocations=14799 (full 9):
 PSYoungGen      total 5120K, used 4836K [0x00000007aab00000, 0x00000007ab200000, 0x0000000800000000)
  eden space 4096K, 100% used [0x00000007aab00000,0x00000007aaf00000,0x00000007aaf00000)
  from space 1024K, 72% used [0x00000007aaf00000,0x00000007aafb9210,0x00000007ab000000)
  to   space 1024K, 0% used [0x00000007ab100000,0x00000007ab100000,0x00000007ab200000)
 ParOldGen       total 2231808K, used 2231698K [0x0000000700000000, 0x0000000788380000, 0x00000007aab00000)
  object space 2231808K, 99% used [0x0000000700000000,0x0000000788364b70,0x0000000788380000)
 Metaspace       used 97174K, committed 99328K, reserved 1179648K
  class space    used 9464K, committed 10496K, reserved 1048576K
}
Event: 27076.170 GC heap after
{Heap after GC invocations=14799 (full 9):
 PSYoungGen      total 4608K, used 256K [0x00000007aab00000, 0x00000007ab180000, 0x0000000800000000)
  eden space 4096K, 0% used [0x00000007aab00000,0x00000007aab00000,0x00000007aaf00000)
  from space 512K, 50% used [0x00000007ab100000,0x00000007ab140000,0x00000007ab180000)
  to   space 512K, 0% used [0x00000007ab080000,0x00000007ab080000,0x00000007ab100000)
 ParOldGen       total 2231808K, used 2231722K [0x0000000700000000, 0x0000000788380000, 0x00000007aab00000)
  object space 2231808K, 99% used [0x0000000700000000,0x000000078836ab70,0x0000000788380000)
 Metaspace       used 97174K, committed 99328K, reserved 1179648K
  class space    used 9464K, committed 10496K, reserved 1048576K
}
Event: 27076.750 GC heap before
{Heap before GC invocations=14800 (full 9):
 PSYoungGen      total 4608K, used 4352K [0x00000007aab00000, 0x00000007ab180000, 0x0000000800000000)
  eden space 4096K, 100% used [0x00000007aab00000,0x00000007aaf00000,0x00000007aaf00000)
  from space 512K, 50% used [0x00000007ab100000,0x00000007ab140000,0x00000007ab180000)
  to   space 512K, 0% used [0x00000007ab080000,0x00000007ab080000,0x00000007ab100000)
 ParOldGen       total 2231808K, used 2231722K [0x0000000700000000, 0x0000000788380000, 0x00000007aab00000)
  object space 2231808K, 99% used [0x0000000700000000,0x000000078836ab70,0x0000000788380000)
 Metaspace       used 97174K, committed 99328K, reserved 1179648K
  class space    used 9464K, committed 10496K, reserved 1048576K
}
Event: 27076.756 GC heap after
{Heap after GC invocations=14800 (full 9):
 PSYoungGen      total 4608K, used 500K [0x00000007aab00000, 0x00000007ab180000, 0x0000000800000000)
  eden space 4096K, 0% used [0x00000007aab00000,0x00000007aab00000,0x00000007aaf00000)
  from space 512K, 97% used [0x00000007ab080000,0x00000007ab0fd200,0x00000007ab100000)
  to   space 512K, 0% used [0x00000007ab100000,0x00000007ab100000,0x00000007ab180000)
 ParOldGen       total 2232320K, used 2231930K [0x0000000700000000, 0x0000000788400000, 0x00000007aab00000)
  object space 2232320K, 99% used [0x0000000700000000,0x000000078839eb70,0x0000000788400000)
 Metaspace       used 97174K, committed 99328K, reserved 1179648K
  class space    used 9464K, committed 10496K, reserved 1048576K
}

Dll operation events (20 events):
Event: 0.238 Attempting to load shared library C:\Users\admin\.vscode\extensions\redhat.java-1.56.0-win32-x64\jre\21.0.12.1-win32-x86_64\bin\instrument.dll
Event: 0.238 Loaded shared library C:\Users\admin\.vscode\extensions\redhat.java-1.56.0-win32-x64\jre\21.0.12.1-win32-x86_64\bin\instrument.dll
Event: 0.253 Attempting to load shared library C:\Users\admin\.vscode\extensions\redhat.java-1.56.0-win32-x64\jre\21.0.12.1-win32-x86_64\bin\net.dll
Event: 0.255 Loaded shared library C:\Users\admin\.vscode\extensions\redhat.java-1.56.0-win32-x64\jre\21.0.12.1-win32-x86_64\bin\net.dll
Event: 0.261 Attempting to load shared library C:\Users\admin\.vscode\extensions\redhat.java-1.56.0-win32-x64\jre\21.0.12.1-win32-x86_64\bin\nio.dll
Event: 0.262 Loaded shared library C:\Users\admin\.vscode\extensions\redhat.java-1.56.0-win32-x64\jre\21.0.12.1-win32-x86_64\bin\nio.dll
Event: 0.273 Attempting to load shared library C:\Users\admin\.vscode\extensions\redhat.java-1.56.0-win32-x64\jre\21.0.12.1-win32-x86_64\bin\zip.dll
Event: 0.273 Loaded shared library C:\Users\admin\.vscode\extensions\redhat.java-1.56.0-win32-x64\jre\21.0.12.1-win32-x86_64\bin\zip.dll
Event: 0.344 Attempting to load shared library C:\Users\admin\.vscode\extensions\redhat.java-1.56.0-win32-x64\jre\21.0.12.1-win32-x86_64\bin\jimage.dll
Event: 0.344 Loaded shared library C:\Users\admin\.vscode\extensions\redhat.java-1.56.0-win32-x64\jre\21.0.12.1-win32-x86_64\bin\jimage.dll
Event: 0.641 Attempting to load shared library c:\Users\admin\.vscode\extensions\redhat.java-1.56.0-win32-x64\jre\21.0.12.1-win32-x86_64\bin\verify.dll
Event: 0.642 Loaded shared library c:\Users\admin\.vscode\extensions\redhat.java-1.56.0-win32-x64\jre\21.0.12.1-win32-x86_64\bin\verify.dll
Event: 2.808 Attempting to load shared library C:\Users\admin\AppData\Roaming\Code\User\globalStorage\redhat.java\1.56.0\config_win\org.eclipse.equinox.launcher\org.eclipse.equinox.launcher.win32.win32.x86_64_1.3.100.v20260804-1928\eclipse_11924.dll
Event: 2.811 Loaded shared library C:\Users\admin\AppData\Roaming\Code\User\globalStorage\redhat.java\1.56.0\config_win\org.eclipse.equinox.launcher\org.eclipse.equinox.launcher.win32.win32.x86_64_1.3.100.v20260804-1928\eclipse_11924.dll
Event: 7.208 Attempting to load shared library C:\Users\admin\AppData\Local\Temp\jna-92668751\jna11832704963439299198.dll
Event: 7.346 Loaded shared library C:\Users\admin\AppData\Local\Temp\jna-92668751\jna11832704963439299198.dll
Event: 998.845 Attempting to load shared library C:\Users\admin\.vscode\extensions\redhat.java-1.56.0-win32-x64\jre\21.0.12.1-win32-x86_64\bin\sunmscapi.dll
Event: 998.854 Loaded shared library C:\Users\admin\.vscode\extensions\redhat.java-1.56.0-win32-x64\jre\21.0.12.1-win32-x86_64\bin\sunmscapi.dll
Event: 998.996 Attempting to load shared library C:\Users\admin\.vscode\extensions\redhat.java-1.56.0-win32-x64\jre\21.0.12.1-win32-x86_64\bin\extnet.dll
Event: 999.001 Loaded shared library C:\Users\admin\.vscode\extensions\redhat.java-1.56.0-win32-x64\jre\21.0.12.1-win32-x86_64\bin\extnet.dll

Deoptimization events (20 events):
Event: 27020.139 Thread 0x00000232fe012df0 Uncommon trap: trap_request=0xffffffc6 fr.pc=0x00000232e663876c relative=0x000000000000012c
Event: 27020.139 Thread 0x00000232fe012df0 Uncommon trap: reason=bimorphic_or_optimized_type_check action=maybe_recompile pc=0x00000232e663876c method=org.eclipse.jdt.internal.compiler.ast.LocalDeclaration.isRecoveredFromLoneIdentifier()Z @ 51 c2
Event: 27020.139 Thread 0x00000232fe012df0 DEOPT PACKING pc=0x00000232e663876c sp=0x0000006a6c4fe200
Event: 27020.139 Thread 0x00000232fe012df0 DEOPT UNPACKING pc=0x00000232e4333aa2 sp=0x0000006a6c4fe190 mode 2
Event: 27050.361 Thread 0x00000232fbe1b930 Uncommon trap: trap_request=0xffffff45 fr.pc=0x00000232e5f6cbf4 relative=0x0000000000000514
Event: 27050.361 Thread 0x00000232fbe1b930 Uncommon trap: reason=unstable_if action=reinterpret pc=0x00000232e5f6cbf4 method=org.eclipse.jdt.internal.codeassist.complete.CompletionParser.resumeOnSyntaxError()I @ 20 c2
Event: 27050.361 Thread 0x00000232fbe1b930 DEOPT PACKING pc=0x00000232e5f6cbf4 sp=0x0000006a6d2fdfb0
Event: 27050.361 Thread 0x00000232fbe1b930 DEOPT UNPACKING pc=0x00000232e4333aa2 sp=0x0000006a6d2fdf40 mode 2
Event: 27073.574 Thread 0x00000232fc6d7580 Uncommon trap: trap_request=0xffffff6e fr.pc=0x00000232e50a8464 relative=0x00000000000010e4
Event: 27073.574 Thread 0x00000232fc6d7580 Uncommon trap: reason=loop_limit_check action=maybe_recompile pc=0x00000232e50a8464 method=org.eclipse.jdt.internal.compiler.lookup.MethodVerifier.computeMethods()V @ 140 c2
Event: 27073.574 Thread 0x00000232fc6d7580 DEOPT PACKING pc=0x00000232e50a8464 sp=0x0000006a69dfe0d0
Event: 27073.574 Thread 0x00000232fc6d7580 DEOPT UNPACKING pc=0x00000232e4333aa2 sp=0x0000006a69dfe090 mode 2
Event: 27073.744 Thread 0x00000232fc6d7580 Uncommon trap: trap_request=0xffffffc6 fr.pc=0x00000232e4c65894 relative=0x00000000000027b4
Event: 27073.744 Thread 0x00000232fc6d7580 Uncommon trap: reason=bimorphic_or_optimized_type_check action=maybe_recompile pc=0x00000232e4c65894 method=org.eclipse.jdt.internal.compiler.ast.MessageSend.resolveType(Lorg/eclipse/jdt/internal/compiler/lookup/BlockScope;)Lorg/eclipse/jdt/internal/compi
Event: 27073.744 Thread 0x00000232fc6d7580 DEOPT PACKING pc=0x00000232e4c65894 sp=0x0000006a69dfdd00
Event: 27073.744 Thread 0x00000232fc6d7580 DEOPT UNPACKING pc=0x00000232e4333aa2 sp=0x0000006a69dfdc90 mode 2
Event: 27073.744 Thread 0x00000232fc6d7580 Uncommon trap: trap_request=0xffffffc6 fr.pc=0x00000232e4c65894 relative=0x00000000000027b4
Event: 27073.744 Thread 0x00000232fc6d7580 Uncommon trap: reason=bimorphic_or_optimized_type_check action=maybe_recompile pc=0x00000232e4c65894 method=org.eclipse.jdt.internal.compiler.ast.MessageSend.resolveType(Lorg/eclipse/jdt/internal/compiler/lookup/BlockScope;)Lorg/eclipse/jdt/internal/compi
Event: 27073.744 Thread 0x00000232fc6d7580 DEOPT PACKING pc=0x00000232e4c65894 sp=0x0000006a69dfdd00
Event: 27073.744 Thread 0x00000232fc6d7580 DEOPT UNPACKING pc=0x00000232e4333aa2 sp=0x0000006a69dfdc90 mode 2

Classes loaded (20 events):
Event: 1001.641 Loading class sun/security/ssl/PreSharedKeyExtension$PartialClientHelloMessage
Event: 1001.641 Loading class sun/security/ssl/PreSharedKeyExtension$PartialClientHelloMessage done
Event: 1001.641 Loading class sun/security/ssl/SSLEngineOutputRecord
Event: 1001.642 Loading class sun/security/ssl/SSLEngineOutputRecord done
Event: 1001.642 Loading class sun/security/ssl/SSLEngineOutputRecord$HandshakeFragment
Event: 1001.643 Loading class sun/security/ssl/SSLEngineOutputRecord$HandshakeFragment done
Event: 1001.643 Loading class sun/security/ssl/SSLEngineOutputRecord$HandshakeMemo
Event: 1001.643 Loading class sun/security/ssl/SSLEngineOutputRecord$RecordMemo
Event: 1001.644 Loading class sun/security/ssl/SSLEngineOutputRecord$RecordMemo done
Event: 1001.644 Loading class sun/security/ssl/SSLEngineOutputRecord$HandshakeMemo done
Event: 1001.717 Loading class sun/security/ssl/PreSharedKeyExtension$SHPreSharedKeySpec
Event: 1001.717 Loading class sun/security/ssl/PreSharedKeyExtension$SHPreSharedKeySpec done
Event: 1005.590 Loading class java/util/Collections$EmptyListIterator
Event: 1005.590 Loading class java/util/Collections$EmptyListIterator done
Event: 3602.640 Loading class java/util/ArrayDeque$DeqSpliterator
Event: 3602.641 Loading class java/util/ArrayDeque$DeqSpliterator done
Event: 25504.997 Loading class java/lang/Throwable$WrappedPrintWriter
Event: 25504.998 Loading class java/lang/Throwable$PrintStreamOrWriter
Event: 25504.999 Loading class java/lang/Throwable$PrintStreamOrWriter done
Event: 25504.999 Loading class java/lang/Throwable$WrappedPrintWriter done

Classes unloaded (20 events):
Event: 26509.830 Thread 0x00000232d789e990 Unloading class 0x0000023281014800 'java/lang/invoke/LambdaForm$MH+0x0000023281014800'
Event: 26509.830 Thread 0x00000232d789e990 Unloading class 0x000002328100d800 'java/lang/invoke/LambdaForm$MH+0x000002328100d800'
Event: 26509.830 Thread 0x00000232d789e990 Unloading class 0x000002328100d400 'java/lang/invoke/LambdaForm$MH+0x000002328100d400'
Event: 26509.830 Thread 0x00000232d789e990 Unloading class 0x000002328100d000 'java/lang/invoke/LambdaForm$MH+0x000002328100d000'
Event: 26509.830 Thread 0x00000232d789e990 Unloading class 0x000002328100cc00 'java/lang/invoke/LambdaForm$MH+0x000002328100cc00'
Event: 26509.830 Thread 0x00000232d789e990 Unloading class 0x000002328100c800 'java/lang/invoke/LambdaForm$BMH+0x000002328100c800'
Event: 26509.830 Thread 0x00000232d789e990 Unloading class 0x000002328100c000 'java/lang/invoke/LambdaForm$DMH+0x000002328100c000'
Event: 26509.830 Thread 0x00000232d789e990 Unloading class 0x0000023281008c00 'java/lang/invoke/LambdaForm$MH+0x0000023281008c00'
Event: 26509.830 Thread 0x00000232d789e990 Unloading class 0x0000023281008800 'java/lang/invoke/LambdaForm$MH+0x0000023281008800'
Event: 26509.830 Thread 0x00000232d789e990 Unloading class 0x0000023281008400 'java/lang/invoke/LambdaForm$MH+0x0000023281008400'
Event: 26509.830 Thread 0x00000232d789e990 Unloading class 0x0000023281007000 'java/lang/invoke/LambdaForm$MH+0x0000023281007000'
Event: 26509.830 Thread 0x00000232d789e990 Unloading class 0x0000023281006800 'java/lang/invoke/LambdaForm$MH+0x0000023281006800'
Event: 26509.830 Thread 0x00000232d789e990 Unloading class 0x0000023281006400 'java/lang/invoke/LambdaForm$MH+0x0000023281006400'
Event: 26509.830 Thread 0x00000232d789e990 Unloading class 0x0000023281006000 'java/lang/invoke/LambdaForm$MH+0x0000023281006000'
Event: 26509.830 Thread 0x00000232d789e990 Unloading class 0x0000023281005c00 'java/lang/invoke/LambdaForm$BMH+0x0000023281005c00'
Event: 26509.830 Thread 0x00000232d789e990 Unloading class 0x0000023281004800 'java/lang/invoke/LambdaForm$DMH+0x0000023281004800'
Event: 26509.830 Thread 0x00000232d789e990 Unloading class 0x0000023281002400 'java/lang/invoke/LambdaForm$MH+0x0000023281002400'
Event: 26509.830 Thread 0x00000232d789e990 Unloading class 0x0000023281002000 'java/lang/invoke/LambdaForm$MH+0x0000023281002000'
Event: 26509.830 Thread 0x00000232d789e990 Unloading class 0x0000023281001800 'java/lang/invoke/LambdaForm$MH+0x0000023281001800'
Event: 26509.830 Thread 0x00000232d789e990 Unloading class 0x0000023281000400 'java/lang/invoke/LambdaForm$MH+0x0000023281000400'

Classes redefined (0 events):
No events

Internal exceptions (20 events):
Event: 25522.065 Thread 0x00000232fb0efb10 Exception <a 'sun/nio/fs/WindowsException'{0x00000007aae66b48}> (0x00000007aae66b48) 
thrown [s\src\hotspot\share\prims\jni.cpp, line 520]
Event: 25522.133 Thread 0x00000232fb0efb10 Exception <a 'sun/nio/fs/WindowsException'{0x00000007aabc4b40}> (0x00000007aabc4b40) 
thrown [s\src\hotspot\share\prims\jni.cpp, line 520]
Event: 25703.121 Thread 0x00000232fb0efb10 Exception <a 'sun/nio/fs/WindowsException'{0x00000007aabace70}> (0x00000007aabace70) 
thrown [s\src\hotspot\share\prims\jni.cpp, line 520]
Event: 25703.181 Thread 0x00000232fb0efb10 Exception <a 'sun/nio/fs/WindowsException'{0x00000007ab0a4ee8}> (0x00000007ab0a4ee8) 
thrown [s\src\hotspot\share\prims\jni.cpp, line 520]
Event: 25756.388 Thread 0x00000232fdf5dbf0 Exception <a 'sun/nio/fs/WindowsException'{0x00000007aad262c0}> (0x00000007aad262c0) 
thrown [s\src\hotspot\share\prims\jni.cpp, line 520]
Event: 25756.388 Thread 0x00000232fdf5dbf0 Exception <a 'sun/nio/fs/WindowsException'{0x00000007aad26c88}> (0x00000007aad26c88) 
thrown [s\src\hotspot\share\prims\jni.cpp, line 520]
Event: 26537.012 Thread 0x00000232fc6dbdb0 Implicit null exception at 0x00000232e525c919 to 0x00000232e525df10
Event: 26537.012 Thread 0x00000232fc6dbdb0 Implicit null exception at 0x00000232e521323a to 0x00000232e52134e0
Event: 26537.013 Thread 0x00000232fc6dbdb0 Implicit null exception at 0x00000232e4afb613 to 0x00000232e4afb6c5
Event: 26537.021 Thread 0x00000232fe018340 Implicit null exception at 0x00000232e6161f00 to 0x00000232e6163458
Event: 26537.030 Thread 0x00000232fe018340 Implicit null exception at 0x00000232e517b13a to 0x00000232e517b3f9
Event: 26537.030 Thread 0x00000232fe018340 Implicit null exception at 0x00000232e520aad1 to 0x00000232e520e168
Event: 26537.031 Thread 0x00000232fe018340 Exception <a 'java/lang/NoSuchMethodError'{0x00000007aab35068}: 'int java.lang.invoke.DirectMethodHandle$Holder.invokeVirtual(java.lang.Object, java.lang.Object, java.lang.Object, int)'> (0x00000007aab35068) 
thrown [s\src\hotspot\share\interpreter\linkResolver.cpp, line 773]
Event: 26537.032 Thread 0x00000232fe018340 Implicit null exception at 0x00000232e506f72e to 0x00000232e5070b94
Event: 26638.670 Thread 0x00000232fbe1b930 Implicit null exception at 0x00000232e5138505 to 0x00000232e513a1b4
Event: 26669.115 Thread 0x00000232fc6d7580 Implicit null exception at 0x00000232e4c2eb6e to 0x00000232e4c2ed59
Event: 26683.054 Thread 0x00000232fe0120d0 Implicit null exception at 0x00000232e6200a95 to 0x00000232e62035ac
Event: 26752.271 Thread 0x00000232fe017620 Implicit null exception at 0x00000232e4d59069 to 0x00000232e4d5a2d4
Event: 26813.600 Thread 0x00000232fc6d7580 Implicit null exception at 0x00000232e4c6bc20 to 0x00000232e4c6cc68
Event: 26813.600 Thread 0x00000232fc6d7580 Implicit null exception at 0x00000232e4ffd134 to 0x00000232e4ffd990

ZGC Phase Switch (0 events):
No events

VM Operations (20 events):
Event: 27074.929 Executing safepoint VM operation: ParallelGCFailedAllocation (Allocation Failure) done
Event: 27075.108 Executing safepoint VM operation: ParallelGCFailedAllocation (Allocation Failure)
Event: 27075.114 Executing safepoint VM operation: ParallelGCFailedAllocation (Allocation Failure) done
Event: 27075.221 Executing safepoint VM operation: ParallelGCFailedAllocation (Allocation Failure)
Event: 27075.224 Executing safepoint VM operation: ParallelGCFailedAllocation (Allocation Failure) done
Event: 27075.359 Executing safepoint VM operation: ParallelGCFailedAllocation (Allocation Failure)
Event: 27075.365 Executing safepoint VM operation: ParallelGCFailedAllocation (Allocation Failure) done
Event: 27075.389 Executing safepoint VM operation: ParallelGCFailedAllocation (Allocation Failure)
Event: 27075.394 Executing safepoint VM operation: ParallelGCFailedAllocation (Allocation Failure) done
Event: 27075.443 Executing safepoint VM operation: ParallelGCFailedAllocation (Allocation Failure)
Event: 27075.453 Executing safepoint VM operation: ParallelGCFailedAllocation (Allocation Failure) done
Event: 27075.840 Executing safepoint VM operation: ParallelGCFailedAllocation (Allocation Failure)
Event: 27075.849 Executing safepoint VM operation: ParallelGCFailedAllocation (Allocation Failure) done
Event: 27075.865 Executing safepoint VM operation: ParallelGCFailedAllocation (Allocation Failure)
Event: 27075.869 Executing safepoint VM operation: ParallelGCFailedAllocation (Allocation Failure) done
Event: 27076.166 Executing safepoint VM operation: ParallelGCFailedAllocation (Allocation Failure)
Event: 27076.170 Executing safepoint VM operation: ParallelGCFailedAllocation (Allocation Failure) done
Event: 27076.750 Executing safepoint VM operation: ParallelGCFailedAllocation (Allocation Failure)
Event: 27076.756 Executing safepoint VM operation: ParallelGCFailedAllocation (Allocation Failure) done
Event: 27077.164 Executing safepoint VM operation: ParallelGCFailedAllocation (Allocation Failure)

Memory protections (0 events):
No events

Nmethod flushes (20 events):
Event: 26509.981 Thread 0x00000232d789e990 flushing  nmethod 0x00000232e040d290
Event: 26509.981 Thread 0x00000232d789e990 flushing  nmethod 0x00000232e043ec10
Event: 26509.981 Thread 0x00000232d789e990 flushing  nmethod 0x00000232e0442190
Event: 26509.981 Thread 0x00000232d789e990 flushing  nmethod 0x00000232e0452310
Event: 26509.981 Thread 0x00000232d789e990 flushing  nmethod 0x00000232e0452710
Event: 26509.981 Thread 0x00000232d789e990 flushing  nmethod 0x00000232e045dc90
Event: 26509.981 Thread 0x00000232d789e990 flushing  nmethod 0x00000232e0464390
Event: 26509.981 Thread 0x00000232d789e990 flushing  nmethod 0x00000232e0464890
Event: 26509.981 Thread 0x00000232d789e990 flushing  nmethod 0x00000232e0469910
Event: 26509.981 Thread 0x00000232d789e990 flushing  nmethod 0x00000232e0469d90
Event: 26509.981 Thread 0x00000232d789e990 flushing  nmethod 0x00000232e046a190
Event: 26509.981 Thread 0x00000232d789e990 flushing  nmethod 0x00000232e046ac10
Event: 26509.981 Thread 0x00000232d789e990 flushing  nmethod 0x00000232e049da90
Event: 26509.981 Thread 0x00000232d789e990 flushing  nmethod 0x00000232e04a1210
Event: 26509.981 Thread 0x00000232d789e990 flushing  nmethod 0x00000232e04b1490
Event: 26509.981 Thread 0x00000232d789e990 flushing  nmethod 0x00000232e04c5710
Event: 26509.981 Thread 0x00000232d789e990 flushing  nmethod 0x00000232e04cda90
Event: 26509.981 Thread 0x00000232d789e990 flushing  nmethod 0x00000232e04cf090
Event: 26509.981 Thread 0x00000232d789e990 flushing  nmethod 0x00000232e04d3210
Event: 26509.981 Thread 0x00000232d789e990 flushing  nmethod 0x00000232e04db690

Events (20 events):
Event: 26508.782 Thread 0x00000232fbe1b930 Thread added: 0x00000232fe017620
Event: 26537.018 Thread 0x00000232f4fbcbb0 Thread added: 0x00000232fe6b3300
Event: 26537.400 Thread 0x00000232fc6daa00 Thread added: 0x00000232fe016f90
Event: 26540.910 Thread 0x00000232fe6b3300 Thread exited: 0x00000232fe6b3300
Event: 26563.586 Thread 0x00000232fe018340 Thread added: 0x00000232fe015be0
Event: 26569.109 Thread 0x00000232fe017620 Thread exited: 0x00000232fe017620
Event: 26615.232 Thread 0x00000232fbe1b930 Thread added: 0x00000232fe017620
Event: 26744.329 Thread 0x00000232fe017620 Thread exited: 0x00000232fe017620
Event: 26752.243 Thread 0x00000232fbe1b930 Thread added: 0x00000232fe017620
Event: 26752.282 Thread 0x00000232f4fbcbb0 Thread added: 0x00000232ff61a5a0
Event: 26752.282 Thread 0x00000232f4fbcbb0 Thread added: 0x00000232ff61ac70
Event: 26752.445 Thread 0x00000232ff61ac70 Thread exited: 0x00000232ff61ac70
Event: 26752.445 Thread 0x00000232ff61a5a0 Thread exited: 0x00000232ff61a5a0
Event: 26872.399 Thread 0x00000232fe017620 Thread exited: 0x00000232fe017620
Event: 26887.611 Thread 0x00000232fdf63140 Thread exited: 0x00000232fdf63140
Event: 26906.509 Thread 0x00000232fc6daa00 Thread exited: 0x00000232fc6daa00
Event: 26941.620 Thread 0x00000232fe016f90 Thread added: 0x00000232fdf5dbf0
Event: 26966.393 Thread 0x00000232fbe1b930 Thread added: 0x00000232fdf5efa0
Event: 26999.400 Thread 0x00000232f4f97c60 Thread added: 0x00000232ff61b340
Event: 26999.527 Thread 0x00000232ff61b340 Thread exited: 0x00000232ff61b340


Dynamic libraries:
0x00007ff721c70000 - 0x00007ff721c7e000 	c:\Users\admin\.vscode\extensions\redhat.java-1.56.0-win32-x64\jre\21.0.12.1-win32-x86_64\bin\java.exe
0x00007ffd0baa0000 - 0x00007ffd0bd07000 	C:\WINDOWS\SYSTEM32\ntdll.dll
0x00007ffd0ae80000 - 0x00007ffd0af49000 	C:\WINDOWS\System32\KERNEL32.DLL
0x00007ffd08370000 - 0x00007ffd08764000 	C:\WINDOWS\System32\KERNELBASE.dll
0x00007ffd05250000 - 0x00007ffd052ef000 	C:\WINDOWS\SYSTEM32\apphelp.dll
0x00007ffd09580000 - 0x00007ffd096cb000 	C:\WINDOWS\System32\ucrtbase.dll
0x00007ffceda80000 - 0x00007ffceda98000 	c:\Users\admin\.vscode\extensions\redhat.java-1.56.0-win32-x64\jre\21.0.12.1-win32-x86_64\bin\jli.dll
0x00007ffd0af50000 - 0x00007ffd0b115000 	C:\WINDOWS\System32\USER32.dll
0x00007ffced870000 - 0x00007ffced88e000 	c:\Users\admin\.vscode\extensions\redhat.java-1.56.0-win32-x64\jre\21.0.12.1-win32-x86_64\bin\VCRUNTIME140.dll
0x00007ffd09800000 - 0x00007ffd09827000 	C:\WINDOWS\System32\win32u.dll
0x00007ffd0b6a0000 - 0x00007ffd0b6cb000 	C:\WINDOWS\System32\GDI32.dll
0x00007ffd096d0000 - 0x00007ffd097fa000 	C:\WINDOWS\System32\gdi32full.dll
0x00007ffceab60000 - 0x00007ffceadf3000 	C:\WINDOWS\WinSxS\amd64_microsoft.windows.common-controls_6595b64144ccf1df_6.0.26100.8115_none_3e075c82e3354f9c\COMCTL32.dll
0x00007ffd08770000 - 0x00007ffd08813000 	C:\WINDOWS\System32\msvcp_win.dll
0x00007ffd0a270000 - 0x00007ffd0a319000 	C:\WINDOWS\System32\msvcrt.dll
0x00007ffd0b3d0000 - 0x00007ffd0b402000 	C:\WINDOWS\System32\IMM32.DLL
0x00007ffcf99e0000 - 0x00007ffcf99ec000 	c:\Users\admin\.vscode\extensions\redhat.java-1.56.0-win32-x64\jre\21.0.12.1-win32-x86_64\bin\vcruntime140_1.dll
0x00007ffcd4450000 - 0x00007ffcd44dd000 	c:\Users\admin\.vscode\extensions\redhat.java-1.56.0-win32-x64\jre\21.0.12.1-win32-x86_64\bin\msvcp140.dll
0x00007ffc504b0000 - 0x00007ffc51252000 	c:\Users\admin\.vscode\extensions\redhat.java-1.56.0-win32-x64\jre\21.0.12.1-win32-x86_64\bin\server\jvm.dll
0x00007ffd0b270000 - 0x00007ffd0b326000 	C:\WINDOWS\System32\ADVAPI32.dll
0x00007ffd0b1c0000 - 0x00007ffd0b267000 	C:\WINDOWS\System32\sechost.dll
0x00007ffd0a320000 - 0x00007ffd0a438000 	C:\WINDOWS\System32\RPCRT4.dll
0x00007ffd0adf0000 - 0x00007ffd0ae70000 	C:\WINDOWS\System32\WS2_32.dll
0x00007ffd081d0000 - 0x00007ffd0822e000 	C:\WINDOWS\SYSTEM32\POWRPROF.dll
0x00007ffd05ff0000 - 0x00007ffd05ffb000 	C:\WINDOWS\SYSTEM32\VERSION.dll
0x00007ffceea70000 - 0x00007ffceeaa6000 	C:\WINDOWS\SYSTEM32\WINMM.dll
0x00007ffd081b0000 - 0x00007ffd081c4000 	C:\WINDOWS\SYSTEM32\UMPDC.dll
0x00007ffd070c0000 - 0x00007ffd070db000 	C:\WINDOWS\SYSTEM32\kernel.appcore.dll
0x00007ffcf2040000 - 0x00007ffcf204a000 	c:\Users\admin\.vscode\extensions\redhat.java-1.56.0-win32-x64\jre\21.0.12.1-win32-x86_64\bin\jimage.dll
0x00007ffd05d50000 - 0x00007ffd05f92000 	C:\WINDOWS\SYSTEM32\DBGHELP.DLL
0x00007ffd0b6d0000 - 0x00007ffd0ba52000 	C:\WINDOWS\System32\combase.dll
0x00007ffd0b410000 - 0x00007ffd0b4e7000 	C:\WINDOWS\System32\OLEAUT32.dll
0x00007ffcf0280000 - 0x00007ffcf02bb000 	C:\WINDOWS\SYSTEM32\dbgcore.DLL
0x00007ffd08c60000 - 0x00007ffd08d05000 	C:\WINDOWS\System32\bcryptPrimitives.dll
0x00007ffcf0790000 - 0x00007ffcf079f000 	c:\Users\admin\.vscode\extensions\redhat.java-1.56.0-win32-x64\jre\21.0.12.1-win32-x86_64\bin\instrument.dll
0x00007ffce9b80000 - 0x00007ffce9ba0000 	c:\Users\admin\.vscode\extensions\redhat.java-1.56.0-win32-x64\jre\21.0.12.1-win32-x86_64\bin\java.dll
0x00007ffd0a520000 - 0x00007ffd0ac86000 	C:\WINDOWS\System32\SHELL32.dll
0x00007ffd08af0000 - 0x00007ffd08c5a000 	C:\WINDOWS\System32\wintypes.dll
0x00007ffd08d10000 - 0x00007ffd09575000 	C:\WINDOWS\System32\windows.storage.dll
0x00007ffd09930000 - 0x00007ffd09a27000 	C:\WINDOWS\System32\SHCORE.dll
0x00007ffd0a130000 - 0x00007ffd0a196000 	C:\WINDOWS\System32\shlwapi.dll
0x00007ffd08290000 - 0x00007ffd082b9000 	C:\WINDOWS\SYSTEM32\profapi.dll
0x00007ffce3760000 - 0x00007ffce3778000 	c:\Users\admin\.vscode\extensions\redhat.java-1.56.0-win32-x64\jre\21.0.12.1-win32-x86_64\bin\zip.dll
0x00007ffcef2e0000 - 0x00007ffcef2f0000 	C:\Users\admin\.vscode\extensions\redhat.java-1.56.0-win32-x64\jre\21.0.12.1-win32-x86_64\bin\net.dll
0x00007ffd01d50000 - 0x00007ffd01e7d000 	C:\WINDOWS\SYSTEM32\WINHTTP.dll
0x00007ffd07610000 - 0x00007ffd0767c000 	C:\WINDOWS\system32\mswsock.dll
0x00007ffce2950000 - 0x00007ffce2966000 	C:\Users\admin\.vscode\extensions\redhat.java-1.56.0-win32-x64\jre\21.0.12.1-win32-x86_64\bin\nio.dll
0x00007ffcedb10000 - 0x00007ffcedb20000 	c:\Users\admin\.vscode\extensions\redhat.java-1.56.0-win32-x64\jre\21.0.12.1-win32-x86_64\bin\verify.dll
0x00007ffcd4e50000 - 0x00007ffcd4e95000 	C:\Users\admin\AppData\Roaming\Code\User\globalStorage\redhat.java\1.56.0\config_win\org.eclipse.equinox.launcher\org.eclipse.equinox.launcher.win32.win32.x86_64_1.3.100.v20260804-1928\eclipse_11924.dll
0x00007ffd0b500000 - 0x00007ffd0b697000 	C:\WINDOWS\System32\ole32.dll
0x00007ffd07a10000 - 0x00007ffd07a2b000 	C:\WINDOWS\SYSTEM32\CRYPTSP.dll
0x00007ffd07020000 - 0x00007ffd07059000 	C:\WINDOWS\system32\rsaenh.dll
0x00007ffd076c0000 - 0x00007ffd076f3000 	C:\WINDOWS\SYSTEM32\USERENV.dll
0x00007ffd08260000 - 0x00007ffd0828a000 	C:\WINDOWS\SYSTEM32\bcrypt.dll
0x00007ffd07870000 - 0x00007ffd0787c000 	C:\WINDOWS\SYSTEM32\CRYPTBASE.dll
0x00007ffd06bf0000 - 0x00007ffd06c22000 	C:\WINDOWS\SYSTEM32\IPHLPAPI.DLL
0x00007ffd0b4f0000 - 0x00007ffd0b4fa000 	C:\WINDOWS\System32\NSI.dll
0x00007ffcd3970000 - 0x00007ffcd39b9000 	C:\Users\admin\AppData\Local\Temp\jna-92668751\jna11832704963439299198.dll
0x00007ffd0a260000 - 0x00007ffd0a268000 	C:\WINDOWS\System32\PSAPI.DLL
0x00007ffd01eb0000 - 0x00007ffd01ecd000 	C:\WINDOWS\SYSTEM32\dhcpcsvc6.DLL
0x00007ffd01e80000 - 0x00007ffd01ea5000 	C:\WINDOWS\SYSTEM32\dhcpcsvc.DLL
0x00007ffd051d0000 - 0x00007ffd051de000 	C:\Users\admin\.vscode\extensions\redhat.java-1.56.0-win32-x64\jre\21.0.12.1-win32-x86_64\bin\sunmscapi.dll
0x00007ffd08820000 - 0x00007ffd08997000 	C:\WINDOWS\System32\CRYPT32.dll
0x00007ffd07b70000 - 0x00007ffd07ba0000 	C:\WINDOWS\SYSTEM32\ncrypt.dll
0x00007ffd07b20000 - 0x00007ffd07b5f000 	C:\WINDOWS\SYSTEM32\NTASN1.dll
0x00007ffd06c30000 - 0x00007ffd06d62000 	C:\WINDOWS\SYSTEM32\DNSAPI.dll
0x00007ffcff5a0000 - 0x00007ffcff5ab000 	C:\Windows\System32\rasadhlp.dll
0x00007ffd01fc0000 - 0x00007ffd02046000 	C:\WINDOWS\System32\fwpuclnt.dll
0x00007ffcf9fc0000 - 0x00007ffcf9fc9000 	C:\Users\admin\.vscode\extensions\redhat.java-1.56.0-win32-x64\jre\21.0.12.1-win32-x86_64\bin\extnet.dll

JVMTI agents:
c:\Users\admin\.vscode\extensions\redhat.java-1.56.0-win32-x64\lombok\lombok-1.18.39-4050.jar path:c:\Users\admin\.vscode\extensions\redhat.java-1.56.0-win32-x64\jre\21.0.12.1-win32-x86_64\bin\instrument.dll, loaded, initialized, instrumentlib options:none

dbghelp: loaded successfully - version: 4.0.5 - missing functions: none
symbol engine: initialized successfully - sym options: 0x614 - pdb path: .;c:\Users\admin\.vscode\extensions\redhat.java-1.56.0-win32-x64\jre\21.0.12.1-win32-x86_64\bin;C:\WINDOWS\SYSTEM32;C:\WINDOWS\WinSxS\amd64_microsoft.windows.common-controls_6595b64144ccf1df_6.0.26100.8115_none_3e075c82e3354f9c;c:\Users\admin\.vscode\extensions\redhat.java-1.56.0-win32-x64\jre\21.0.12.1-win32-x86_64\bin\server;C:\Users\admin\AppData\Roaming\Code\User\globalStorage\redhat.java\1.56.0\config_win\org.eclipse.equinox.launcher\org.eclipse.equinox.launcher.win32.win32.x86_64_1.3.100.v20260804-1928;C:\Users\admin\AppData\Local\Temp\jna-92668751

VM Arguments:
jvm_args: --add-modules=ALL-SYSTEM --add-opens=java.base/java.util=ALL-UNNAMED --add-opens=java.base/java.lang=ALL-UNNAMED --add-opens=java.base/sun.nio.fs=ALL-UNNAMED -Declipse.application=org.eclipse.jdt.ls.core.id1 -Dosgi.bundles.defaultStartLevel=4 -Declipse.product=org.eclipse.jdt.ls.core.product -Djava.import.generatesMetadataFilesAtProjectRoot=false -Dm2e.project.cache.size=50 -DDetectVMInstallationsJob.disabled=true -Dfile.encoding=utf8 -XX:+UseParallelGC -XX:GCTimeRatio=4 -XX:AdaptiveSizePolicyWeight=90 -Dsun.zip.disableMemoryMapping=true -Xmx4G -Xms100m -Xlog:disable -javaagent:c:\Users\admin\.vscode\extensions\redhat.java-1.56.0-win32-x64\lombok\lombok-1.18.39-4050.jar -XX:+HeapDumpOnOutOfMemoryError -XX:HeapDumpPath=c:\Users\admin\AppData\Roaming\Code\User\workspaceStorage\8d4d080e920730285268a385d66d5bf5\redhat.java -Daether.dependencyCollector.impl=bf 
java_command: c:\Users\admin\.vscode\extensions\redhat.java-1.56.0-win32-x64\server\plugins\org.eclipse.equinox.launcher_1.8.0.v20260804-1928.jar -configuration c:\Users\admin\AppData\Roaming\Code\User\globalStorage\redhat.java\1.56.0\config_win -data c:\Users\admin\AppData\Roaming\Code\User\workspaceStorage\8d4d080e920730285268a385d66d5bf5\redhat.java\jdt_ws --pipe=\\.\pipe\lsp-15880f401e9654c9fdb23cca9a6debfa-sock
java_class_path (initial): c:\Users\admin\.vscode\extensions\redhat.java-1.56.0-win32-x64\server\plugins\org.eclipse.equinox.launcher_1.8.0.v20260804-1928.jar
Launcher Type: SUN_STANDARD

[Global flags]
    uintx AdaptiveSizePolicyWeight                 = 90                                        {product} {command line}
     intx CICompilerCount                          = 4                                         {product} {ergonomic}
    uintx GCTimeRatio                              = 4                                         {product} {command line}
     bool HeapDumpOnOutOfMemoryError               = true                                   {manageable} {command line}
    ccstr HeapDumpPath                             = c:\Users\admin\AppData\Roaming\Code\User\workspaceStorage\8d4d080e920730285268a385d66d5bf5\redhat.java         {manageable} {command line}
   size_t InitialHeapSize                          = 104857600                                 {product} {command line}
   size_t MaxHeapSize                              = 4294967296                                {product} {command line}
   size_t MaxNewSize                               = 1431306240                                {product} {ergonomic}
   size_t MinHeapDeltaBytes                        = 524288                                    {product} {ergonomic}
   size_t MinHeapSize                              = 104857600                                 {product} {command line}
   size_t NewSize                                  = 34603008                                  {product} {ergonomic}
    uintx NonNMethodCodeHeapSize                   = 5839372                                {pd product} {ergonomic}
    uintx NonProfiledCodeHeapSize                  = 122909434                              {pd product} {ergonomic}
   size_t OldSize                                  = 70254592                                  {product} {ergonomic}
    uintx ProfiledCodeHeapSize                     = 122909434                              {pd product} {ergonomic}
    uintx ReservedCodeCacheSize                    = 251658240                              {pd product} {ergonomic}
     bool SegmentedCodeCache                       = true                                      {product} {ergonomic}
   size_t SoftMaxHeapSize                          = 4294967296                             {manageable} {ergonomic}
     bool UseCompressedOops                        = true                           {product lp64_product} {ergonomic}
     bool UseLargePagesIndividualAllocation        = false                                  {pd product} {ergonomic}
     bool UseParallelGC                            = true                                      {product} {command line}

Logging:
Log output configuration:
 #0: stdout all=off uptime,level,tags foldmultilines=false
 #1: stderr all=off uptime,level,tags foldmultilines=false

Release file:
JAVA_VERSION="21.0.12.1" 
MODULES="java.base java.compiler java.datatransfer java.xml java.prefs java.desktop java.instrument java.logging java.management java.security.sasl java.naming java.rmi java.management.rmi java.net.http java.scripting java.security.jgss java.transaction.xa java.sql java.sql.rowset java.xml.crypto java.se java.smartcardio jdk.accessibility jdk.internal.jvmstat jdk.attach jdk.charsets jdk.internal.opt jdk.zipfs jdk.compiler jdk.crypto.ec jdk.crypto.cryptoki jdk.crypto.mscapi jdk.dynalink jdk.internal.ed jdk.editpad jdk.hotspot.agent jdk.httpserver jdk.internal.le jdk.internal.vm.ci jdk.internal.vm.compiler jdk.internal.vm.compiler.management jdk.jartool jdk.javadoc jdk.jcmd jdk.management jdk.management.agent jdk.jconsole jdk.jdeps jdk.jdwp.agent jdk.jdi jdk.jfr jdk.jshell jdk.jsobject jdk.jstatd jdk.localedata jdk.management.jfr jdk.naming.dns jdk.naming.rmi jdk.net jdk.nio.mapmode jdk.random jdk.sctp jdk.security.auth jdk.security.jgss jdk.unsupported jdk.unsupported.desktop jdk.xml.dom" 

Environment Variables:
PATH=C:\app\admin\product\21c\dbhomeXE\bin;C:\Program Files\Eclipse Adoptium\jdk-17.0.16.8-hotspot\bin;C:\WINDOWS\system32;C:\WINDOWS;C:\WINDOWS\System32\Wbem;C:\WINDOWS\System32\WindowsPowerShell\v1.0\;C:\WINDOWS\System32\OpenSSH\;C:\Program Files\Git\cmd;C:\Program Files\nodejs\;C:\Program Files\Docker\Docker\resources\bin;C:\Program Files\PostgreSQL\18\bin;C:\Users\admin\AppData\Local\Programs\Python\Python313\Scripts\;C:\Users\admin\AppData\Local\Programs\Python\Python313\;C:\Users\admin\AppData\Local\Programs\Python\Python314\;C:\Users\admin\AppData\Local\Programs\Python\Python314\Scripts\;C:\Program Files\MySQL\MySQL Shell 8.0\bin\;C:\Users\admin\AppData\Local\Programs\Python\Launcher\;C:\Users\admin\AppData\Local\Microsoft\WindowsApps;C:\Users\admin\AppData\Local\Programs\Microsoft VS Code\bin;C:\msys64\ucrt64\bin;C:\Program Files\JetBrains\IntelliJ IDEA 2025.2.1\bin;C:\Users\admin\AppData\Local\Programs\Antigravity\bin;C:\Users\admin\AppData\Roaming\npm;C:\Program Files (x86)\GnuWin32\bin;C:\Program Files (x86)\GnuWin32\bin;C:\msys64\usr\bin;C:\msys64\mingw64\bin;C:\flutterFeature\flutter\bin;C:\Users\admin\AppData\Local\Android\Sdk\platform-tools;C:\Users\admin\AppData\Local\Android\Sdk\build-tools\37.0.0;
USERNAME=admin
OS=Windows_NT
PROCESSOR_IDENTIFIER=Intel64 Family 6 Model 142 Stepping 12, GenuineIntel
TMP=C:\Users\admin\AppData\Local\Temp
TEMP=C:\Users\admin\AppData\Local\Temp




Periodic native trim disabled

---------------  S Y S T E M  ---------------

OS:
 Windows 11 , 64 bit Build 26100 (10.0.26100.8115)
OS uptime: 1 days 0:43 hours
Hyper-V role detected

CPU: total 8 (initial active 8) (4 cores per cpu, 2 threads per core) family 6 model 142 stepping 12 microcode 0x100, cx8, cmov, fxsr, ht, mmx, 3dnowpref, sse, sse2, sse3, ssse3, sse4.1, sse4.2, popcnt, lzcnt, tsc, tscinvbit, avx, avx2, aes, erms, clmul, bmi1, bmi2, adx, fma, vzeroupper, clflush, clflushopt, hv, rdtscp, f16c
Processor Information for the first 8 processors :
  Max Mhz: 2304, Current Mhz: 1803, Mhz Limit: 1797

Memory: 4k page, system-wide physical 16157M (4126M free)
TotalPageFile size 65309M (AvailPageFile size 1M)
current process WorkingSet (physical memory assigned to process): 2544M, peak: 3296M
current process commit charge ("private bytes"): 2659M, peak: 3232M

vm_info: OpenJDK 64-Bit Server VM (21.0.12.1+1-LTS) for windows-amd64 JRE (21.0.12.1+1-LTS), built on 2026-08-18T00:00:00Z by "admin" with MS VC++ 17.12 (VS2022)

END.
