#
# There is insufficient memory for the Java Runtime Environment to continue.
# Native memory allocation (malloc) failed to allocate 1593296 bytes. Error detail: Chunk::new
# Possible reasons:
#   The system is out of physical RAM or swap space
#   This process is running with CompressedOops enabled, and the Java Heap may be blocking the growth of the native heap
# Possible solutions:
#   Reduce memory load on the system
#   Increase physical memory or swap space
#   Check if swap backing store is full
#   Decrease Java heap size (-Xmx/-Xms)
#   Decrease number of Java threads
#   Decrease Java thread stack sizes (-Xss)
#   Set larger code cache with -XX:ReservedCodeCacheSize=
#   JVM is running with Zero Based Compressed Oops mode in which the Java heap is
#     placed in the first 32GB address space. The Java Heap base address is the
#     maximum limit for the native heap growth. Please use -XX:HeapBaseMinAddress
#     to set the Java Heap base and to place the Java Heap above 32GB virtual address.
# This output file may be truncated or incomplete.
#
#  Out of Memory Error (arena.cpp:168), pid=15004, tid=27296
#
# JRE version: OpenJDK Runtime Environment Temurin-21.0.12.1+1 (21.0.12.1+1) (build 21.0.12.1+1-LTS)
# Java VM: OpenJDK 64-Bit Server VM Temurin-21.0.12.1+1 (21.0.12.1+1-LTS, mixed mode, sharing, tiered, compressed oops, compressed class ptrs, parallel gc, windows-amd64)
# No core dump will be written. Minidumps are not enabled by default on client versions of Windows
#

---------------  S U M M A R Y ------------

Command Line: --add-modules=ALL-SYSTEM --add-opens=java.base/java.util=ALL-UNNAMED --add-opens=java.base/java.lang=ALL-UNNAMED --add-opens=java.base/sun.nio.fs=ALL-UNNAMED -Declipse.application=org.eclipse.jdt.ls.core.id1 -Dosgi.bundles.defaultStartLevel=4 -Declipse.product=org.eclipse.jdt.ls.core.product -Djava.import.generatesMetadataFilesAtProjectRoot=false -Dm2e.project.cache.size=50 -DDetectVMInstallationsJob.disabled=true -Dfile.encoding=utf8 -XX:+UseParallelGC -XX:GCTimeRatio=4 -XX:AdaptiveSizePolicyWeight=90 -Dsun.zip.disableMemoryMapping=true -Xmx4G -Xms100m -Xlog:disable -javaagent:c:\Users\admin\.vscode\extensions\redhat.java-1.56.0-win32-x64\lombok\lombok-1.18.39-4050.jar -XX:+HeapDumpOnOutOfMemoryError -XX:HeapDumpPath=c:\Users\admin\AppData\Roaming\Code\User\workspaceStorage\8d4d080e920730285268a385d66d5bf5\redhat.java -Daether.dependencyCollector.impl=bf c:\Users\admin\.vscode\extensions\redhat.java-1.56.0-win32-x64\server\plugins\org.eclipse.equinox.launcher_1.8.0.v20260804-1928.jar -configuration c:\Users\admin\AppData\Roaming\Code\User\globalStorage\redhat.java\1.56.0\config_win -data c:\Users\admin\AppData\Roaming\Code\User\workspaceStorage\8d4d080e920730285268a385d66d5bf5\redhat.java\jdt_ws --pipe=\\.\pipe\lsp-855e991d2f675ed43bf29d79154686b5-sock

Host: Intel(R) Core(TM) i7-10510U CPU @ 1.80GHz, 8 cores, 15G,  Windows 11 , 64 bit Build 26100 (10.0.26100.8115)
Time: Fri Sep 25 10:18:05 2026 elapsed time: 15.522803 seconds (0d 0h 0m 15s)

---------------  T H R E A D  ---------------

Current thread (0x000001efcf766f40):  JavaThread "C2 CompilerThread0" daemon [_thread_in_native, id=27296, stack(0x00000005ee100000,0x00000005ee200000) (1024K)]


Current CompileTask:
C2:15523 3941   !   4       org.eclipse.osgi.internal.loader.classpath.ClasspathManager::findClassImpl (328 bytes)

Stack: [0x00000005ee100000,0x00000005ee200000]
Native frames: (J=compiled Java code, j=interpreted, Vv=VM code, C=native code)
V  [jvm.dll+0x6d83e9]
V  [jvm.dll+0x8b5736]
V  [jvm.dll+0x8b7cee]
V  [jvm.dll+0x8b83d3]
V  [jvm.dll+0x284596]
V  [jvm.dll+0xc685d]
V  [jvm.dll+0xc6da1]
V  [jvm.dll+0x3bf151]
V  [jvm.dll+0x38b6d2]
V  [jvm.dll+0x38ab1a]
V  [jvm.dll+0x24c700]
V  [jvm.dll+0x24bce0]
V  [jvm.dll+0x1cb4ae]
V  [jvm.dll+0x25baad]
V  [jvm.dll+0x25a03a]
V  [jvm.dll+0x3f8aae]
V  [jvm.dll+0x8600cd]
V  [jvm.dll+0x6d6c1d]
C  [ucrtbase.dll+0x37b0]
C  [KERNEL32.DLL+0x2e8d7]
C  [ntdll.dll+0x8c3fc]


---------------  P R O C E S S  ---------------

Threads class SMR info:
_java_thread_list=0x000001f017a577a0, length=25, elements={
0x000001efb437e630, 0x000001efcf74a9b0, 0x000001efcf74f630, 0x000001efcf756e50,
0x000001efcf757bd0, 0x000001efcf75c560, 0x000001efcf760fd0, 0x000001efcf766f40,
0x000001efcf7686a0, 0x000001f0122d1540, 0x000001f012420e70, 0x000001f01722a590,
0x000001f0172dd2a0, 0x000001f0127553f0, 0x000001f0124bcdf0, 0x000001f0178b0900,
0x000001f017be6200, 0x000001f017a487a0, 0x000001f012ad8680, 0x000001f012ad93a0,
0x000001f012ada0c0, 0x000001f012ada750, 0x000001f012adade0, 0x000001f012829960,
0x000001f01714a6e0
}

Java Threads: ( => current thread )
  0x000001efb437e630 JavaThread "main"                              [_thread_blocked, id=25472, stack(0x00000005ed700000,0x00000005ed800000) (1024K)]
  0x000001efcf74a9b0 JavaThread "Reference Handler"          daemon [_thread_blocked, id=8736, stack(0x00000005edb00000,0x00000005edc00000) (1024K)]
  0x000001efcf74f630 JavaThread "Finalizer"                  daemon [_thread_blocked, id=26100, stack(0x00000005edc00000,0x00000005edd00000) (1024K)]
  0x000001efcf756e50 JavaThread "Signal Dispatcher"          daemon [_thread_blocked, id=15024, stack(0x00000005edd00000,0x00000005ede00000) (1024K)]
  0x000001efcf757bd0 JavaThread "Attach Listener"            daemon [_thread_blocked, id=17208, stack(0x00000005ede00000,0x00000005edf00000) (1024K)]
  0x000001efcf75c560 JavaThread "Service Thread"             daemon [_thread_blocked, id=31388, stack(0x00000005edf00000,0x00000005ee000000) (1024K)]
  0x000001efcf760fd0 JavaThread "Monitor Deflation Thread"   daemon [_thread_blocked, id=29240, stack(0x00000005ee000000,0x00000005ee100000) (1024K)]
=>0x000001efcf766f40 JavaThread "C2 CompilerThread0"         daemon [_thread_in_native, id=27296, stack(0x00000005ee100000,0x00000005ee200000) (1024K)]
  0x000001efcf7686a0 JavaThread "C1 CompilerThread0"         daemon [_thread_in_native, id=7612, stack(0x00000005ee200000,0x00000005ee300000) (1024K)]
  0x000001f0122d1540 JavaThread "Common-Cleaner"             daemon [_thread_blocked, id=30128, stack(0x00000005ee300000,0x00000005ee400000) (1024K)]
  0x000001f012420e70 JavaThread "Notification Thread"        daemon [_thread_blocked, id=30184, stack(0x00000005ee400000,0x00000005ee500000) (1024K)]
  0x000001f01722a590 JavaThread "Active Thread: Equinox Container: 369e52dc-c01d-473b-be1c-fae29dbfdb26"        [_thread_blocked, id=25124, stack(0x00000005eed00000,0x00000005eee00000) (1024K)]
  0x000001f0172dd2a0 JavaThread "Refresh Thread: Equinox Container: 369e52dc-c01d-473b-be1c-fae29dbfdb26" daemon [_thread_blocked, id=20548, stack(0x00000005eef00000,0x00000005ef000000) (1024K)]
  0x000001f0127553f0 JavaThread "Framework Event Dispatcher: Equinox Container: 369e52dc-c01d-473b-be1c-fae29dbfdb26" daemon [_thread_blocked, id=1844, stack(0x00000005ef000000,0x00000005ef100000) (1024K)]
  0x000001f0124bcdf0 JavaThread "Start Level: Equinox Container: 369e52dc-c01d-473b-be1c-fae29dbfdb26" daemon [_thread_in_vm, id=14456, stack(0x00000005ee600000,0x00000005ee700000) (1024K)]
  0x000001f0178b0900 JavaThread "Bundle File Closer"         daemon [_thread_blocked, id=32492, stack(0x00000005ef200000,0x00000005ef300000) (1024K)]
  0x000001f017be6200 JavaThread "SCR Component Actor"        daemon [_thread_blocked, id=3784, stack(0x00000005ee500000,0x00000005ee600000) (1024K)]
  0x000001f017a487a0 JavaThread "Worker-JM"                         [_thread_blocked, id=8960, stack(0x00000005ef300000,0x00000005ef400000) (1024K)]
  0x000001f012ad8680 JavaThread "JNA Cleaner"                daemon [_thread_blocked, id=26088, stack(0x00000005ef400000,0x00000005ef500000) (1024K)]
  0x000001f012ad93a0 JavaThread "Worker-0"                          [_thread_blocked, id=18792, stack(0x00000005ef500000,0x00000005ef600000) (1024K)]
  0x000001f012ada0c0 JavaThread "Worker-1"                          [_thread_blocked, id=19576, stack(0x00000005ef600000,0x00000005ef700000) (1024K)]
  0x000001f012ada750 JavaThread "Worker-2: Repository registry initialization"        [_thread_in_vm, id=29548, stack(0x00000005ef700000,0x00000005ef800000) (1024K)]
  0x000001f012adade0 JavaThread "Worker-3"                          [_thread_blocked, id=23956, stack(0x00000005ef100000,0x00000005ef200000) (1024K)]
  0x000001f012829960 JavaThread "C2 CompilerThread1"         daemon [_thread_in_native, id=16260, stack(0x00000005ef800000,0x00000005ef900000) (1024K)]
  0x000001f01714a6e0 JavaThread "C2 CompilerThread2"         daemon [_thread_in_native, id=27820, stack(0x00000005ef900000,0x00000005efa00000) (1024K)]
Total: 25

Other Threads:
  0x000001efcf743000 VMThread "VM Thread"                           [id=12780, stack(0x00000005eda00000,0x00000005edb00000) (1024K)]
  0x000001efcf65ca00 WatcherThread "VM Periodic Task Thread"        [id=27568, stack(0x00000005ed900000,0x00000005eda00000) (1024K)]
  0x000001efb438f990 WorkerThread "GC Thread#0"                     [id=23108, stack(0x00000005ed800000,0x00000005ed900000) (1024K)]
  0x000001f012c80210 WorkerThread "GC Thread#1"                     [id=19732, stack(0x00000005ee700000,0x00000005ee800000) (1024K)]
  0x000001f012c80970 WorkerThread "GC Thread#2"                     [id=22168, stack(0x00000005ee800000,0x00000005ee900000) (1024K)]
  0x000001f012c7fe60 WorkerThread "GC Thread#3"                     [id=31532, stack(0x00000005ee900000,0x00000005eea00000) (1024K)]
  0x000001f012c805c0 WorkerThread "GC Thread#4"                     [id=28344, stack(0x00000005eea00000,0x00000005eeb00000) (1024K)]
  0x000001f012c7efa0 WorkerThread "GC Thread#5"                     [id=20388, stack(0x00000005eeb00000,0x00000005eec00000) (1024K)]
  0x000001f012c7f700 WorkerThread "GC Thread#6"                     [id=20640, stack(0x00000005eec00000,0x00000005eed00000) (1024K)]
  0x000001f012c34d10 WorkerThread "GC Thread#7"                     [id=23020, stack(0x00000005eee00000,0x00000005eef00000) (1024K)]
Total: 10

Threads with active compile tasks:
C2 CompilerThread0  16636 3941   !   4       org.eclipse.osgi.internal.loader.classpath.ClasspathManager::findClassImpl (328 bytes)
C1 CompilerThread0  16636 4191   !   3       java.lang.invoke.InnerClassLambdaMetafactory::generateInnerClass (506 bytes)
C2 CompilerThread1  16637 4184       4       sun.nio.fs.WindowsPathParser::normalize (233 bytes)
C2 CompilerThread2  16638 4132       4       org.eclipse.osgi.internal.serviceregistry.ServiceRegistry::notifyHooksPrivileged (57 bytes)
Total: 4

VM state: not at safepoint (normal execution)

VM Mutex/Monitor currently owned by a thread: None

Heap address: 0x0000000700000000, size: 4096 MB, Compressed Oops mode: Zero based, Oop shift amount: 3

CDS archive(s) mapped at: [0x000001efd0000000-0x000001efd0ba0000-0x000001efd0ba0000), size 12189696, SharedBaseAddress: 0x000001efd0000000, ArchiveRelocationMode: 1.
Compressed class space mapped at: 0x000001efd1000000-0x000001f011000000, reserved size: 1073741824
Narrow klass base: 0x000001efd0000000, Narrow klass shift: 0, Narrow klass range: 0x100000000

GC Precious Log:
 CardTable entry size: 512
 CPUs: 8 total, 8 available
 Memory: 16157M
 Large Page Support: Disabled
 NUMA Support: Disabled
 Compressed Oops: Enabled (Zero based)
 Alignments: Space 512K, Generation 512K, Heap 2M
 Heap Min Capacity: 100M
 Heap Initial Capacity: 100M
 Heap Max Capacity: 4G
 Pre-touch: Disabled
 Parallel Workers: 8

Heap:
 PSYoungGen      total 25600K, used 11451K [0x00000007aab00000, 0x00000007ac880000, 0x0000000800000000)
  eden space 23552K, 41% used [0x00000007aab00000,0x00000007ab47d438,0x00000007ac200000)
  from space 2048K, 84% used [0x00000007ac380000,0x00000007ac531b08,0x00000007ac580000)
  to   space 2560K, 0% used [0x00000007ac600000,0x00000007ac600000,0x00000007ac880000)
 ParOldGen       total 68608K, used 13070K [0x0000000700000000, 0x0000000704300000, 0x00000007aab00000)
  object space 68608K, 19% used [0x0000000700000000,0x0000000700cc3a28,0x0000000704300000)
 Metaspace       used 27340K, committed 28416K, reserved 1114112K
  class space    used 2887K, committed 3328K, reserved 1048576K

Card table byte_map: [0x000001efc6570000,0x000001efc6d80000] _byte_map_base: 0x000001efc2d70000

Marking Bits: (ParMarkBitMap*) 0x00007ffc511744a0
 Begin Bits: [0x000001efc6d80000, 0x000001efcad80000)
 End Bits:   [0x000001efcad80000, 0x000001efced80000)

Polling page: 0x000001efb2110000

Metaspace:

Usage:
  Non-class:     23.88 MB used.
      Class:      2.82 MB used.
       Both:     26.70 MB used.

Virtual space:
  Non-class space:       64.00 MB reserved,      24.50 MB ( 38%) committed,  1 nodes.
      Class space:        1.00 GB reserved,       3.25 MB ( <1%) committed,  1 nodes.
             Both:        1.06 GB reserved,      27.75 MB (  3%) committed. 

Chunk freelists:
   Non-Class:  7.11 MB
       Class:  12.71 MB
        Both:  19.82 MB

MaxMetaspaceSize: unlimited
CompressedClassSpaceSize: 1.00 GB
Initial GC threshold: 21.00 MB
Current GC threshold: 35.00 MB
CDS: on
 - commit_granule_bytes: 65536.
 - commit_granule_words: 8192.
 - virtual_space_node_default_size: 8388608.
 - enlarge_chunks_in_place: 1.
 - use_allocation_guard: 0.


Internal statistics:

num_allocs_failed_limit: 3.
num_arena_births: 834.
num_arena_deaths: 14.
num_vsnodes_births: 2.
num_vsnodes_deaths: 0.
num_space_committed: 444.
num_space_uncommitted: 0.
num_chunks_returned_to_freelist: 17.
num_chunks_taken_from_freelist: 2029.
num_chunk_merges: 8.
num_chunk_splits: 1254.
num_chunks_enlarged: 701.
num_inconsistent_stats: 0.

CodeHeap 'non-profiled nmethods': size=120000Kb used=1922Kb max_used=1922Kb free=118077Kb
 bounds [0x000001efbf040000, 0x000001efbf2b0000, 0x000001efc6570000]
CodeHeap 'profiled nmethods': size=120000Kb used=8289Kb max_used=8289Kb free=111710Kb
 bounds [0x000001efb7570000, 0x000001efb7d90000, 0x000001efbeaa0000]
CodeHeap 'non-nmethods': size=5760Kb used=1325Kb max_used=1372Kb free=4434Kb
 bounds [0x000001efbeaa0000, 0x000001efbed10000, 0x000001efbf040000]
CodeCache: size=245760Kb, used=11536Kb, max_used=11583Kb, free=234221Kb
 total_blobs=4786, nmethods=4175, adapters=517, full_count=0
Compilation: enabled, stopped_count=0, restarted_count=0

Compilation events (20 events):
Event: 14.405 Thread 0x000001efcf7686a0 nmethod 4176 0x000001efb7d80190 code [0x000001efb7d80340, 0x000001efb7d80510]
Event: 14.436 Thread 0x000001f012829960 nmethod 4171 0x000001efbf21ef90 code [0x000001efbf21f180, 0x000001efbf21f7b8]
Event: 14.444 Thread 0x000001efcf7686a0 4177       3       java.lang.reflect.Executable::isVarArgs (17 bytes)
Event: 14.447 Thread 0x000001efcf7686a0 nmethod 4177 0x000001efb7d80610 code [0x000001efb7d807c0, 0x000001efb7d809e0]
Event: 14.448 Thread 0x000001f012829960 4156       4       java.lang.Character::codePointAt (51 bytes)
Event: 14.449 Thread 0x000001efcf7686a0 4178       3       java.util.LinkedHashMap$LinkedValues::iterator (16 bytes)
Event: 14.451 Thread 0x000001efcf7686a0 nmethod 4178 0x000001efb7d80a90 code [0x000001efb7d80c40, 0x000001efb7d80e58]
Event: 14.453 Thread 0x000001efcf7686a0 4179       3       java.util.LinkedHashMap$LinkedValueIterator::<init> (7 bytes)
Event: 14.454 Thread 0x000001efcf7686a0 nmethod 4179 0x000001efb7d80f90 code [0x000001efb7d81140, 0x000001efb7d81278]
Event: 14.455 Thread 0x000001efcf7686a0 4181       3       java.util.LinkedHashMap::values (5 bytes)
Event: 14.456 Thread 0x000001efcf7686a0 nmethod 4181 0x000001efb7d81310 code [0x000001efb7d814c0, 0x000001efb7d81600]
Event: 14.459 Thread 0x000001efcf7686a0 4182       3       java.util.LinkedHashMap::sequencedValues (31 bytes)
Event: 14.462 Thread 0x000001efcf7686a0 nmethod 4182 0x000001efb7d81690 code [0x000001efb7d81860, 0x000001efb7d81c88]
Event: 14.472 Thread 0x000001f012829960 nmethod 4156 0x000001efbf21fe90 code [0x000001efbf220040, 0x000001efbf220230]
Event: 14.479 Thread 0x000001f012829960 4169       4       java.util.regex.Pattern$$Lambda/0x800000030::is (9 bytes)
Event: 14.493 Thread 0x000001f012829960 nmethod 4169 0x000001efbf220490 code [0x000001efbf220620, 0x000001efbf220768]
Event: 14.496 Thread 0x000001f012829960 4173       4       org.lombokweb.asm.ClassReader::readBytecodeInstructionOffset (1 bytes)
Event: 14.502 Thread 0x000001f012829960 nmethod 4173 0x000001efbf220890 code [0x000001efbf220a20, 0x000001efbf220aa8]
Event: 14.551 Thread 0x000001efcf7686a0 4183       3       java.util.concurrent.locks.AbstractQueuedSynchronizer::tryAcquireSharedNanos (62 bytes)
Event: 14.552 Thread 0x000001efcf7686a0 nmethod 4183 0x000001efb7d81e10 code [0x000001efb7d82040, 0x000001efb7d82730]

GC Heap History (20 events):
Event: 1.612 GC heap before
{Heap before GC invocations=1 (full 0):
 PSYoungGen      total 29696K, used 25600K [0x00000007aab00000, 0x00000007acc00000, 0x0000000800000000)
  eden space 25600K, 100% used [0x00000007aab00000,0x00000007ac400000,0x00000007ac400000)
  from space 4096K, 0% used [0x00000007ac800000,0x00000007ac800000,0x00000007acc00000)
  to   space 4096K, 0% used [0x00000007ac400000,0x00000007ac400000,0x00000007ac800000)
 ParOldGen       total 68608K, used 0K [0x0000000700000000, 0x0000000704300000, 0x00000007aab00000)
  object space 68608K, 0% used [0x0000000700000000,0x0000000700000000,0x0000000704300000)
 Metaspace       used 4283K, committed 4544K, reserved 1114112K
  class space    used 473K, committed 576K, reserved 1048576K
}
Event: 1.619 GC heap after
{Heap after GC invocations=1 (full 0):
 PSYoungGen      total 29696K, used 3280K [0x00000007aab00000, 0x00000007acc00000, 0x0000000800000000)
  eden space 25600K, 0% used [0x00000007aab00000,0x00000007aab00000,0x00000007ac400000)
  from space 4096K, 80% used [0x00000007ac400000,0x00000007ac734148,0x00000007ac800000)
  to   space 4096K, 0% used [0x00000007ac800000,0x00000007ac800000,0x00000007acc00000)
 ParOldGen       total 68608K, used 16K [0x0000000700000000, 0x0000000704300000, 0x00000007aab00000)
  object space 68608K, 0% used [0x0000000700000000,0x0000000700004000,0x0000000704300000)
 Metaspace       used 4283K, committed 4544K, reserved 1114112K
  class space    used 473K, committed 576K, reserved 1048576K
}
Event: 3.237 GC heap before
{Heap before GC invocations=2 (full 0):
 PSYoungGen      total 29696K, used 28880K [0x00000007aab00000, 0x00000007acc00000, 0x0000000800000000)
  eden space 25600K, 100% used [0x00000007aab00000,0x00000007ac400000,0x00000007ac400000)
  from space 4096K, 80% used [0x00000007ac400000,0x00000007ac734148,0x00000007ac800000)
  to   space 4096K, 0% used [0x00000007ac800000,0x00000007ac800000,0x00000007acc00000)
 ParOldGen       total 68608K, used 16K [0x0000000700000000, 0x0000000704300000, 0x00000007aab00000)
  object space 68608K, 0% used [0x0000000700000000,0x0000000700004000,0x0000000704300000)
 Metaspace       used 7970K, committed 8256K, reserved 1114112K
  class space    used 832K, committed 960K, reserved 1048576K
}
Event: 3.256 GC heap after
{Heap after GC invocations=2 (full 0):
 PSYoungGen      total 29696K, used 4070K [0x00000007aab00000, 0x00000007acc00000, 0x0000000800000000)
  eden space 25600K, 0% used [0x00000007aab00000,0x00000007aab00000,0x00000007ac400000)
  from space 4096K, 99% used [0x00000007ac800000,0x00000007acbf9800,0x00000007acc00000)
  to   space 4096K, 0% used [0x00000007ac400000,0x00000007ac400000,0x00000007ac800000)
 ParOldGen       total 68608K, used 1985K [0x0000000700000000, 0x0000000704300000, 0x00000007aab00000)
  object space 68608K, 2% used [0x0000000700000000,0x00000007001f06a8,0x0000000704300000)
 Metaspace       used 7970K, committed 8256K, reserved 1114112K
  class space    used 832K, committed 960K, reserved 1048576K
}
Event: 4.227 GC heap before
{Heap before GC invocations=3 (full 0):
 PSYoungGen      total 29696K, used 29670K [0x00000007aab00000, 0x00000007acc00000, 0x0000000800000000)
  eden space 25600K, 100% used [0x00000007aab00000,0x00000007ac400000,0x00000007ac400000)
  from space 4096K, 99% used [0x00000007ac800000,0x00000007acbf9800,0x00000007acc00000)
  to   space 4096K, 0% used [0x00000007ac400000,0x00000007ac400000,0x00000007ac800000)
 ParOldGen       total 68608K, used 1985K [0x0000000700000000, 0x0000000704300000, 0x00000007aab00000)
  object space 68608K, 2% used [0x0000000700000000,0x00000007001f06a8,0x0000000704300000)
 Metaspace       used 9430K, committed 9792K, reserved 1114112K
  class space    used 1010K, committed 1152K, reserved 1048576K
}
Event: 4.242 GC heap after
{Heap after GC invocations=3 (full 0):
 PSYoungGen      total 29696K, used 4073K [0x00000007aab00000, 0x00000007acc00000, 0x0000000800000000)
  eden space 25600K, 0% used [0x00000007aab00000,0x00000007aab00000,0x00000007ac400000)
  from space 4096K, 99% used [0x00000007ac400000,0x00000007ac7fa698,0x00000007ac800000)
  to   space 4096K, 0% used [0x00000007ac800000,0x00000007ac800000,0x00000007acc00000)
 ParOldGen       total 68608K, used 4691K [0x0000000700000000, 0x0000000704300000, 0x00000007aab00000)
  object space 68608K, 6% used [0x0000000700000000,0x0000000700494ec8,0x0000000704300000)
 Metaspace       used 9430K, committed 9792K, reserved 1114112K
  class space    used 1010K, committed 1152K, reserved 1048576K
}
Event: 6.745 GC heap before
{Heap before GC invocations=4 (full 0):
 PSYoungGen      total 29696K, used 29673K [0x00000007aab00000, 0x00000007acc00000, 0x0000000800000000)
  eden space 25600K, 100% used [0x00000007aab00000,0x00000007ac400000,0x00000007ac400000)
  from space 4096K, 99% used [0x00000007ac400000,0x00000007ac7fa698,0x00000007ac800000)
  to   space 4096K, 0% used [0x00000007ac800000,0x00000007ac800000,0x00000007acc00000)
 ParOldGen       total 68608K, used 4691K [0x0000000700000000, 0x0000000704300000, 0x00000007aab00000)
  object space 68608K, 6% used [0x0000000700000000,0x0000000700494ec8,0x0000000704300000)
 Metaspace       used 11589K, committed 12032K, reserved 1114112K
  class space    used 1230K, committed 1408K, reserved 1048576K
}
Event: 6.761 GC heap after
{Heap after GC invocations=4 (full 0):
 PSYoungGen      total 29696K, used 4092K [0x00000007aab00000, 0x00000007acc00000, 0x0000000800000000)
  eden space 25600K, 0% used [0x00000007aab00000,0x00000007aab00000,0x00000007ac400000)
  from space 4096K, 99% used [0x00000007ac800000,0x00000007acbff120,0x00000007acc00000)
  to   space 4096K, 0% used [0x00000007ac400000,0x00000007ac400000,0x00000007ac800000)
 ParOldGen       total 68608K, used 6560K [0x0000000700000000, 0x0000000704300000, 0x00000007aab00000)
  object space 68608K, 9% used [0x0000000700000000,0x0000000700668010,0x0000000704300000)
 Metaspace       used 11589K, committed 12032K, reserved 1114112K
  class space    used 1230K, committed 1408K, reserved 1048576K
}
Event: 7.941 GC heap before
{Heap before GC invocations=5 (full 0):
 PSYoungGen      total 29696K, used 29692K [0x00000007aab00000, 0x00000007acc00000, 0x0000000800000000)
  eden space 25600K, 100% used [0x00000007aab00000,0x00000007ac400000,0x00000007ac400000)
  from space 4096K, 99% used [0x00000007ac800000,0x00000007acbff120,0x00000007acc00000)
  to   space 4096K, 0% used [0x00000007ac400000,0x00000007ac400000,0x00000007ac800000)
 ParOldGen       total 68608K, used 6560K [0x0000000700000000, 0x0000000704300000, 0x00000007aab00000)
  object space 68608K, 9% used [0x0000000700000000,0x0000000700668010,0x0000000704300000)
 Metaspace       used 15477K, committed 16064K, reserved 1114112K
  class space    used 1620K, committed 1856K, reserved 1048576K
}
Event: 7.949 GC heap after
{Heap after GC invocations=5 (full 0):
 PSYoungGen      total 29184K, used 4094K [0x00000007aab00000, 0x00000007ace80000, 0x0000000800000000)
  eden space 25088K, 0% used [0x00000007aab00000,0x00000007aab00000,0x00000007ac380000)
  from space 4096K, 99% used [0x00000007ac400000,0x00000007ac7ffbc8,0x00000007ac800000)
  to   space 5632K, 0% used [0x00000007ac900000,0x00000007ac900000,0x00000007ace80000)
 ParOldGen       total 68608K, used 7654K [0x0000000700000000, 0x0000000704300000, 0x00000007aab00000)
  object space 68608K, 11% used [0x0000000700000000,0x0000000700779940,0x0000000704300000)
 Metaspace       used 15477K, committed 16064K, reserved 1114112K
  class space    used 1620K, committed 1856K, reserved 1048576K
}
Event: 8.805 GC heap before
{Heap before GC invocations=6 (full 0):
 PSYoungGen      total 29184K, used 29182K [0x00000007aab00000, 0x00000007ace80000, 0x0000000800000000)
  eden space 25088K, 100% used [0x00000007aab00000,0x00000007ac380000,0x00000007ac380000)
  from space 4096K, 99% used [0x00000007ac400000,0x00000007ac7ffbc8,0x00000007ac800000)
  to   space 5632K, 0% used [0x00000007ac900000,0x00000007ac900000,0x00000007ace80000)
 ParOldGen       total 68608K, used 7654K [0x0000000700000000, 0x0000000704300000, 0x00000007aab00000)
  object space 68608K, 11% used [0x0000000700000000,0x0000000700779940,0x0000000704300000)
 Metaspace       used 18562K, committed 19264K, reserved 1114112K
  class space    used 1958K, committed 2240K, reserved 1048576K
}
Event: 8.812 GC heap after
{Heap after GC invocations=6 (full 0):
 PSYoungGen      total 30208K, used 5385K [0x00000007aab00000, 0x00000007ace80000, 0x0000000800000000)
  eden space 24576K, 0% used [0x00000007aab00000,0x00000007aab00000,0x00000007ac300000)
  from space 5632K, 95% used [0x00000007ac900000,0x00000007ace424a0,0x00000007ace80000)
  to   space 5632K, 0% used [0x00000007ac380000,0x00000007ac380000,0x00000007ac900000)
 ParOldGen       total 68608K, used 7662K [0x0000000700000000, 0x0000000704300000, 0x00000007aab00000)
  object space 68608K, 11% used [0x0000000700000000,0x000000070077b940,0x0000000704300000)
 Metaspace       used 18562K, committed 19264K, reserved 1114112K
  class space    used 1958K, committed 2240K, reserved 1048576K
}
Event: 9.162 GC heap before
{Heap before GC invocations=7 (full 0):
 PSYoungGen      total 30208K, used 25846K [0x00000007aab00000, 0x00000007ace80000, 0x0000000800000000)
  eden space 24576K, 83% used [0x00000007aab00000,0x00000007abefb600,0x00000007ac300000)
  from space 5632K, 95% used [0x00000007ac900000,0x00000007ace424a0,0x00000007ace80000)
  to   space 5632K, 0% used [0x00000007ac380000,0x00000007ac380000,0x00000007ac900000)
 ParOldGen       total 68608K, used 7662K [0x0000000700000000, 0x0000000704300000, 0x00000007aab00000)
  object space 68608K, 11% used [0x0000000700000000,0x000000070077b940,0x0000000704300000)
 Metaspace       used 20522K, committed 21504K, reserved 1114112K
  class space    used 2207K, committed 2624K, reserved 1048576K
}
Event: 9.172 GC heap after
{Heap after GC invocations=7 (full 0):
 PSYoungGen      total 29184K, used 4337K [0x00000007aab00000, 0x00000007acd00000, 0x0000000800000000)
  eden space 24576K, 0% used [0x00000007aab00000,0x00000007aab00000,0x00000007ac300000)
  from space 4608K, 94% used [0x00000007ac380000,0x00000007ac7bc680,0x00000007ac800000)
  to   space 5120K, 0% used [0x00000007ac800000,0x00000007ac800000,0x00000007acd00000)
 ParOldGen       total 68608K, used 9257K [0x0000000700000000, 0x0000000704300000, 0x00000007aab00000)
  object space 68608K, 13% used [0x0000000700000000,0x000000070090a5f8,0x0000000704300000)
 Metaspace       used 20522K, committed 21504K, reserved 1114112K
  class space    used 2207K, committed 2624K, reserved 1048576K
}
Event: 9.172 GC heap before
{Heap before GC invocations=8 (full 1):
 PSYoungGen      total 29184K, used 4337K [0x00000007aab00000, 0x00000007acd00000, 0x0000000800000000)
  eden space 24576K, 0% used [0x00000007aab00000,0x00000007aab00000,0x00000007ac300000)
  from space 4608K, 94% used [0x00000007ac380000,0x00000007ac7bc680,0x00000007ac800000)
  to   space 5120K, 0% used [0x00000007ac800000,0x00000007ac800000,0x00000007acd00000)
 ParOldGen       total 68608K, used 9257K [0x0000000700000000, 0x0000000704300000, 0x00000007aab00000)
  object space 68608K, 13% used [0x0000000700000000,0x000000070090a5f8,0x0000000704300000)
 Metaspace       used 20522K, committed 21504K, reserved 1114112K
  class space    used 2207K, committed 2624K, reserved 1048576K
}
Event: 9.234 GC heap after
{Heap after GC invocations=8 (full 1):
 PSYoungGen      total 29184K, used 0K [0x00000007aab00000, 0x00000007acd00000, 0x0000000800000000)
  eden space 24576K, 0% used [0x00000007aab00000,0x00000007aab00000,0x00000007ac300000)
  from space 4608K, 0% used [0x00000007ac380000,0x00000007ac380000,0x00000007ac800000)
  to   space 5120K, 0% used [0x00000007ac800000,0x00000007ac800000,0x00000007acd00000)
 ParOldGen       total 68608K, used 13054K [0x0000000700000000, 0x0000000704300000, 0x00000007aab00000)
  object space 68608K, 19% used [0x0000000700000000,0x0000000700cbfa28,0x0000000704300000)
 Metaspace       used 20509K, committed 21504K, reserved 1114112K
  class space    used 2204K, committed 2624K, reserved 1048576K
}
Event: 11.767 GC heap before
{Heap before GC invocations=9 (full 1):
 PSYoungGen      total 29184K, used 24472K [0x00000007aab00000, 0x00000007acd00000, 0x0000000800000000)
  eden space 24576K, 99% used [0x00000007aab00000,0x00000007ac2e6258,0x00000007ac300000)
  from space 4608K, 0% used [0x00000007ac380000,0x00000007ac380000,0x00000007ac800000)
  to   space 5120K, 0% used [0x00000007ac800000,0x00000007ac800000,0x00000007acd00000)
 ParOldGen       total 68608K, used 13054K [0x0000000700000000, 0x0000000704300000, 0x00000007aab00000)
  object space 68608K, 19% used [0x0000000700000000,0x0000000700cbfa28,0x0000000704300000)
 Metaspace       used 23282K, committed 24320K, reserved 1114112K
  class space    used 2496K, committed 2944K, reserved 1048576K
}
Event: 11.771 GC heap after
{Heap after GC invocations=9 (full 1):
 PSYoungGen      total 27648K, used 3167K [0x00000007aab00000, 0x00000007acb80000, 0x0000000800000000)
  eden space 24064K, 0% used [0x00000007aab00000,0x00000007aab00000,0x00000007ac280000)
  from space 3584K, 88% used [0x00000007ac800000,0x00000007acb17c90,0x00000007acb80000)
  to   space 4096K, 0% used [0x00000007ac380000,0x00000007ac380000,0x00000007ac780000)
 ParOldGen       total 68608K, used 13062K [0x0000000700000000, 0x0000000704300000, 0x00000007aab00000)
  object space 68608K, 19% used [0x0000000700000000,0x0000000700cc1a28,0x0000000704300000)
 Metaspace       used 23282K, committed 24320K, reserved 1114112K
  class space    used 2496K, committed 2944K, reserved 1048576K
}
Event: 14.099 GC heap before
{Heap before GC invocations=10 (full 1):
 PSYoungGen      total 27648K, used 27231K [0x00000007aab00000, 0x00000007acb80000, 0x0000000800000000)
  eden space 24064K, 100% used [0x00000007aab00000,0x00000007ac280000,0x00000007ac280000)
  from space 3584K, 88% used [0x00000007ac800000,0x00000007acb17c90,0x00000007acb80000)
  to   space 4096K, 0% used [0x00000007ac380000,0x00000007ac380000,0x00000007ac780000)
 ParOldGen       total 68608K, used 13062K [0x0000000700000000, 0x0000000704300000, 0x00000007aab00000)
  object space 68608K, 19% used [0x0000000700000000,0x0000000700cc1a28,0x0000000704300000)
 Metaspace       used 25909K, committed 27008K, reserved 1114112K
  class space    used 2721K, committed 3200K, reserved 1048576K
}
Event: 14.103 GC heap after
{Heap after GC invocations=10 (full 1):
 PSYoungGen      total 25600K, used 1734K [0x00000007aab00000, 0x00000007ac880000, 0x0000000800000000)
  eden space 23552K, 0% used [0x00000007aab00000,0x00000007aab00000,0x00000007ac200000)
  from space 2048K, 84% used [0x00000007ac380000,0x00000007ac531b08,0x00000007ac580000)
  to   space 2560K, 0% used [0x00000007ac600000,0x00000007ac600000,0x00000007ac880000)
 ParOldGen       total 68608K, used 13070K [0x0000000700000000, 0x0000000704300000, 0x00000007aab00000)
  object space 68608K, 19% used [0x0000000700000000,0x0000000700cc3a28,0x0000000704300000)
 Metaspace       used 25909K, committed 27008K, reserved 1114112K
  class space    used 2721K, committed 3200K, reserved 1048576K
}

Dll operation events (20 events):
Event: 0.031 Attempting to load shared library c:\Users\admin\.vscode\extensions\redhat.java-1.56.0-win32-x64\jre\21.0.12.1-win32-x86_64\bin\java.dll
Event: 0.031 Loaded shared library c:\Users\admin\.vscode\extensions\redhat.java-1.56.0-win32-x64\jre\21.0.12.1-win32-x86_64\bin\java.dll
Event: 0.177 Attempting to load shared library c:\Users\admin\.vscode\extensions\redhat.java-1.56.0-win32-x64\jre\21.0.12.1-win32-x86_64\bin\zip.dll
Event: 0.178 Loaded shared library c:\Users\admin\.vscode\extensions\redhat.java-1.56.0-win32-x64\jre\21.0.12.1-win32-x86_64\bin\zip.dll
Event: 0.238 Attempting to load shared library C:\Users\admin\.vscode\extensions\redhat.java-1.56.0-win32-x64\jre\21.0.12.1-win32-x86_64\bin\instrument.dll
Event: 0.238 Loaded shared library C:\Users\admin\.vscode\extensions\redhat.java-1.56.0-win32-x64\jre\21.0.12.1-win32-x86_64\bin\instrument.dll
Event: 0.246 Attempting to load shared library C:\Users\admin\.vscode\extensions\redhat.java-1.56.0-win32-x64\jre\21.0.12.1-win32-x86_64\bin\net.dll
Event: 0.249 Loaded shared library C:\Users\admin\.vscode\extensions\redhat.java-1.56.0-win32-x64\jre\21.0.12.1-win32-x86_64\bin\net.dll
Event: 0.253 Attempting to load shared library C:\Users\admin\.vscode\extensions\redhat.java-1.56.0-win32-x64\jre\21.0.12.1-win32-x86_64\bin\nio.dll
Event: 0.254 Loaded shared library C:\Users\admin\.vscode\extensions\redhat.java-1.56.0-win32-x64\jre\21.0.12.1-win32-x86_64\bin\nio.dll
Event: 0.261 Attempting to load shared library C:\Users\admin\.vscode\extensions\redhat.java-1.56.0-win32-x64\jre\21.0.12.1-win32-x86_64\bin\zip.dll
Event: 0.261 Loaded shared library C:\Users\admin\.vscode\extensions\redhat.java-1.56.0-win32-x64\jre\21.0.12.1-win32-x86_64\bin\zip.dll
Event: 0.292 Attempting to load shared library C:\Users\admin\.vscode\extensions\redhat.java-1.56.0-win32-x64\jre\21.0.12.1-win32-x86_64\bin\jimage.dll
Event: 0.292 Loaded shared library C:\Users\admin\.vscode\extensions\redhat.java-1.56.0-win32-x64\jre\21.0.12.1-win32-x86_64\bin\jimage.dll
Event: 0.514 Attempting to load shared library c:\Users\admin\.vscode\extensions\redhat.java-1.56.0-win32-x64\jre\21.0.12.1-win32-x86_64\bin\verify.dll
Event: 0.515 Loaded shared library c:\Users\admin\.vscode\extensions\redhat.java-1.56.0-win32-x64\jre\21.0.12.1-win32-x86_64\bin\verify.dll
Event: 3.334 Attempting to load shared library C:\Users\admin\AppData\Roaming\Code\User\globalStorage\redhat.java\1.56.0\config_win\org.eclipse.equinox.launcher\org.eclipse.equinox.launcher.win32.win32.x86_64_1.3.100.v20260804-1928\eclipse_11924.dll
Event: 3.339 Loaded shared library C:\Users\admin\AppData\Roaming\Code\User\globalStorage\redhat.java\1.56.0\config_win\org.eclipse.equinox.launcher\org.eclipse.equinox.launcher.win32.win32.x86_64_1.3.100.v20260804-1928\eclipse_11924.dll
Event: 8.236 Attempting to load shared library C:\Users\admin\AppData\Local\Temp\jna-92668751\jna11899424521792154129.dll
Event: 8.368 Loaded shared library C:\Users\admin\AppData\Local\Temp\jna-92668751\jna11899424521792154129.dll

Deoptimization events (20 events):
Event: 9.308 Thread 0x000001f0124bcdf0 Uncommon trap: trap_request=0xffffff45 fr.pc=0x000001efbf1bcb18 relative=0x0000000000005878
Event: 9.308 Thread 0x000001f0124bcdf0 Uncommon trap: reason=unstable_if action=reinterpret pc=0x000001efbf1bcb18 method=java.lang.invoke.MethodType.genericMethodType(IZ)Ljava/lang/invoke/MethodType; @ 27 c2
Event: 9.308 Thread 0x000001f0124bcdf0 DEOPT PACKING pc=0x000001efbf1bcb18 sp=0x00000005ee6f2270
Event: 9.308 Thread 0x000001f0124bcdf0 DEOPT UNPACKING pc=0x000001efbeaf3aa2 sp=0x00000005ee6f2080 mode 2
Event: 9.375 Thread 0x000001f0124bcdf0 Uncommon trap: trap_request=0xffffff45 fr.pc=0x000001efbf1b65e8 relative=0x00000000000001c8
Event: 9.375 Thread 0x000001f0124bcdf0 Uncommon trap: reason=unstable_if action=reinterpret pc=0x000001efbf1b65e8 method=jdk.internal.org.objectweb.asm.Frame.push(I)V @ 26 c2
Event: 9.375 Thread 0x000001f0124bcdf0 DEOPT PACKING pc=0x000001efbf1b65e8 sp=0x00000005ee6f1460
Event: 9.375 Thread 0x000001f0124bcdf0 DEOPT UNPACKING pc=0x000001efbeaf3aa2 sp=0x00000005ee6f13e8 mode 2
Event: 11.551 Thread 0x000001f0124bcdf0 DEOPT PACKING pc=0x000001efb79d226c sp=0x00000005ee6fa6e0
Event: 11.551 Thread 0x000001f0124bcdf0 DEOPT UNPACKING pc=0x000001efbeaf4242 sp=0x00000005ee6f9c10 mode 0
Event: 11.587 Thread 0x000001f012ada750 Uncommon trap: trap_request=0xffffff76 fr.pc=0x000001efbf182134 relative=0x00000000000003b4
Event: 11.588 Thread 0x000001f012ada750 Uncommon trap: reason=predicate action=maybe_recompile pc=0x000001efbf182134 method=java.util.regex.Pattern$BmpCharPropertyGreedy.match(Ljava/util/regex/Matcher;ILjava/lang/CharSequence;)Z @ 12 c2
Event: 11.588 Thread 0x000001f012ada750 DEOPT PACKING pc=0x000001efbf182134 sp=0x00000005ef7fe990
Event: 11.588 Thread 0x000001f012ada750 DEOPT UNPACKING pc=0x000001efbeaf3aa2 sp=0x00000005ef7fe918 mode 2
Event: 11.841 Thread 0x000001f0124bcdf0 DEOPT PACKING pc=0x000001efb7b451ce sp=0x00000005ee6f90e0
Event: 11.841 Thread 0x000001f0124bcdf0 DEOPT UNPACKING pc=0x000001efbeaf4242 sp=0x00000005ee6f8620 mode 0
Event: 11.842 Thread 0x000001f0124bcdf0 DEOPT PACKING pc=0x000001efb7b451ce sp=0x00000005ee6f90e0
Event: 11.842 Thread 0x000001f0124bcdf0 DEOPT UNPACKING pc=0x000001efbeaf4242 sp=0x00000005ee6f8620 mode 0
Event: 11.843 Thread 0x000001f0124bcdf0 DEOPT PACKING pc=0x000001efb7b451ce sp=0x00000005ee6f90e0
Event: 11.843 Thread 0x000001f0124bcdf0 DEOPT UNPACKING pc=0x000001efbeaf4242 sp=0x00000005ee6f8620 mode 0

Classes loaded (20 events):
Event: 11.901 Loading class sun/reflect/generics/repository/GenericDeclRepository done
Event: 11.901 Loading class sun/reflect/generics/repository/ClassRepository done
Event: 11.902 Loading class sun/reflect/generics/tree/FormalTypeParameter
Event: 11.902 Loading class sun/reflect/generics/tree/FormalTypeParameter done
Event: 11.902 Loading class sun/reflect/generics/tree/ClassSignature
Event: 11.902 Loading class sun/reflect/generics/tree/Signature
Event: 11.902 Loading class sun/reflect/generics/tree/Signature done
Event: 11.902 Loading class sun/reflect/generics/tree/ClassSignature done
Event: 11.902 Loading class sun/reflect/annotation/TypeAnnotation$TypeAnnotationTarget
Event: 11.902 Loading class sun/reflect/annotation/TypeAnnotation$TypeAnnotationTarget done
Event: 11.902 Loading class sun/reflect/annotation/TypeAnnotation$LocationInfo
Event: 11.903 Loading class sun/reflect/annotation/TypeAnnotation$LocationInfo done
Event: 11.903 Loading class sun/reflect/annotation/TypeAnnotation$LocationInfo$Location
Event: 11.903 Loading class sun/reflect/annotation/TypeAnnotation$LocationInfo$Location done
Event: 11.903 Loading class sun/reflect/annotation/AnnotatedTypeFactory
Event: 11.903 Loading class sun/reflect/annotation/AnnotatedTypeFactory done
Event: 11.903 Loading class sun/reflect/annotation/AnnotatedTypeFactory$AnnotatedTypeBaseImpl
Event: 11.903 Loading class sun/reflect/annotation/AnnotatedTypeFactory$AnnotatedTypeBaseImpl done
Event: 14.436 Loading class java/lang/annotation/ElementType
Event: 14.436 Loading class java/lang/annotation/ElementType done

Classes unloaded (7 events):
Event: 9.183 Thread 0x000001efcf743000 Unloading class 0x000001efd11a4800 'java/lang/invoke/LambdaForm$MH+0x000001efd11a4800'
Event: 9.183 Thread 0x000001efcf743000 Unloading class 0x000001efd11a4400 'java/lang/invoke/LambdaForm$MH+0x000001efd11a4400'
Event: 9.183 Thread 0x000001efcf743000 Unloading class 0x000001efd11a4000 'java/lang/invoke/LambdaForm$MH+0x000001efd11a4000'
Event: 9.183 Thread 0x000001efcf743000 Unloading class 0x000001efd11a3c00 'java/lang/invoke/LambdaForm$MH+0x000001efd11a3c00'
Event: 9.183 Thread 0x000001efcf743000 Unloading class 0x000001efd11a3800 'java/lang/invoke/LambdaForm$BMH+0x000001efd11a3800'
Event: 9.183 Thread 0x000001efcf743000 Unloading class 0x000001efd11a3400 'java/lang/invoke/LambdaForm$DMH+0x000001efd11a3400'
Event: 9.183 Thread 0x000001efcf743000 Unloading class 0x000001efd11a2000 'java/lang/invoke/LambdaForm$DMH+0x000001efd11a2000'

Classes redefined (0 events):
No events

Internal exceptions (20 events):
Event: 9.152 Thread 0x000001f0124bcdf0 Exception <a 'java/lang/NoSuchMethodError'{0x00000007abe50338}: 'java.lang.Object java.lang.invoke.Invokers$Holder.invoke_MT(java.lang.Object, java.lang.Object, java.lang.Object, java.lang.Object, java.lang.Object, java.lang.Object, java.lang.Object, java.lang.Object, java.lang.Object)'> (0x00000007abe50338) 
thrown [s\src\hotspot\share\interpreter\linkResolver.cpp, line 773]
Event: 9.157 Thread 0x000001f0124bcdf0 Exception <a 'java/lang/NoSuchMethodError'{0x00000007abe85230}: 'int java.lang.invoke.DirectMethodHandle$Holder.invokeVirtual(java.lang.Object, java.lang.Object, java.lang.Object)'> (0x00000007abe85230) 
thrown [s\src\hotspot\share\interpreter\linkResolver.cpp, line 773]
Event: 9.157 Thread 0x000001f0124bcdf0 Exception <a 'java/lang/NoSuchMethodError'{0x00000007abe8a1c8}: 'int java.lang.invoke.DirectMethodHandle$Holder.invokeStaticInit(java.lang.Object, int, int)'> (0x00000007abe8a1c8) 
thrown [s\src\hotspot\share\interpreter\linkResolver.cpp, line 773]
Event: 9.158 Thread 0x000001f0124bcdf0 Exception <a 'java/lang/NoSuchMethodError'{0x00000007abe92790}: 'int java.lang.invoke.DirectMethodHandle$Holder.invokeStaticInit(java.lang.Object, long, long)'> (0x00000007abe92790) 
thrown [s\src\hotspot\share\interpreter\linkResolver.cpp, line 773]
Event: 9.160 Thread 0x000001f0124bcdf0 Exception <a 'java/lang/NoSuchMethodError'{0x00000007abe9a148}: 'int java.lang.invoke.DirectMethodHandle$Holder.invokeStaticInit(java.lang.Object, float, float)'> (0x00000007abe9a148) 
thrown [s\src\hotspot\share\interpreter\linkResolver.cpp, line 773]
Event: 9.160 Thread 0x000001f0124bcdf0 Exception <a 'java/lang/NoSuchMethodError'{0x00000007abea1af8}: 'int java.lang.invoke.DirectMethodHandle$Holder.invokeStaticInit(java.lang.Object, double, double)'> (0x00000007abea1af8) 
thrown [s\src\hotspot\share\interpreter\linkResolver.cpp, line 773]
Event: 9.161 Thread 0x000001f0124bcdf0 Exception <a 'java/lang/NoSuchMethodError'{0x00000007abea6f10}: 'int java.lang.invoke.DirectMethodHandle$Holder.invokeStatic(java.lang.Object, long)'> (0x00000007abea6f10) 
thrown [s\src\hotspot\share\interpreter\linkResolver.cpp, line 773]
Event: 9.244 Thread 0x000001f0124bcdf0 Exception <a 'java/lang/NoSuchMethodError'{0x00000007aab1ac08}: 'int java.lang.invoke.Invokers$Holder.linkToTargetMethod(java.lang.Object, java.lang.Object)'> (0x00000007aab1ac08) 
thrown [s\src\hotspot\share\interpreter\linkResolver.cpp, line 773]
Event: 9.299 Thread 0x000001f0124bcdf0 Exception <a 'java/lang/NoSuchMethodError'{0x00000007aac05a10}: 'java.lang.Object java.lang.invoke.DirectMethodHandle$Holder.newInvokeSpecial(java.lang.Object, java.lang.Object, java.lang.Object, java.lang.Object, java.lang.Object)'> (0x00000007aac05a10) 
thrown [s\src\hotspot\share\interpreter\linkResolver.cpp, line 773]
Event: 9.310 Thread 0x000001f0124bcdf0 Exception <a 'java/lang/NoSuchMethodError'{0x00000007aac27d18}: 'java.lang.Object java.lang.invoke.Invokers$Holder.invoke_MT(java.lang.Object, java.lang.Object, java.lang.Object, java.lang.Object, java.lang.Object, java.lang.Object, java.lang.Object, java.lang.Object, java.lang.Object, java.lang.Object, java.lang.Object)'> (0x00000007aac27d18) 
thrown [s\src\hotspot\share\interpreter\linkResolver.cpp, line 773]
Event: 9.331 Thread 0x000001f0124bcdf0 Exception <a 'java/lang/NoSuchMethodError'{0x00000007aacb42a8}: 'java.lang.Object java.lang.invoke.Invokers$Holder.invoke_MT(java.lang.Object, java.lang.Object, java.lang.Object, java.lang.Object, java.lang.Object, java.lang.Object, java.lang.Object, java.lang.Object, java.lang.Object, java.lang.Object)'> (0x00000007aacb42a8) 
thrown [s\src\hotspot\share\interpreter\linkResolver.cpp, line 773]
Event: 9.358 Thread 0x000001f0124bcdf0 Exception <a 'java/lang/NoSuchMethodError'{0x00000007aad5fee8}: 'java.lang.Object java.lang.invoke.DirectMethodHandle$Holder.newInvokeSpecial(java.lang.Object, java.lang.Object, java.lang.Object, java.lang.Object, java.lang.Object, java.lang.Object, java.lang.Object)'> (0x00000007aad5fee8) 
thrown [s\src\hotspot\share\interpreter\linkResolver.cpp, line 773]
Event: 9.376 Thread 0x000001f0124bcdf0 Exception <a 'java/lang/NoSuchMethodError'{0x00000007aadd7770}: 'java.lang.Object java.lang.invoke.Invokers$Holder.invoker(java.lang.Object, java.lang.Object, java.lang.Object, java.lang.Object, java.lang.Object, java.lang.Object, java.lang.Object, java.lang.Object, java.lang.Object, java.lang.Object, java.lang.Object, java.lang.Object, java.lang.Object)'> (0x00000007aadd7770) 
thrown [s\src\hotspot\share\interpreter\linkResolver.cpp, line 773]
Event: 9.376 Thread 0x000001f0124bcdf0 Exception <a 'java/lang/NoSuchMethodError'{0x00000007aade1c08}: 'java.lang.Object java.lang.invoke.DelegatingMethodHandle$Holder.delegate(java.lang.Object, java.lang.Object, java.lang.Object, java.lang.Object, java.lang.Object, java.lang.Object, java.lang.Object, java.lang.Object, java.lang.Object, java.lang.Object, java.lang.Object, java.lang.Object, java.lang.Object)'> (0x00000007aade1c08) 
thrown [s\src\hotspot\share\interpreter\linkResolver.cpp, line 773]
Event: 9.389 Thread 0x000001f0124bcdf0 Exception <a 'java/lang/NoSuchMethodError'{0x00000007aae4d820}: static Lorg/eclipse/m2e/core/internal/lifecyclemapping/model/PluginExecutionMetadata;.<clinit>()V> (0x00000007aae4d820) 
thrown [s\src\hotspot\share\prims\jni.cpp, line 1111]
Event: 9.399 Thread 0x000001f0124bcdf0 Exception <a 'java/lang/NoSuchMethodError'{0x00000007aaead968}: static Lorg/eclipse/m2e/core/internal/lifecyclemapping/model/PluginExecutionFilter;.<clinit>()V> (0x00000007aaead968) 
thrown [s\src\hotspot\share\prims\jni.cpp, line 1111]
Event: 9.410 Thread 0x000001f0124bcdf0 Exception <a 'java/lang/NoSuchMethodError'{0x00000007aaedd490}: static Lorg/eclipse/m2e/core/internal/project/registry/MavenProjectFacade$MavenProjectConfiguration;.<clinit>()V> (0x00000007aaedd490) 
thrown [s\src\hotspot\share\prims\jni.cpp, line 1111]
Event: 11.629 Thread 0x000001f0124bcdf0 Exception <a 'java/lang/NoSuchMethodError'{0x00000007ab60db98}: 'double java.lang.invoke.DirectMethodHandle$Holder.invokeStatic(java.lang.Object, java.lang.Object)'> (0x00000007ab60db98) 
thrown [s\src\hotspot\share\interpreter\linkResolver.cpp, line 773]
Event: 11.629 Thread 0x000001f0124bcdf0 Exception <a 'java/lang/NoSuchMethodError'{0x00000007ab611258}: 'double java.lang.invoke.DirectMethodHandle$Holder.invokeStaticInit(java.lang.Object, java.lang.Object)'> (0x00000007ab611258) 
thrown [s\src\hotspot\share\interpreter\linkResolver.cpp, line 773]
Event: 11.637 Thread 0x000001f012ada750 Exception <a 'java/lang/NoSuchMethodError'{0x00000007ab742e88}: 'java.lang.Object java.lang.invoke.DirectMethodHandle$Holder.invokeSpecialIFC(java.lang.Object, java.lang.Object, java.lang.Object, java.lang.Object)'> (0x00000007ab742e88) 
thrown [s\src\hotspot\share\interpreter\linkResolver.cpp, line 773]

ZGC Phase Switch (0 events):
No events

VM Operations (20 events):
Event: 8.745 Executing safepoint VM operation: ICBufferFull done
Event: 8.805 Executing safepoint VM operation: ParallelGCFailedAllocation (Allocation Failure)
Event: 8.812 Executing safepoint VM operation: ParallelGCFailedAllocation (Allocation Failure) done
Event: 9.134 Executing non-safepoint VM operation: HandshakeAllThreads (Deoptimize)
Event: 9.134 Executing non-safepoint VM operation: HandshakeAllThreads (Deoptimize) done
Event: 9.161 Executing safepoint VM operation: CollectForMetadataAllocation (Metadata GC Threshold)
Event: 9.234 Executing safepoint VM operation: CollectForMetadataAllocation (Metadata GC Threshold) done
Event: 11.243 Executing safepoint VM operation: Cleanup
Event: 11.516 Executing safepoint VM operation: Cleanup done
Event: 11.551 Executing non-safepoint VM operation: HandshakeAllThreads (Deoptimize)
Event: 11.551 Executing non-safepoint VM operation: HandshakeAllThreads (Deoptimize) done
Event: 11.567 Executing non-safepoint VM operation: HandshakeAllThreads (Deoptimize)
Event: 11.568 Executing non-safepoint VM operation: HandshakeAllThreads (Deoptimize) done
Event: 11.767 Executing safepoint VM operation: ParallelGCFailedAllocation (Allocation Failure)
Event: 11.771 Executing safepoint VM operation: ParallelGCFailedAllocation (Allocation Failure) done
Event: 12.774 Executing safepoint VM operation: Cleanup
Event: 12.934 Executing safepoint VM operation: Cleanup done
Event: 13.102 Executing safepoint VM operation: ParallelGCFailedAllocation (Allocation Failure)
Event: 14.103 Executing safepoint VM operation: ParallelGCFailedAllocation (Allocation Failure) done
Event: 15.111 Executing safepoint VM operation: Cleanup

Memory protections (0 events):
No events

Nmethod flushes (0 events):
No events

Events (20 events):
Event: 3.430 Thread 0x000001efb437e630 Thread added: 0x000001f0124bcdf0
Event: 3.473 Thread 0x000001f0124d93c0 Thread exited: 0x000001f0124d93c0
Event: 3.832 Thread 0x000001efcf7686a0 Thread added: 0x000001f01715f2b0
Event: 3.844 Thread 0x000001efcf7686a0 Thread added: 0x000001f017160130
Event: 4.387 Thread 0x000001f0124bcdf0 Thread added: 0x000001f0178b0900
Event: 4.906 Thread 0x000001f017160130 Thread exited: 0x000001f017160130
Event: 4.906 Thread 0x000001f01715f2b0 Thread exited: 0x000001f01715f2b0
Event: 6.523 Thread 0x000001f0124bcdf0 Thread added: 0x000001f017be6200
Event: 6.889 Thread 0x000001efcf7686a0 Thread added: 0x000001f0173a1de0
Event: 6.889 Thread 0x000001efcf7686a0 Thread added: 0x000001f01245a6a0
Event: 7.239 Thread 0x000001f01245a6a0 Thread exited: 0x000001f01245a6a0
Event: 7.586 Thread 0x000001f0124bcdf0 Thread added: 0x000001f017a487a0
Event: 8.414 Thread 0x000001f0124bcdf0 Thread added: 0x000001f012ad8680
Event: 8.508 Thread 0x000001f0124bcdf0 Thread added: 0x000001f012ad93a0
Event: 8.561 Thread 0x000001f0124bcdf0 Thread added: 0x000001f012ada0c0
Event: 8.761 Thread 0x000001f012ada0c0 Thread added: 0x000001f012ada750
Event: 10.083 Thread 0x000001f0173a1de0 Thread exited: 0x000001f0173a1de0
Event: 11.517 Thread 0x000001f012ada750 Thread added: 0x000001f012adade0
Event: 11.661 Thread 0x000001efcf7686a0 Thread added: 0x000001f012829960
Event: 11.680 Thread 0x000001f012829960 Thread added: 0x000001f01714a6e0


Dynamic libraries:
0x00007ff721c70000 - 0x00007ff721c7e000 	c:\Users\admin\.vscode\extensions\redhat.java-1.56.0-win32-x64\jre\21.0.12.1-win32-x86_64\bin\java.exe
0x00007ffd0baa0000 - 0x00007ffd0bd07000 	C:\WINDOWS\SYSTEM32\ntdll.dll
0x00007ffd0ae80000 - 0x00007ffd0af49000 	C:\WINDOWS\System32\KERNEL32.DLL
0x00007ffd08370000 - 0x00007ffd08764000 	C:\WINDOWS\System32\KERNELBASE.dll
0x00007ffd05250000 - 0x00007ffd052ef000 	C:\WINDOWS\SYSTEM32\apphelp.dll
0x00007ffd09580000 - 0x00007ffd096cb000 	C:\WINDOWS\System32\ucrtbase.dll
0x00007ffceda80000 - 0x00007ffceda98000 	c:\Users\admin\.vscode\extensions\redhat.java-1.56.0-win32-x64\jre\21.0.12.1-win32-x86_64\bin\jli.dll
0x00007ffced870000 - 0x00007ffced88e000 	c:\Users\admin\.vscode\extensions\redhat.java-1.56.0-win32-x64\jre\21.0.12.1-win32-x86_64\bin\VCRUNTIME140.dll
0x00007ffd0af50000 - 0x00007ffd0b115000 	C:\WINDOWS\System32\USER32.dll
0x00007ffd09800000 - 0x00007ffd09827000 	C:\WINDOWS\System32\win32u.dll
0x00007ffd0b6a0000 - 0x00007ffd0b6cb000 	C:\WINDOWS\System32\GDI32.dll
0x00007ffd096d0000 - 0x00007ffd097fa000 	C:\WINDOWS\System32\gdi32full.dll
0x00007ffd08770000 - 0x00007ffd08813000 	C:\WINDOWS\System32\msvcp_win.dll
0x00007ffceab60000 - 0x00007ffceadf3000 	C:\WINDOWS\WinSxS\amd64_microsoft.windows.common-controls_6595b64144ccf1df_6.0.26100.8115_none_3e075c82e3354f9c\COMCTL32.dll
0x00007ffd0a270000 - 0x00007ffd0a319000 	C:\WINDOWS\System32\msvcrt.dll
0x00007ffd0b3d0000 - 0x00007ffd0b402000 	C:\WINDOWS\System32\IMM32.DLL
0x00007ffcf99e0000 - 0x00007ffcf99ec000 	c:\Users\admin\.vscode\extensions\redhat.java-1.56.0-win32-x64\jre\21.0.12.1-win32-x86_64\bin\vcruntime140_1.dll
0x00007ffcd4450000 - 0x00007ffcd44dd000 	c:\Users\admin\.vscode\extensions\redhat.java-1.56.0-win32-x64\jre\21.0.12.1-win32-x86_64\bin\msvcp140.dll
0x00007ffc504b0000 - 0x00007ffc51252000 	c:\Users\admin\.vscode\extensions\redhat.java-1.56.0-win32-x64\jre\21.0.12.1-win32-x86_64\bin\server\jvm.dll
0x00007ffd0b270000 - 0x00007ffd0b326000 	C:\WINDOWS\System32\ADVAPI32.dll
0x00007ffd0b1c0000 - 0x00007ffd0b267000 	C:\WINDOWS\System32\sechost.dll
0x00007ffd0a320000 - 0x00007ffd0a438000 	C:\WINDOWS\System32\RPCRT4.dll
0x00007ffd0adf0000 - 0x00007ffd0ae70000 	C:\WINDOWS\System32\WS2_32.dll
0x00007ffd081d0000 - 0x00007ffd0822e000 	C:\WINDOWS\SYSTEM32\POWRPROF.dll
0x00007ffceea70000 - 0x00007ffceeaa6000 	C:\WINDOWS\SYSTEM32\WINMM.dll
0x00007ffd05ff0000 - 0x00007ffd05ffb000 	C:\WINDOWS\SYSTEM32\VERSION.dll
0x00007ffd081b0000 - 0x00007ffd081c4000 	C:\WINDOWS\SYSTEM32\UMPDC.dll
0x00007ffd070c0000 - 0x00007ffd070db000 	C:\WINDOWS\SYSTEM32\kernel.appcore.dll
0x00007ffcf2040000 - 0x00007ffcf204a000 	c:\Users\admin\.vscode\extensions\redhat.java-1.56.0-win32-x64\jre\21.0.12.1-win32-x86_64\bin\jimage.dll
0x00007ffd05d50000 - 0x00007ffd05f92000 	C:\WINDOWS\SYSTEM32\DBGHELP.DLL
0x00007ffd0b6d0000 - 0x00007ffd0ba52000 	C:\WINDOWS\System32\combase.dll
0x00007ffd0b410000 - 0x00007ffd0b4e7000 	C:\WINDOWS\System32\OLEAUT32.dll
0x00007ffcf0280000 - 0x00007ffcf02bb000 	C:\WINDOWS\SYSTEM32\dbgcore.DLL
0x00007ffd08c60000 - 0x00007ffd08d05000 	C:\WINDOWS\System32\bcryptPrimitives.dll
0x00007ffd051d0000 - 0x00007ffd051df000 	c:\Users\admin\.vscode\extensions\redhat.java-1.56.0-win32-x64\jre\21.0.12.1-win32-x86_64\bin\instrument.dll
0x00007ffce9b80000 - 0x00007ffce9ba0000 	c:\Users\admin\.vscode\extensions\redhat.java-1.56.0-win32-x64\jre\21.0.12.1-win32-x86_64\bin\java.dll
0x00007ffd0a520000 - 0x00007ffd0ac86000 	C:\WINDOWS\System32\SHELL32.dll
0x00007ffd08af0000 - 0x00007ffd08c5a000 	C:\WINDOWS\System32\wintypes.dll
0x00007ffd08d10000 - 0x00007ffd09575000 	C:\WINDOWS\System32\windows.storage.dll
0x00007ffd09930000 - 0x00007ffd09a27000 	C:\WINDOWS\System32\SHCORE.dll
0x00007ffd0a130000 - 0x00007ffd0a196000 	C:\WINDOWS\System32\shlwapi.dll
0x00007ffd08290000 - 0x00007ffd082b9000 	C:\WINDOWS\SYSTEM32\profapi.dll
0x00007ffce3760000 - 0x00007ffce3778000 	c:\Users\admin\.vscode\extensions\redhat.java-1.56.0-win32-x64\jre\21.0.12.1-win32-x86_64\bin\zip.dll
0x00007ffd02b10000 - 0x00007ffd02b20000 	C:\Users\admin\.vscode\extensions\redhat.java-1.56.0-win32-x64\jre\21.0.12.1-win32-x86_64\bin\net.dll
0x00007ffd01d50000 - 0x00007ffd01e7d000 	C:\WINDOWS\SYSTEM32\WINHTTP.dll
0x00007ffd07610000 - 0x00007ffd0767c000 	C:\WINDOWS\system32\mswsock.dll
0x00007ffd02af0000 - 0x00007ffd02b06000 	C:\Users\admin\.vscode\extensions\redhat.java-1.56.0-win32-x64\jre\21.0.12.1-win32-x86_64\bin\nio.dll
0x00007ffd02ae0000 - 0x00007ffd02af0000 	c:\Users\admin\.vscode\extensions\redhat.java-1.56.0-win32-x64\jre\21.0.12.1-win32-x86_64\bin\verify.dll
0x00007ffcef1a0000 - 0x00007ffcef1e5000 	C:\Users\admin\AppData\Roaming\Code\User\globalStorage\redhat.java\1.56.0\config_win\org.eclipse.equinox.launcher\org.eclipse.equinox.launcher.win32.win32.x86_64_1.3.100.v20260804-1928\eclipse_11924.dll
0x00007ffd0b500000 - 0x00007ffd0b697000 	C:\WINDOWS\System32\ole32.dll
0x00007ffd07a10000 - 0x00007ffd07a2b000 	C:\WINDOWS\SYSTEM32\CRYPTSP.dll
0x00007ffd07020000 - 0x00007ffd07059000 	C:\WINDOWS\system32\rsaenh.dll
0x00007ffd076c0000 - 0x00007ffd076f3000 	C:\WINDOWS\SYSTEM32\USERENV.dll
0x00007ffd08260000 - 0x00007ffd0828a000 	C:\WINDOWS\SYSTEM32\bcrypt.dll
0x00007ffd07870000 - 0x00007ffd0787c000 	C:\WINDOWS\SYSTEM32\CRYPTBASE.dll
0x00007ffd06bf0000 - 0x00007ffd06c22000 	C:\WINDOWS\SYSTEM32\IPHLPAPI.DLL
0x00007ffd0b4f0000 - 0x00007ffd0b4fa000 	C:\WINDOWS\System32\NSI.dll
0x00007ffce0160000 - 0x00007ffce01a9000 	C:\Users\admin\AppData\Local\Temp\jna-92668751\jna11899424521792154129.dll
0x00007ffd0a260000 - 0x00007ffd0a268000 	C:\WINDOWS\System32\PSAPI.DLL

JVMTI agents:
c:\Users\admin\.vscode\extensions\redhat.java-1.56.0-win32-x64\lombok\lombok-1.18.39-4050.jar path:c:\Users\admin\.vscode\extensions\redhat.java-1.56.0-win32-x64\jre\21.0.12.1-win32-x86_64\bin\instrument.dll, loaded, initialized, instrumentlib options:none

dbghelp: loaded successfully - version: 4.0.5 - missing functions: none
symbol engine: initialized successfully - sym options: 0x614 - pdb path: .;c:\Users\admin\.vscode\extensions\redhat.java-1.56.0-win32-x64\jre\21.0.12.1-win32-x86_64\bin;C:\WINDOWS\SYSTEM32;C:\WINDOWS\WinSxS\amd64_microsoft.windows.common-controls_6595b64144ccf1df_6.0.26100.8115_none_3e075c82e3354f9c;c:\Users\admin\.vscode\extensions\redhat.java-1.56.0-win32-x64\jre\21.0.12.1-win32-x86_64\bin\server;C:\Users\admin\AppData\Roaming\Code\User\globalStorage\redhat.java\1.56.0\config_win\org.eclipse.equinox.launcher\org.eclipse.equinox.launcher.win32.win32.x86_64_1.3.100.v20260804-1928;C:\Users\admin\AppData\Local\Temp\jna-92668751

VM Arguments:
jvm_args: --add-modules=ALL-SYSTEM --add-opens=java.base/java.util=ALL-UNNAMED --add-opens=java.base/java.lang=ALL-UNNAMED --add-opens=java.base/sun.nio.fs=ALL-UNNAMED -Declipse.application=org.eclipse.jdt.ls.core.id1 -Dosgi.bundles.defaultStartLevel=4 -Declipse.product=org.eclipse.jdt.ls.core.product -Djava.import.generatesMetadataFilesAtProjectRoot=false -Dm2e.project.cache.size=50 -DDetectVMInstallationsJob.disabled=true -Dfile.encoding=utf8 -XX:+UseParallelGC -XX:GCTimeRatio=4 -XX:AdaptiveSizePolicyWeight=90 -Dsun.zip.disableMemoryMapping=true -Xmx4G -Xms100m -Xlog:disable -javaagent:c:\Users\admin\.vscode\extensions\redhat.java-1.56.0-win32-x64\lombok\lombok-1.18.39-4050.jar -XX:+HeapDumpOnOutOfMemoryError -XX:HeapDumpPath=c:\Users\admin\AppData\Roaming\Code\User\workspaceStorage\8d4d080e920730285268a385d66d5bf5\redhat.java -Daether.dependencyCollector.impl=bf 
java_command: c:\Users\admin\.vscode\extensions\redhat.java-1.56.0-win32-x64\server\plugins\org.eclipse.equinox.launcher_1.8.0.v20260804-1928.jar -configuration c:\Users\admin\AppData\Roaming\Code\User\globalStorage\redhat.java\1.56.0\config_win -data c:\Users\admin\AppData\Roaming\Code\User\workspaceStorage\8d4d080e920730285268a385d66d5bf5\redhat.java\jdt_ws --pipe=\\.\pipe\lsp-855e991d2f675ed43bf29d79154686b5-sock
java_class_path (initial): c:\Users\admin\.vscode\extensions\redhat.java-1.56.0-win32-x64\server\plugins\org.eclipse.equinox.launcher_1.8.0.v20260804-1928.jar
Launcher Type: SUN_STANDARD

[Global flags]
    uintx AdaptiveSizePolicyWeight                 = 90                                        {product} {command line}
     intx CICompilerCount                          = 4                                         {product} {ergonomic}
    uintx GCTimeRatio                              = 4                                         {product} {command line}
     bool HeapDumpOnOutOfMemoryError               = true                                   {manageable} {command line}
    ccstr HeapDumpPath                             = c:\Users\admin\AppData\Roaming\Code\User\workspaceStorage\8d4d080e920730285268a385d66d5bf5\redhat.java         {manageable} {command line}
   size_t InitialHeapSize                          = 104857600                                 {product} {command line}
   size_t MaxHeapSize                              = 4294967296                                {product} {command line}
   size_t MaxNewSize                               = 1431306240                                {product} {ergonomic}
   size_t MinHeapDeltaBytes                        = 524288                                    {product} {ergonomic}
   size_t MinHeapSize                              = 104857600                                 {product} {command line}
   size_t NewSize                                  = 34603008                                  {product} {ergonomic}
    uintx NonNMethodCodeHeapSize                   = 5839372                                {pd product} {ergonomic}
    uintx NonProfiledCodeHeapSize                  = 122909434                              {pd product} {ergonomic}
   size_t OldSize                                  = 70254592                                  {product} {ergonomic}
    uintx ProfiledCodeHeapSize                     = 122909434                              {pd product} {ergonomic}
    uintx ReservedCodeCacheSize                    = 251658240                              {pd product} {ergonomic}
     bool SegmentedCodeCache                       = true                                      {product} {ergonomic}
   size_t SoftMaxHeapSize                          = 4294967296                             {manageable} {ergonomic}
     bool UseCompressedOops                        = true                           {product lp64_product} {ergonomic}
     bool UseLargePagesIndividualAllocation        = false                                  {pd product} {ergonomic}
     bool UseParallelGC                            = true                                      {product} {command line}

Logging:
Log output configuration:
 #0: stdout all=off uptime,level,tags foldmultilines=false
 #1: stderr all=off uptime,level,tags foldmultilines=false

Release file:
JAVA_VERSION="21.0.12.1" 
MODULES="java.base java.compiler java.datatransfer java.xml java.prefs java.desktop java.instrument java.logging java.management java.security.sasl java.naming java.rmi java.management.rmi java.net.http java.scripting java.security.jgss java.transaction.xa java.sql java.sql.rowset java.xml.crypto java.se java.smartcardio jdk.accessibility jdk.internal.jvmstat jdk.attach jdk.charsets jdk.internal.opt jdk.zipfs jdk.compiler jdk.crypto.ec jdk.crypto.cryptoki jdk.crypto.mscapi jdk.dynalink jdk.internal.ed jdk.editpad jdk.hotspot.agent jdk.httpserver jdk.internal.le jdk.internal.vm.ci jdk.internal.vm.compiler jdk.internal.vm.compiler.management jdk.jartool jdk.javadoc jdk.jcmd jdk.management jdk.management.agent jdk.jconsole jdk.jdeps jdk.jdwp.agent jdk.jdi jdk.jfr jdk.jshell jdk.jsobject jdk.jstatd jdk.localedata jdk.management.jfr jdk.naming.dns jdk.naming.rmi jdk.net jdk.nio.mapmode jdk.random jdk.sctp jdk.security.auth jdk.security.jgss jdk.unsupported jdk.unsupported.desktop jdk.xml.dom" 

Environment Variables:
PATH=C:\app\admin\product\21c\dbhomeXE\bin;C:\Program Files\Eclipse Adoptium\jdk-17.0.16.8-hotspot\bin;C:\WINDOWS\system32;C:\WINDOWS;C:\WINDOWS\System32\Wbem;C:\WINDOWS\System32\WindowsPowerShell\v1.0\;C:\WINDOWS\System32\OpenSSH\;C:\Program Files\Git\cmd;C:\Program Files\nodejs\;C:\Program Files\Docker\Docker\resources\bin;C:\Program Files\PostgreSQL\18\bin;C:\Users\admin\AppData\Local\Programs\Python\Python313\Scripts\;C:\Users\admin\AppData\Local\Programs\Python\Python313\;C:\Users\admin\AppData\Local\Programs\Python\Python314\;C:\Users\admin\AppData\Local\Programs\Python\Python314\Scripts\;C:\Program Files\MySQL\MySQL Shell 8.0\bin\;C:\Users\admin\AppData\Local\Programs\Python\Launcher\;C:\Users\admin\AppData\Local\Microsoft\WindowsApps;C:\Users\admin\AppData\Local\Programs\Microsoft VS Code\bin;C:\msys64\ucrt64\bin;C:\Program Files\JetBrains\IntelliJ IDEA 2025.2.1\bin;C:\Users\admin\AppData\Local\Programs\Antigravity\bin;C:\Users\admin\AppData\Roaming\npm;C:\Program Files (x86)\GnuWin32\bin;C:\Program Files (x86)\GnuWin32\bin;C:\msys64\usr\bin;C:\msys64\mingw64\bin;C:\flutterFeature\flutter\bin;C:\Users\admin\AppData\Local\Android\Sdk\platform-tools;C:\Users\admin\AppData\Local\Android\Sdk\build-tools\37.0.0;
USERNAME=admin
OS=Windows_NT
PROCESSOR_IDENTIFIER=Intel64 Family 6 Model 142 Stepping 12, GenuineIntel
TMP=C:\Users\admin\AppData\Local\Temp
TEMP=C:\Users\admin\AppData\Local\Temp




Periodic native trim disabled

---------------  S Y S T E M  ---------------

OS:
 Windows 11 , 64 bit Build 26100 (10.0.26100.8115)
OS uptime: 1 days 0:58 hours
Hyper-V role detected

CPU: total 8 (initial active 8) (4 cores per cpu, 2 threads per core) family 6 model 142 stepping 12 microcode 0x100, cx8, cmov, fxsr, ht, mmx, 3dnowpref, sse, sse2, sse3, ssse3, sse4.1, sse4.2, popcnt, lzcnt, tsc, tscinvbit, avx, avx2, aes, erms, clmul, bmi1, bmi2, adx, fma, vzeroupper, clflush, clflushopt, hv, rdtscp, f16c
Processor Information for processor 0
  Max Mhz: 2304, Current Mhz: 1803, Mhz Limit: 1797
Processor Information for processor 1
  Max Mhz: 2304, Current Mhz: 1502, Mhz Limit: 1797
Processor Information for processor 2
  Max Mhz: 2304, Current Mhz: 1803, Mhz Limit: 1797
Processor Information for processor 3
  Max Mhz: 2304, Current Mhz: 1502, Mhz Limit: 1797
Processor Information for processor 4
  Max Mhz: 2304, Current Mhz: 1502, Mhz Limit: 1797
Processor Information for processor 5
  Max Mhz: 2304, Current Mhz: 1502, Mhz Limit: 1797
Processor Information for processor 6
  Max Mhz: 2304, Current Mhz: 1502, Mhz Limit: 1797
Processor Information for processor 7
  Max Mhz: 2304, Current Mhz: 1803, Mhz Limit: 1797

Memory: 4k page, system-wide physical 16157M (6696M free)
TotalPageFile size 65309M (AvailPageFile size 5M)
current process WorkingSet (physical memory assigned to process): 171M, peak: 171M
current process commit charge ("private bytes"): 367M, peak: 367M

vm_info: OpenJDK 64-Bit Server VM (21.0.12.1+1-LTS) for windows-amd64 JRE (21.0.12.1+1-LTS), built on 2026-08-18T00:00:00Z by "admin" with MS VC++ 17.12 (VS2022)

END.
