#
# There is insufficient memory for the Java Runtime Environment to continue.
# Native memory allocation (malloc) failed to allocate 697328 bytes. Error detail: Chunk::new
# Possible reasons:
#   The system is out of physical RAM or swap space
#   This process is running with CompressedOops enabled, and the Java Heap may be blocking the growth of the native heap
# Possible solutions:
#   Reduce memory load on the system
#   Increase physical memory or swap space
#   Check if swap backing store is full
#   Decrease Java heap size (-Xmx/-Xms)
#   Decrease number of Java threads
#   Decrease Java thread stack sizes (-Xss)
#   Set larger code cache with -XX:ReservedCodeCacheSize=
#   JVM is running with Zero Based Compressed Oops mode in which the Java heap is
#     placed in the first 32GB address space. The Java Heap base address is the
#     maximum limit for the native heap growth. Please use -XX:HeapBaseMinAddress
#     to set the Java Heap base and to place the Java Heap above 32GB virtual address.
# This output file may be truncated or incomplete.
#
#  Out of Memory Error (arena.cpp:168), pid=31132, tid=20412
#
# JRE version: OpenJDK Runtime Environment Temurin-21.0.12.1+1 (21.0.12.1+1) (build 21.0.12.1+1-LTS)
# Java VM: OpenJDK 64-Bit Server VM Temurin-21.0.12.1+1 (21.0.12.1+1-LTS, mixed mode, sharing, tiered, compressed oops, compressed class ptrs, parallel gc, windows-amd64)
# No core dump will be written. Minidumps are not enabled by default on client versions of Windows
#

---------------  S U M M A R Y ------------

Command Line: --add-modules=ALL-SYSTEM --add-opens=java.base/java.util=ALL-UNNAMED --add-opens=java.base/java.lang=ALL-UNNAMED --add-opens=java.base/sun.nio.fs=ALL-UNNAMED -Declipse.application=org.eclipse.jdt.ls.core.id1 -Dosgi.bundles.defaultStartLevel=4 -Declipse.product=org.eclipse.jdt.ls.core.product -Djava.import.generatesMetadataFilesAtProjectRoot=false -Dm2e.project.cache.size=50 -DDetectVMInstallationsJob.disabled=true -Dfile.encoding=utf8 -XX:+UseParallelGC -XX:GCTimeRatio=4 -XX:AdaptiveSizePolicyWeight=90 -Dsun.zip.disableMemoryMapping=true -Xmx4G -Xms100m -Xlog:disable -javaagent:c:\Users\admin\.vscode\extensions\redhat.java-1.56.0-win32-x64\lombok\lombok-1.18.39-4050.jar -XX:+HeapDumpOnOutOfMemoryError -XX:HeapDumpPath=c:\Users\admin\AppData\Roaming\Code\User\workspaceStorage\8d4d080e920730285268a385d66d5bf5\redhat.java -Daether.dependencyCollector.impl=bf c:\Users\admin\.vscode\extensions\redhat.java-1.56.0-win32-x64\server\plugins\org.eclipse.equinox.launcher_1.8.0.v20260804-1928.jar -configuration c:\Users\admin\AppData\Roaming\Code\User\globalStorage\redhat.java\1.56.0\config_win -data c:\Users\admin\AppData\Roaming\Code\User\workspaceStorage\8d4d080e920730285268a385d66d5bf5\redhat.java\jdt_ws --pipe=\\.\pipe\lsp-136b141a5e5b97b4867db8336f92cd5e-sock

Host: Intel(R) Core(TM) i7-10510U CPU @ 1.80GHz, 8 cores, 15G,  Windows 11 , 64 bit Build 26100 (10.0.26100.8115)
Time: Fri Sep 25 10:16:52 2026 elapsed time: 18.745929 seconds (0d 0h 0m 18s)

---------------  T H R E A D  ---------------

Current thread (0x000001871d3aa9d0):  JavaThread "C2 CompilerThread2" daemon [_thread_in_native, id=20412, stack(0x0000000c7c700000,0x0000000c7c800000) (1024K)]


Current CompileTask:
C2:18747 5488   !   4       java.util.zip.InflaterInputStream::read (129 bytes)

Stack: [0x0000000c7c700000,0x0000000c7c800000]
Native frames: (J=compiled Java code, j=interpreted, Vv=VM code, C=native code)
V  [jvm.dll+0x6d83e9]
V  [jvm.dll+0x8b5736]
V  [jvm.dll+0x8b7cee]
V  [jvm.dll+0x8b83d3]
V  [jvm.dll+0x284596]
V  [jvm.dll+0xc685d]
V  [jvm.dll+0xc6da1]
V  [jvm.dll+0x3bf18b]
V  [jvm.dll+0x1e4149]
V  [jvm.dll+0x24c853]
V  [jvm.dll+0x24bce0]
V  [jvm.dll+0x1cb4ae]
V  [jvm.dll+0x25baad]
V  [jvm.dll+0x25a03a]
V  [jvm.dll+0x3f8aae]
V  [jvm.dll+0x8600cd]
V  [jvm.dll+0x6d6c1d]
C  [ucrtbase.dll+0x37b0]
C  [KERNEL32.DLL+0x2e8d7]
C  [ntdll.dll+0x8c3fc]


---------------  P R O C E S S  ---------------

Threads class SMR info:
_java_thread_list=0x000001871f57f0f0, length=46, elements={
0x00000186b71e5e60, 0x00000186b967e820, 0x00000186d499ce00, 0x00000186d49a47b0,
0x00000186d49a7090, 0x00000186d49a8ee0, 0x00000186d49acbf0, 0x00000186d49b36e0,
0x00000186d49b6760, 0x00000187175c7b80, 0x00000187176a1fc0, 0x000001871c7eac60,
0x000001871c8fcbc0, 0x000001871c9276f0, 0x000001871c928130, 0x000001871cd07280,
0x000001871775ebf0, 0x000001871d2fdf00, 0x000001871c2ae7e0, 0x000001871c2b08b0,
0x000001871c2b0220, 0x000001871d3ad980, 0x000001871c2aee70, 0x000001871d3aa9d0,
0x000001871c2b0f40, 0x000001871c2ae150, 0x000001871c2adac0, 0x000001871c2af500,
0x000001871fb93850, 0x000001871fb93ee0, 0x000001871fb910f0, 0x000001871fb92b30,
0x000001871fb91780, 0x000001871fb91e10, 0x000001871fb924a0, 0x000001871fb90a60,
0x000001871fb96640, 0x000001871fb931c0, 0x000001871fb97360, 0x000001871fb96cd0,
0x000001871fb979f0, 0x000001871fb94570, 0x000001871fb98080, 0x000001871fb94c00,
0x000001871fb95290, 0x000001871fb95920
}

Java Threads: ( => current thread )
  0x00000186b71e5e60 JavaThread "main"                              [_thread_blocked, id=21836, stack(0x0000000c7a500000,0x0000000c7a600000) (1024K)]
  0x00000186b967e820 JavaThread "Reference Handler"          daemon [_thread_blocked, id=3484, stack(0x0000000c7a900000,0x0000000c7aa00000) (1024K)]
  0x00000186d499ce00 JavaThread "Finalizer"                  daemon [_thread_blocked, id=14808, stack(0x0000000c7aa00000,0x0000000c7ab00000) (1024K)]
  0x00000186d49a47b0 JavaThread "Signal Dispatcher"          daemon [_thread_blocked, id=16620, stack(0x0000000c7ab00000,0x0000000c7ac00000) (1024K)]
  0x00000186d49a7090 JavaThread "Attach Listener"            daemon [_thread_blocked, id=31828, stack(0x0000000c7ac00000,0x0000000c7ad00000) (1024K)]
  0x00000186d49a8ee0 JavaThread "Service Thread"             daemon [_thread_blocked, id=20132, stack(0x0000000c7ad00000,0x0000000c7ae00000) (1024K)]
  0x00000186d49acbf0 JavaThread "Monitor Deflation Thread"   daemon [_thread_blocked, id=30032, stack(0x0000000c7ae00000,0x0000000c7af00000) (1024K)]
  0x00000186d49b36e0 JavaThread "C2 CompilerThread0"         daemon [_thread_in_native, id=26888, stack(0x0000000c7af00000,0x0000000c7b000000) (1024K)]
  0x00000186d49b6760 JavaThread "C1 CompilerThread0"         daemon [_thread_blocked, id=22812, stack(0x0000000c7b000000,0x0000000c7b100000) (1024K)]
  0x00000187175c7b80 JavaThread "Common-Cleaner"             daemon [_thread_blocked, id=30016, stack(0x0000000c7b100000,0x0000000c7b200000) (1024K)]
  0x00000187176a1fc0 JavaThread "Notification Thread"        daemon [_thread_blocked, id=26916, stack(0x0000000c7b400000,0x0000000c7b500000) (1024K)]
  0x000001871c7eac60 JavaThread "Active Thread: Equinox Container: b35e5268-168e-4df3-b226-dbdd9ffccb1d"        [_thread_blocked, id=3836, stack(0x0000000c7bc00000,0x0000000c7bd00000) (1024K)]
  0x000001871c8fcbc0 JavaThread "Refresh Thread: Equinox Container: b35e5268-168e-4df3-b226-dbdd9ffccb1d" daemon [_thread_blocked, id=28228, stack(0x0000000c7be00000,0x0000000c7bf00000) (1024K)]
  0x000001871c9276f0 JavaThread "Framework Event Dispatcher: Equinox Container: b35e5268-168e-4df3-b226-dbdd9ffccb1d" daemon [_thread_blocked, id=13132, stack(0x0000000c7bf00000,0x0000000c7c000000) (1024K)]
  0x000001871c928130 JavaThread "Start Level: Equinox Container: b35e5268-168e-4df3-b226-dbdd9ffccb1d" daemon [_thread_blocked, id=28684, stack(0x0000000c7c000000,0x0000000c7c100000) (1024K)]
  0x000001871cd07280 JavaThread "Bundle File Closer"         daemon [_thread_blocked, id=16076, stack(0x0000000c7c100000,0x0000000c7c200000) (1024K)]
  0x000001871775ebf0 JavaThread "SCR Component Actor"        daemon [_thread_blocked, id=4744, stack(0x0000000c7b300000,0x0000000c7b400000) (1024K)]
  0x000001871d2fdf00 JavaThread "Worker-JM"                         [_thread_blocked, id=23084, stack(0x0000000c7c300000,0x0000000c7c400000) (1024K)]
  0x000001871c2ae7e0 JavaThread "JNA Cleaner"                daemon [_thread_blocked, id=1100, stack(0x0000000c7b500000,0x0000000c7b600000) (1024K)]
  0x000001871c2b08b0 JavaThread "Worker-0"                          [_thread_blocked, id=16316, stack(0x0000000c7c200000,0x0000000c7c300000) (1024K)]
  0x000001871c2b0220 JavaThread "Worker-1"                          [_thread_blocked, id=27404, stack(0x0000000c7c400000,0x0000000c7c500000) (1024K)]
  0x000001871d3ad980 JavaThread "C2 CompilerThread1"         daemon [_thread_in_native, id=13444, stack(0x0000000c7c500000,0x0000000c7c600000) (1024K)]
  0x000001871c2aee70 JavaThread "Worker-2: Repository registry initialization"        [_thread_in_vm, id=6128, stack(0x0000000c7c600000,0x0000000c7c700000) (1024K)]
=>0x000001871d3aa9d0 JavaThread "C2 CompilerThread2"         daemon [_thread_in_native, id=20412, stack(0x0000000c7c700000,0x0000000c7c800000) (1024K)]
  0x000001871c2b0f40 JavaThread "Java indexing"              daemon [_thread_blocked, id=20152, stack(0x0000000c7c800000,0x0000000c7c900000) (1024K)]
  0x000001871c2ae150 JavaThread "Worker-3"                          [_thread_blocked, id=22380, stack(0x0000000c7cc00000,0x0000000c7cd00000) (1024K)]
  0x000001871c2adac0 JavaThread "Worker-4"                          [_thread_blocked, id=28804, stack(0x0000000c7cd00000,0x0000000c7ce00000) (1024K)]
  0x000001871c2af500 JavaThread "Thread-1"                   daemon [_thread_in_native, id=27608, stack(0x0000000c7ce00000,0x0000000c7cf00000) (1024K)]
  0x000001871fb93850 JavaThread "Thread-2"                   daemon [_thread_in_native, id=28680, stack(0x0000000c7cf00000,0x0000000c7d000000) (1024K)]
  0x000001871fb93ee0 JavaThread "Thread-3"                   daemon [_thread_in_native, id=15020, stack(0x0000000c7d000000,0x0000000c7d100000) (1024K)]
  0x000001871fb910f0 JavaThread "Thread-4"                   daemon [_thread_in_native, id=28244, stack(0x0000000c7d100000,0x0000000c7d200000) (1024K)]
  0x000001871fb92b30 JavaThread "Thread-5"                   daemon [_thread_in_native, id=29896, stack(0x0000000c7d200000,0x0000000c7d300000) (1024K)]
  0x000001871fb91780 JavaThread "Thread-6"                   daemon [_thread_in_native, id=13968, stack(0x0000000c7d300000,0x0000000c7d400000) (1024K)]
  0x000001871fb91e10 JavaThread "Thread-7"                   daemon [_thread_in_native, id=32368, stack(0x0000000c7d400000,0x0000000c7d500000) (1024K)]
  0x000001871fb924a0 JavaThread "Thread-8"                   daemon [_thread_in_native, id=3444, stack(0x0000000c7d500000,0x0000000c7d600000) (1024K)]
  0x000001871fb90a60 JavaThread "Thread-9"                   daemon [_thread_in_native, id=22792, stack(0x0000000c7d600000,0x0000000c7d700000) (1024K)]
  0x000001871fb96640 JavaThread "pool-2-thread-1"                   [_thread_blocked, id=17244, stack(0x0000000c7d700000,0x0000000c7d800000) (1024K)]
  0x000001871fb931c0 JavaThread "WorkspaceEventsHandler"            [_thread_blocked, id=28928, stack(0x0000000c7d800000,0x0000000c7d900000) (1024K)]
  0x000001871fb97360 JavaThread "pool-1-thread-1"                   [_thread_blocked, id=4908, stack(0x0000000c7d900000,0x0000000c7da00000) (1024K)]
  0x000001871fb96cd0 JavaThread "PatternSearchJob-worker-1"  daemon [_thread_blocked, id=29452, stack(0x0000000c7da00000,0x0000000c7db00000) (1024K)]
  0x000001871fb979f0 JavaThread "PatternSearchJob-worker-2"  daemon [_thread_blocked, id=13344, stack(0x0000000c7db00000,0x0000000c7dc00000) (1024K)]
  0x000001871fb94570 JavaThread "PatternSearchJob-worker-3"  daemon [_thread_blocked, id=13388, stack(0x0000000c7dc00000,0x0000000c7dd00000) (1024K)]
  0x000001871fb98080 JavaThread "PatternSearchJob-worker-4"  daemon [_thread_blocked, id=32032, stack(0x0000000c7dd00000,0x0000000c7de00000) (1024K)]
  0x000001871fb94c00 JavaThread "PatternSearchJob-worker-5"  daemon [_thread_blocked, id=25148, stack(0x0000000c7de00000,0x0000000c7df00000) (1024K)]
  0x000001871fb95290 JavaThread "PatternSearchJob-worker-6"  daemon [_thread_blocked, id=5780, stack(0x0000000c7df00000,0x0000000c7e000000) (1024K)]
  0x000001871fb95920 JavaThread "PatternSearchJob-worker-7"  daemon [_thread_blocked, id=1188, stack(0x0000000c7e000000,0x0000000c7e100000) (1024K)]
Total: 46

Other Threads:
  0x00000186d4993560 VMThread "VM Thread"                           [id=12044, stack(0x0000000c7a800000,0x0000000c7a900000) (1024K)]
  0x00000186d48aca00 WatcherThread "VM Periodic Task Thread"        [id=19468, stack(0x0000000c7a700000,0x0000000c7a800000) (1024K)]
  0x00000186b95df560 WorkerThread "GC Thread#0"                     [id=22844, stack(0x0000000c7a600000,0x0000000c7a700000) (1024K)]
  0x000001871c4fa3b0 WorkerThread "GC Thread#1"                     [id=7968, stack(0x0000000c7b600000,0x0000000c7b700000) (1024K)]
  0x000001871c789990 WorkerThread "GC Thread#2"                     [id=16676, stack(0x0000000c7b700000,0x0000000c7b800000) (1024K)]
  0x000001871c789d40 WorkerThread "GC Thread#3"                     [id=5192, stack(0x0000000c7b800000,0x0000000c7b900000) (1024K)]
  0x000001871c8de2a0 WorkerThread "GC Thread#4"                     [id=20336, stack(0x0000000c7b900000,0x0000000c7ba00000) (1024K)]
  0x000001871c8de650 WorkerThread "GC Thread#5"                     [id=26860, stack(0x0000000c7ba00000,0x0000000c7bb00000) (1024K)]
  0x000001871c8dea00 WorkerThread "GC Thread#6"                     [id=20320, stack(0x0000000c7bb00000,0x0000000c7bc00000) (1024K)]
  0x000001871c65cf60 WorkerThread "GC Thread#7"                     [id=13640, stack(0x0000000c7bd00000,0x0000000c7be00000) (1024K)]
Total: 10

Threads with active compile tasks:
C2 CompilerThread0  18900 5521       4       org.eclipse.osgi.internal.loader.ModuleClassLoader::toString (80 bytes)
C2 CompilerThread1  18900 5536   !   4       org.eclipse.osgi.internal.loader.BundleLoader::findClass0 (490 bytes)
C2 CompilerThread2  18901 5488   !   4       java.util.zip.InflaterInputStream::read (129 bytes)
Total: 3

VM state: not at safepoint (normal execution)

VM Mutex/Monitor currently owned by a thread: None

Heap address: 0x0000000700000000, size: 4096 MB, Compressed Oops mode: Zero based, Oop shift amount: 3

CDS archive(s) mapped at: [0x00000186d5000000-0x00000186d5ba0000-0x00000186d5ba0000), size 12189696, SharedBaseAddress: 0x00000186d5000000, ArchiveRelocationMode: 1.
Compressed class space mapped at: 0x00000186d6000000-0x0000018716000000, reserved size: 1073741824
Narrow klass base: 0x00000186d5000000, Narrow klass shift: 0, Narrow klass range: 0x100000000

GC Precious Log:
 CardTable entry size: 512
 CPUs: 8 total, 8 available
 Memory: 16157M
 Large Page Support: Disabled
 NUMA Support: Disabled
 Compressed Oops: Enabled (Zero based)
 Alignments: Space 512K, Generation 512K, Heap 2M
 Heap Min Capacity: 100M
 Heap Initial Capacity: 100M
 Heap Max Capacity: 4G
 Pre-touch: Disabled
 Parallel Workers: 8

Heap:
 PSYoungGen      total 24064K, used 18839K [0x00000007aab00000, 0x00000007ac600000, 0x0000000800000000)
  eden space 22016K, 76% used [0x00000007aab00000,0x00000007abb66738,0x00000007ac080000)
  from space 2048K, 99% used [0x00000007ac200000,0x00000007ac3ff7e0,0x00000007ac400000)
  to   space 2048K, 0% used [0x00000007ac400000,0x00000007ac400000,0x00000007ac600000)
 ParOldGen       total 68608K, used 29126K [0x0000000700000000, 0x0000000704300000, 0x00000007aab00000)
  object space 68608K, 42% used [0x0000000700000000,0x0000000701c71860,0x0000000704300000)
 Metaspace       used 41968K, committed 43264K, reserved 1114112K
  class space    used 4543K, committed 5120K, reserved 1048576K

Card table byte_map: [0x00000186cb7c0000,0x00000186cbfd0000] _byte_map_base: 0x00000186c7fc0000

Marking Bits: (ParMarkBitMap*) 0x00007ffc511744a0
 Begin Bits: [0x00000186cbfd0000, 0x00000186cffd0000)
 End Bits:   [0x00000186cffd0000, 0x00000186d3fd0000)

Polling page: 0x00000186b75a0000

Metaspace:

Usage:
  Non-class:     36.55 MB used.
      Class:      4.44 MB used.
       Both:     40.99 MB used.

Virtual space:
  Non-class space:       64.00 MB reserved,      37.25 MB ( 58%) committed,  1 nodes.
      Class space:        1.00 GB reserved,       5.00 MB ( <1%) committed,  1 nodes.
             Both:        1.06 GB reserved,      42.25 MB (  4%) committed. 

Chunk freelists:
   Non-Class:  10.55 MB
       Class:  10.83 MB
        Both:  21.38 MB

MaxMetaspaceSize: unlimited
CompressedClassSpaceSize: 1.00 GB
Initial GC threshold: 21.00 MB
Current GC threshold: 58.38 MB
CDS: on
 - commit_granule_bytes: 65536.
 - commit_granule_words: 8192.
 - virtual_space_node_default_size: 8388608.
 - enlarge_chunks_in_place: 1.
 - use_allocation_guard: 0.


Internal statistics:

num_allocs_failed_limit: 6.
num_arena_births: 942.
num_arena_deaths: 14.
num_vsnodes_births: 2.
num_vsnodes_deaths: 0.
num_space_committed: 676.
num_space_uncommitted: 0.
num_chunks_returned_to_freelist: 20.
num_chunks_taken_from_freelist: 2878.
num_chunk_merges: 12.
num_chunk_splits: 1773.
num_chunks_enlarged: 955.
num_inconsistent_stats: 0.

CodeHeap 'non-profiled nmethods': size=120000Kb used=2402Kb max_used=2402Kb free=117597Kb
 bounds [0x00000186c4290000, 0x00000186c4500000, 0x00000186cb7c0000]
CodeHeap 'profiled nmethods': size=120000Kb used=9955Kb max_used=9955Kb free=110044Kb
 bounds [0x00000186bc7c0000, 0x00000186bd180000, 0x00000186c3cf0000]
CodeHeap 'non-nmethods': size=5760Kb used=1363Kb max_used=1436Kb free=4396Kb
 bounds [0x00000186c3cf0000, 0x00000186c3f60000, 0x00000186c4290000]
CodeCache: size=245760Kb, used=13720Kb, max_used=13793Kb, free=232037Kb
 total_blobs=5636, nmethods=4977, adapters=565, full_count=0
Compilation: enabled, stopped_count=0, restarted_count=0

Compilation events (20 events):
Event: 14.676 Thread 0x00000186d49b6760 5522       3       com.google.inject.internal.DeclaredMembers$$Lambda/0x00000186d63ab9e8::apply (8 bytes)
Event: 14.677 Thread 0x00000186d49b6760 nmethod 5522 0x00000186bd15d710 code [0x00000186bd15d8c0, 0x00000186bd15dae8]
Event: 14.681 Thread 0x000001871d3ad980 5523       4       java.util.ArrayDeque::addLast (51 bytes)
Event: 14.686 Thread 0x000001871d3ad980 nmethod 5523 0x00000186c44e6210 code [0x00000186c44e63a0, 0x00000186c44e6538]
Event: 14.686 Thread 0x000001871d3ad980 5524       4       java.lang.reflect.Method::<init> (68 bytes)
Event: 14.690 Thread 0x000001871d3ad980 nmethod 5524 0x00000186c44e6690 code [0x00000186c44e6820, 0x00000186c44e6938]
Event: 14.690 Thread 0x000001871d3ad980 5525       4       java.util.RegularEnumSet::contains (57 bytes)
Event: 14.693 Thread 0x000001871d3ad980 nmethod 5525 0x00000186c44e6a10 code [0x00000186c44e6ba0, 0x00000186c44e6cc8]
Event: 14.693 Thread 0x000001871d3ad980 5526   !   4       java.util.zip.Inflater::setInput (56 bytes)
Event: 14.694 Thread 0x00000186d49b6760 5529       3       com.google.common.collect.LexicographicalOrdering::compare (85 bytes)
Event: 14.696 Thread 0x00000186d49b6760 nmethod 5529 0x00000186bd15dc10 code [0x00000186bd15de80, 0x00000186bd15e7b8]
Event: 14.696 Thread 0x00000186d49b6760 5528       3       com.google.common.collect.LexicographicalOrdering::compare (13 bytes)
Event: 14.697 Thread 0x00000186d49b6760 nmethod 5528 0x00000186bd15ea10 code [0x00000186bd15ebe0, 0x00000186bd15ef30]
Event: 14.698 Thread 0x000001871d3ad980 nmethod 5526 0x00000186c44e6d90 code [0x00000186c44e6f20, 0x00000186c44e71e0]
Event: 14.698 Thread 0x000001871d3ad980 5527       4       java.util.Comparator$$Lambda/0x00000186d6023fd8::compare (10 bytes)
Event: 14.702 Thread 0x000001871d3ad980 nmethod 5527 0x00000186c44e7390 code [0x00000186c44e7540, 0x00000186c44e7868]
Event: 14.704 Thread 0x000001871d3ad980 5530       4       org.eclipse.osgi.internal.loader.classpath.ClasspathManager::processClass (91 bytes)
Event: 14.705 Thread 0x000001871d3ad980 nmethod 5530 0x00000186c44e7a90 code [0x00000186c44e7c20, 0x00000186c44e7d38]
Event: 14.711 Thread 0x000001871d3ad980 5531       4       org.eclipse.osgi.internal.loader.classpath.ClasspathManager::findLocalClassImpl (55 bytes)
Event: 14.713 Thread 0x000001871d3ad980 nmethod 5531 0x00000186c44e7e10 code [0x00000186c44e7fa0, 0x00000186c44e8138]

GC Heap History (20 events):
Event: 10.254 GC heap before
{Heap before GC invocations=10 (full 1):
 PSYoungGen      total 27648K, used 27268K [0x00000007aab00000, 0x00000007acb80000, 0x0000000800000000)
  eden space 24064K, 100% used [0x00000007aab00000,0x00000007ac280000,0x00000007ac280000)
  from space 3584K, 89% used [0x00000007ac800000,0x00000007acb21370,0x00000007acb80000)
  to   space 4096K, 0% used [0x00000007ac380000,0x00000007ac380000,0x00000007ac780000)
 ParOldGen       total 68608K, used 13068K [0x0000000700000000, 0x0000000704300000, 0x00000007aab00000)
  object space 68608K, 19% used [0x0000000700000000,0x0000000700cc32d8,0x0000000704300000)
 Metaspace       used 26079K, committed 27136K, reserved 1114112K
  class space    used 2655K, committed 3136K, reserved 1048576K
}
Event: 10.258 GC heap after
{Heap after GC invocations=10 (full 1):
 PSYoungGen      total 27648K, used 3612K [0x00000007aab00000, 0x00000007aca00000, 0x0000000800000000)
  eden space 23552K, 0% used [0x00000007aab00000,0x00000007aab00000,0x00000007ac200000)
  from space 4096K, 88% used [0x00000007ac380000,0x00000007ac707310,0x00000007ac780000)
  to   space 2560K, 0% used [0x00000007ac780000,0x00000007ac780000,0x00000007aca00000)
 ParOldGen       total 68608K, used 13076K [0x0000000700000000, 0x0000000704300000, 0x00000007aab00000)
  object space 68608K, 19% used [0x0000000700000000,0x0000000700cc52d8,0x0000000704300000)
 Metaspace       used 26079K, committed 27136K, reserved 1114112K
  class space    used 2655K, committed 3136K, reserved 1048576K
}
Event: 10.584 GC heap before
{Heap before GC invocations=11 (full 1):
 PSYoungGen      total 27648K, used 27164K [0x00000007aab00000, 0x00000007aca00000, 0x0000000800000000)
  eden space 23552K, 100% used [0x00000007aab00000,0x00000007ac200000,0x00000007ac200000)
  from space 4096K, 88% used [0x00000007ac380000,0x00000007ac707310,0x00000007ac780000)
  to   space 2560K, 0% used [0x00000007ac780000,0x00000007ac780000,0x00000007aca00000)
 ParOldGen       total 68608K, used 13076K [0x0000000700000000, 0x0000000704300000, 0x00000007aab00000)
  object space 68608K, 19% used [0x0000000700000000,0x0000000700cc52d8,0x0000000704300000)
 Metaspace       used 27679K, committed 28736K, reserved 1114112K
  class space    used 2757K, committed 3200K, reserved 1048576K
}
Event: 10.588 GC heap after
{Heap after GC invocations=11 (full 1):
 PSYoungGen      total 25600K, used 2440K [0x00000007aab00000, 0x00000007aca00000, 0x0000000800000000)
  eden space 23040K, 0% used [0x00000007aab00000,0x00000007aab00000,0x00000007ac180000)
  from space 2560K, 95% used [0x00000007ac780000,0x00000007ac9e22b0,0x00000007aca00000)
  to   space 3072K, 0% used [0x00000007ac400000,0x00000007ac400000,0x00000007ac700000)
 ParOldGen       total 68608K, used 14179K [0x0000000700000000, 0x0000000704300000, 0x00000007aab00000)
  object space 68608K, 20% used [0x0000000700000000,0x0000000700dd8c20,0x0000000704300000)
 Metaspace       used 27679K, committed 28736K, reserved 1114112K
  class space    used 2757K, committed 3200K, reserved 1048576K
}
Event: 11.024 GC heap before
{Heap before GC invocations=12 (full 1):
 PSYoungGen      total 25600K, used 25480K [0x00000007aab00000, 0x00000007aca00000, 0x0000000800000000)
  eden space 23040K, 100% used [0x00000007aab00000,0x00000007ac180000,0x00000007ac180000)
  from space 2560K, 95% used [0x00000007ac780000,0x00000007ac9e22b0,0x00000007aca00000)
  to   space 3072K, 0% used [0x00000007ac400000,0x00000007ac400000,0x00000007ac700000)
 ParOldGen       total 68608K, used 14179K [0x0000000700000000, 0x0000000704300000, 0x00000007aab00000)
  object space 68608K, 20% used [0x0000000700000000,0x0000000700dd8c20,0x0000000704300000)
 Metaspace       used 31126K, committed 32128K, reserved 1114112K
  class space    used 3147K, committed 3584K, reserved 1048576K
}
Event: 11.029 GC heap after
{Heap after GC invocations=12 (full 1):
 PSYoungGen      total 24576K, used 1669K [0x00000007aab00000, 0x00000007ac800000, 0x0000000800000000)
  eden space 22528K, 0% used [0x00000007aab00000,0x00000007aab00000,0x00000007ac100000)
  from space 2048K, 81% used [0x00000007ac400000,0x00000007ac5a1480,0x00000007ac600000)
  to   space 2048K, 0% used [0x00000007ac600000,0x00000007ac600000,0x00000007ac800000)
 ParOldGen       total 68608K, used 16490K [0x0000000700000000, 0x0000000704300000, 0x00000007aab00000)
  object space 68608K, 24% used [0x0000000700000000,0x000000070101a8b0,0x0000000704300000)
 Metaspace       used 31126K, committed 32128K, reserved 1114112K
  class space    used 3147K, committed 3584K, reserved 1048576K
}
Event: 11.370 GC heap before
{Heap before GC invocations=13 (full 1):
 PSYoungGen      total 24576K, used 24188K [0x00000007aab00000, 0x00000007ac800000, 0x0000000800000000)
  eden space 22528K, 99% used [0x00000007aab00000,0x00000007ac0fdc00,0x00000007ac100000)
  from space 2048K, 81% used [0x00000007ac400000,0x00000007ac5a1480,0x00000007ac600000)
  to   space 2048K, 0% used [0x00000007ac600000,0x00000007ac600000,0x00000007ac800000)
 ParOldGen       total 68608K, used 16490K [0x0000000700000000, 0x0000000704300000, 0x00000007aab00000)
  object space 68608K, 24% used [0x0000000700000000,0x000000070101a8b0,0x0000000704300000)
 Metaspace       used 33815K, committed 34944K, reserved 1114112K
  class space    used 3508K, committed 3968K, reserved 1048576K
}
Event: 11.374 GC heap after
{Heap after GC invocations=13 (full 1):
 PSYoungGen      total 24064K, used 1752K [0x00000007aab00000, 0x00000007ac800000, 0x0000000800000000)
  eden space 22016K, 0% used [0x00000007aab00000,0x00000007aab00000,0x00000007ac080000)
  from space 2048K, 85% used [0x00000007ac600000,0x00000007ac7b6258,0x00000007ac800000)
  to   space 2048K, 0% used [0x00000007ac400000,0x00000007ac400000,0x00000007ac600000)
 ParOldGen       total 68608K, used 17965K [0x0000000700000000, 0x0000000704300000, 0x00000007aab00000)
  object space 68608K, 26% used [0x0000000700000000,0x000000070118b548,0x0000000704300000)
 Metaspace       used 33815K, committed 34944K, reserved 1114112K
  class space    used 3508K, committed 3968K, reserved 1048576K
}
Event: 11.473 GC heap before
{Heap before GC invocations=14 (full 1):
 PSYoungGen      total 24064K, used 8933K [0x00000007aab00000, 0x00000007ac800000, 0x0000000800000000)
  eden space 22016K, 32% used [0x00000007aab00000,0x00000007ab203548,0x00000007ac080000)
  from space 2048K, 85% used [0x00000007ac600000,0x00000007ac7b6258,0x00000007ac800000)
  to   space 2048K, 0% used [0x00000007ac400000,0x00000007ac400000,0x00000007ac600000)
 ParOldGen       total 68608K, used 17965K [0x0000000700000000, 0x0000000704300000, 0x00000007aab00000)
  object space 68608K, 26% used [0x0000000700000000,0x000000070118b548,0x0000000704300000)
 Metaspace       used 34735K, committed 35840K, reserved 1114112K
  class space    used 3618K, committed 4096K, reserved 1048576K
}
Event: 11.477 GC heap after
{Heap after GC invocations=14 (full 1):
 PSYoungGen      total 22528K, used 448K [0x00000007aab00000, 0x00000007ac680000, 0x0000000800000000)
  eden space 22016K, 0% used [0x00000007aab00000,0x00000007aab00000,0x00000007ac080000)
  from space 512K, 87% used [0x00000007ac400000,0x00000007ac470000,0x00000007ac480000)
  to   space 1024K, 0% used [0x00000007ac580000,0x00000007ac580000,0x00000007ac680000)
 ParOldGen       total 68608K, used 19505K [0x0000000700000000, 0x0000000704300000, 0x00000007aab00000)
  object space 68608K, 28% used [0x0000000700000000,0x000000070130c580,0x0000000704300000)
 Metaspace       used 34735K, committed 35840K, reserved 1114112K
  class space    used 3618K, committed 4096K, reserved 1048576K
}
Event: 11.477 GC heap before
{Heap before GC invocations=15 (full 2):
 PSYoungGen      total 22528K, used 448K [0x00000007aab00000, 0x00000007ac680000, 0x0000000800000000)
  eden space 22016K, 0% used [0x00000007aab00000,0x00000007aab00000,0x00000007ac080000)
  from space 512K, 87% used [0x00000007ac400000,0x00000007ac470000,0x00000007ac480000)
  to   space 1024K, 0% used [0x00000007ac580000,0x00000007ac580000,0x00000007ac680000)
 ParOldGen       total 68608K, used 19505K [0x0000000700000000, 0x0000000704300000, 0x00000007aab00000)
  object space 68608K, 28% used [0x0000000700000000,0x000000070130c580,0x0000000704300000)
 Metaspace       used 34735K, committed 35840K, reserved 1114112K
  class space    used 3618K, committed 4096K, reserved 1048576K
}
Event: 11.534 GC heap after
{Heap after GC invocations=15 (full 2):
 PSYoungGen      total 22528K, used 0K [0x00000007aab00000, 0x00000007ac680000, 0x0000000800000000)
  eden space 22016K, 0% used [0x00000007aab00000,0x00000007aab00000,0x00000007ac080000)
  from space 512K, 0% used [0x00000007ac400000,0x00000007ac400000,0x00000007ac480000)
  to   space 1024K, 0% used [0x00000007ac580000,0x00000007ac580000,0x00000007ac680000)
 ParOldGen       total 68608K, used 18956K [0x0000000700000000, 0x0000000704300000, 0x00000007aab00000)
  object space 68608K, 27% used [0x0000000700000000,0x0000000701283318,0x0000000704300000)
 Metaspace       used 34735K, committed 35840K, reserved 1114112K
  class space    used 3618K, committed 4096K, reserved 1048576K
}
Event: 11.799 GC heap before
{Heap before GC invocations=16 (full 2):
 PSYoungGen      total 22528K, used 22016K [0x00000007aab00000, 0x00000007ac680000, 0x0000000800000000)
  eden space 22016K, 100% used [0x00000007aab00000,0x00000007ac080000,0x00000007ac080000)
  from space 512K, 0% used [0x00000007ac400000,0x00000007ac400000,0x00000007ac480000)
  to   space 1024K, 0% used [0x00000007ac580000,0x00000007ac580000,0x00000007ac680000)
 ParOldGen       total 68608K, used 18956K [0x0000000700000000, 0x0000000704300000, 0x00000007aab00000)
  object space 68608K, 27% used [0x0000000700000000,0x0000000701283318,0x0000000704300000)
 Metaspace       used 36412K, committed 37632K, reserved 1114112K
  class space    used 3851K, committed 4416K, reserved 1048576K
}
Event: 11.801 GC heap after
{Heap after GC invocations=16 (full 2):
 PSYoungGen      total 23040K, used 1004K [0x00000007aab00000, 0x00000007ac680000, 0x0000000800000000)
  eden space 22016K, 0% used [0x00000007aab00000,0x00000007aab00000,0x00000007ac080000)
  from space 1024K, 98% used [0x00000007ac580000,0x00000007ac67b360,0x00000007ac680000)
  to   space 3072K, 0% used [0x00000007ac080000,0x00000007ac080000,0x00000007ac380000)
 ParOldGen       total 68608K, used 20316K [0x0000000700000000, 0x0000000704300000, 0x00000007aab00000)
  object space 68608K, 29% used [0x0000000700000000,0x00000007013d7338,0x0000000704300000)
 Metaspace       used 36412K, committed 37632K, reserved 1114112K
  class space    used 3851K, committed 4416K, reserved 1048576K
}
Event: 12.137 GC heap before
{Heap before GC invocations=17 (full 2):
 PSYoungGen      total 23040K, used 23020K [0x00000007aab00000, 0x00000007ac680000, 0x0000000800000000)
  eden space 22016K, 100% used [0x00000007aab00000,0x00000007ac080000,0x00000007ac080000)
  from space 1024K, 98% used [0x00000007ac580000,0x00000007ac67b360,0x00000007ac680000)
  to   space 3072K, 0% used [0x00000007ac080000,0x00000007ac080000,0x00000007ac380000)
 ParOldGen       total 68608K, used 20316K [0x0000000700000000, 0x0000000704300000, 0x00000007aab00000)
  object space 68608K, 29% used [0x0000000700000000,0x00000007013d7338,0x0000000704300000)
 Metaspace       used 38439K, committed 39680K, reserved 1114112K
  class space    used 4099K, committed 4672K, reserved 1048576K
}
Event: 12.140 GC heap after
{Heap after GC invocations=17 (full 2):
 PSYoungGen      total 25088K, used 1408K [0x00000007aab00000, 0x00000007ac600000, 0x0000000800000000)
  eden space 22016K, 0% used [0x00000007aab00000,0x00000007aab00000,0x00000007ac080000)
  from space 3072K, 45% used [0x00000007ac080000,0x00000007ac1e0000,0x00000007ac380000)
  to   space 2048K, 0% used [0x00000007ac400000,0x00000007ac400000,0x00000007ac600000)
 ParOldGen       total 68608K, used 21272K [0x0000000700000000, 0x0000000704300000, 0x00000007aab00000)
  object space 68608K, 31% used [0x0000000700000000,0x00000007014c6220,0x0000000704300000)
 Metaspace       used 38439K, committed 39680K, reserved 1114112K
  class space    used 4099K, committed 4672K, reserved 1048576K
}
Event: 12.422 GC heap before
{Heap before GC invocations=18 (full 2):
 PSYoungGen      total 25088K, used 23424K [0x00000007aab00000, 0x00000007ac600000, 0x0000000800000000)
  eden space 22016K, 100% used [0x00000007aab00000,0x00000007ac080000,0x00000007ac080000)
  from space 3072K, 45% used [0x00000007ac080000,0x00000007ac1e0000,0x00000007ac380000)
  to   space 2048K, 0% used [0x00000007ac400000,0x00000007ac400000,0x00000007ac600000)
 ParOldGen       total 68608K, used 21272K [0x0000000700000000, 0x0000000704300000, 0x00000007aab00000)
  object space 68608K, 31% used [0x0000000700000000,0x00000007014c6220,0x0000000704300000)
 Metaspace       used 39814K, committed 41024K, reserved 1114112K
  class space    used 4263K, committed 4864K, reserved 1048576K
}
Event: 12.426 GC heap after
{Heap after GC invocations=18 (full 2):
 PSYoungGen      total 24064K, used 1904K [0x00000007aab00000, 0x00000007ac600000, 0x0000000800000000)
  eden space 22016K, 0% used [0x00000007aab00000,0x00000007aab00000,0x00000007ac080000)
  from space 2048K, 92% used [0x00000007ac400000,0x00000007ac5dc120,0x00000007ac600000)
  to   space 2048K, 0% used [0x00000007ac200000,0x00000007ac200000,0x00000007ac400000)
 ParOldGen       total 68608K, used 22454K [0x0000000700000000, 0x0000000704300000, 0x00000007aab00000)
  object space 68608K, 32% used [0x0000000700000000,0x00000007015ed9a8,0x0000000704300000)
 Metaspace       used 39814K, committed 41024K, reserved 1114112K
  class space    used 4263K, committed 4864K, reserved 1048576K
}
Event: 12.598 GC heap before
{Heap before GC invocations=19 (full 2):
 PSYoungGen      total 24064K, used 23920K [0x00000007aab00000, 0x00000007ac600000, 0x0000000800000000)
  eden space 22016K, 100% used [0x00000007aab00000,0x00000007ac080000,0x00000007ac080000)
  from space 2048K, 92% used [0x00000007ac400000,0x00000007ac5dc120,0x00000007ac600000)
  to   space 2048K, 0% used [0x00000007ac200000,0x00000007ac200000,0x00000007ac400000)
 ParOldGen       total 68608K, used 22454K [0x0000000700000000, 0x0000000704300000, 0x00000007aab00000)
  object space 68608K, 32% used [0x0000000700000000,0x00000007015ed9a8,0x0000000704300000)
 Metaspace       used 40451K, committed 41728K, reserved 1114112K
  class space    used 4338K, committed 4928K, reserved 1048576K
}
Event: 13.664 GC heap after
{Heap after GC invocations=19 (full 2):
 PSYoungGen      total 24064K, used 2045K [0x00000007aab00000, 0x00000007ac600000, 0x0000000800000000)
  eden space 22016K, 0% used [0x00000007aab00000,0x00000007aab00000,0x00000007ac080000)
  from space 2048K, 99% used [0x00000007ac200000,0x00000007ac3ff7e0,0x00000007ac400000)
  to   space 2048K, 0% used [0x00000007ac400000,0x00000007ac400000,0x00000007ac600000)
 ParOldGen       total 68608K, used 29126K [0x0000000700000000, 0x0000000704300000, 0x00000007aab00000)
  object space 68608K, 42% used [0x0000000700000000,0x0000000701c71860,0x0000000704300000)
 Metaspace       used 40451K, committed 41728K, reserved 1114112K
  class space    used 4338K, committed 4928K, reserved 1048576K
}

Dll operation events (20 events):
Event: 0.032 Attempting to load shared library c:\Users\admin\.vscode\extensions\redhat.java-1.56.0-win32-x64\jre\21.0.12.1-win32-x86_64\bin\java.dll
Event: 0.032 Loaded shared library c:\Users\admin\.vscode\extensions\redhat.java-1.56.0-win32-x64\jre\21.0.12.1-win32-x86_64\bin\java.dll
Event: 0.166 Attempting to load shared library c:\Users\admin\.vscode\extensions\redhat.java-1.56.0-win32-x64\jre\21.0.12.1-win32-x86_64\bin\zip.dll
Event: 0.166 Loaded shared library c:\Users\admin\.vscode\extensions\redhat.java-1.56.0-win32-x64\jre\21.0.12.1-win32-x86_64\bin\zip.dll
Event: 0.198 Attempting to load shared library C:\Users\admin\.vscode\extensions\redhat.java-1.56.0-win32-x64\jre\21.0.12.1-win32-x86_64\bin\instrument.dll
Event: 0.198 Loaded shared library C:\Users\admin\.vscode\extensions\redhat.java-1.56.0-win32-x64\jre\21.0.12.1-win32-x86_64\bin\instrument.dll
Event: 0.203 Attempting to load shared library C:\Users\admin\.vscode\extensions\redhat.java-1.56.0-win32-x64\jre\21.0.12.1-win32-x86_64\bin\net.dll
Event: 0.205 Loaded shared library C:\Users\admin\.vscode\extensions\redhat.java-1.56.0-win32-x64\jre\21.0.12.1-win32-x86_64\bin\net.dll
Event: 0.210 Attempting to load shared library C:\Users\admin\.vscode\extensions\redhat.java-1.56.0-win32-x64\jre\21.0.12.1-win32-x86_64\bin\nio.dll
Event: 0.211 Loaded shared library C:\Users\admin\.vscode\extensions\redhat.java-1.56.0-win32-x64\jre\21.0.12.1-win32-x86_64\bin\nio.dll
Event: 0.216 Attempting to load shared library C:\Users\admin\.vscode\extensions\redhat.java-1.56.0-win32-x64\jre\21.0.12.1-win32-x86_64\bin\zip.dll
Event: 0.216 Loaded shared library C:\Users\admin\.vscode\extensions\redhat.java-1.56.0-win32-x64\jre\21.0.12.1-win32-x86_64\bin\zip.dll
Event: 0.249 Attempting to load shared library C:\Users\admin\.vscode\extensions\redhat.java-1.56.0-win32-x64\jre\21.0.12.1-win32-x86_64\bin\jimage.dll
Event: 0.249 Loaded shared library C:\Users\admin\.vscode\extensions\redhat.java-1.56.0-win32-x64\jre\21.0.12.1-win32-x86_64\bin\jimage.dll
Event: 0.386 Attempting to load shared library c:\Users\admin\.vscode\extensions\redhat.java-1.56.0-win32-x64\jre\21.0.12.1-win32-x86_64\bin\verify.dll
Event: 0.387 Loaded shared library c:\Users\admin\.vscode\extensions\redhat.java-1.56.0-win32-x64\jre\21.0.12.1-win32-x86_64\bin\verify.dll
Event: 2.687 Attempting to load shared library C:\Users\admin\AppData\Roaming\Code\User\globalStorage\redhat.java\1.56.0\config_win\org.eclipse.equinox.launcher\org.eclipse.equinox.launcher.win32.win32.x86_64_1.3.100.v20260804-1928\eclipse_11924.dll
Event: 2.690 Loaded shared library C:\Users\admin\AppData\Roaming\Code\User\globalStorage\redhat.java\1.56.0\config_win\org.eclipse.equinox.launcher\org.eclipse.equinox.launcher.win32.win32.x86_64_1.3.100.v20260804-1928\eclipse_11924.dll
Event: 8.179 Attempting to load shared library C:\Users\admin\AppData\Local\Temp\jna-92668751\jna3739261756197195286.dll
Event: 8.398 Loaded shared library C:\Users\admin\AppData\Local\Temp\jna-92668751\jna3739261756197195286.dll

Deoptimization events (20 events):
Event: 12.510 Thread 0x000001871fb97360 Uncommon trap: trap_request=0xffffff45 fr.pc=0x00000186c44932d4 relative=0x0000000000000bd4
Event: 12.510 Thread 0x000001871fb97360 Uncommon trap: reason=unstable_if action=reinterpret pc=0x00000186c44932d4 method=org.eclipse.osgi.internal.loader.BundleLoader.getPackageName(Ljava/lang/String;)Ljava/lang/String; @ 12 c2
Event: 12.510 Thread 0x000001871fb97360 DEOPT PACKING pc=0x00000186c44932d4 sp=0x0000000c7d9fe0e0
Event: 12.510 Thread 0x000001871fb97360 DEOPT UNPACKING pc=0x00000186c3d43aa2 sp=0x0000000c7d9fe050 mode 2
Event: 12.510 Thread 0x000001871fb97360 Uncommon trap: trap_request=0xffffff45 fr.pc=0x00000186c4495b24 relative=0x0000000000000644
Event: 12.510 Thread 0x000001871fb97360 Uncommon trap: reason=unstable_if action=reinterpret pc=0x00000186c4495b24 method=org.eclipse.osgi.internal.loader.BundleLoader.getPackageName(Ljava/lang/String;)Ljava/lang/String; @ 12 c2
Event: 12.510 Thread 0x000001871fb97360 DEOPT PACKING pc=0x00000186c4495b24 sp=0x0000000c7d9fdd70
Event: 12.510 Thread 0x000001871fb97360 DEOPT UNPACKING pc=0x00000186c3d43aa2 sp=0x0000000c7d9fdd48 mode 2
Event: 13.668 Thread 0x000001871fb97360 Uncommon trap: trap_request=0xffffff45 fr.pc=0x00000186c434cb40 relative=0x00000000000007a0
Event: 13.668 Thread 0x000001871fb97360 Uncommon trap: reason=unstable_if action=reinterpret pc=0x00000186c434cb40 method=com.google.gson.internal.LinkedTreeMap.find(Ljava/lang/Object;Z)Lcom/google/gson/internal/LinkedTreeMap$Node; @ 72 c2
Event: 13.669 Thread 0x000001871fb97360 DEOPT PACKING pc=0x00000186c434cb40 sp=0x0000000c7d9fe950
Event: 13.669 Thread 0x000001871fb97360 DEOPT UNPACKING pc=0x00000186c3d43aa2 sp=0x0000000c7d9fe8e0 mode 2
Event: 13.947 Thread 0x000001871fb97360 Uncommon trap: trap_request=0xfffffff4 fr.pc=0x00000186c44891d8 relative=0x0000000000000398
Event: 13.947 Thread 0x000001871fb97360 Uncommon trap: reason=null_check action=make_not_entrant pc=0x00000186c44891d8 method=sun.invoke.util.VerifyType.isNullConversion(Ljava/lang/Class;Ljava/lang/Class;Z)Z @ 12 c2
Event: 13.948 Thread 0x000001871fb97360 DEOPT PACKING pc=0x00000186c44891d8 sp=0x0000000c7d9fcdf0
Event: 13.948 Thread 0x000001871fb97360 DEOPT UNPACKING pc=0x00000186c3d43aa2 sp=0x0000000c7d9fcd78 mode 2
Event: 13.954 Thread 0x000001871fb97360 Uncommon trap: trap_request=0xffffff45 fr.pc=0x00000186c4301fb0 relative=0x0000000000000110
Event: 13.954 Thread 0x000001871fb97360 Uncommon trap: reason=unstable_if action=reinterpret pc=0x00000186c4301fb0 method=jdk.internal.org.objectweb.asm.ByteVector.putShort(I)Ljdk/internal/org/objectweb/asm/ByteVector; @ 13 c2
Event: 13.954 Thread 0x000001871fb97360 DEOPT PACKING pc=0x00000186c4301fb0 sp=0x0000000c7d9fc9f0
Event: 13.954 Thread 0x000001871fb97360 DEOPT UNPACKING pc=0x00000186c3d43aa2 sp=0x0000000c7d9fc978 mode 2

Classes loaded (20 events):
Event: 12.179 Loading class java/io/PrintWriter$1
Event: 12.179 Loading class jdk/internal/access/JavaIOPrintWriterAccess
Event: 12.179 Loading class jdk/internal/access/JavaIOPrintWriterAccess done
Event: 12.179 Loading class java/io/PrintWriter$1 done
Event: 12.184 Loading class java/time/format/DateTimeParseContext
Event: 12.185 Loading class java/time/format/DateTimeParseContext done
Event: 12.185 Loading class java/time/format/Parsed
Event: 12.186 Loading class java/time/format/Parsed done
Event: 12.229 Loading class sun/reflect/generics/repository/FieldRepository
Event: 12.229 Loading class sun/reflect/generics/repository/FieldRepository done
Event: 12.420 Loading class java/util/concurrent/ForkJoinTask$AdaptedCallable
Event: 12.421 Loading class java/util/concurrent/ForkJoinTask$AdaptedCallable done
Event: 12.463 Loading class sun/reflect/annotation/AnnotatedTypeFactory$AnnotatedParameterizedTypeImpl
Event: 12.464 Loading class java/lang/reflect/AnnotatedParameterizedType
Event: 12.464 Loading class java/lang/reflect/AnnotatedParameterizedType done
Event: 12.464 Loading class sun/reflect/annotation/AnnotatedTypeFactory$AnnotatedParameterizedTypeImpl done
Event: 13.772 Loading class sun/nio/ch/WindowsAsynchronousFileChannelImpl$WriteTask
Event: 13.773 Loading class sun/nio/ch/WindowsAsynchronousFileChannelImpl$WriteTask done
Event: 13.940 Loading class java/lang/invoke/MethodHandleImpl$CountingWrapper
Event: 13.941 Loading class java/lang/invoke/MethodHandleImpl$CountingWrapper done

Classes unloaded (7 events):
Event: 9.387 Thread 0x00000186d4993560 Unloading class 0x00000186d61aac00 'java/lang/invoke/LambdaForm$MH+0x00000186d61aac00'
Event: 9.387 Thread 0x00000186d4993560 Unloading class 0x00000186d61aa800 'java/lang/invoke/LambdaForm$MH+0x00000186d61aa800'
Event: 9.387 Thread 0x00000186d4993560 Unloading class 0x00000186d61aa400 'java/lang/invoke/LambdaForm$MH+0x00000186d61aa400'
Event: 9.387 Thread 0x00000186d4993560 Unloading class 0x00000186d61aa000 'java/lang/invoke/LambdaForm$MH+0x00000186d61aa000'
Event: 9.387 Thread 0x00000186d4993560 Unloading class 0x00000186d61a9c00 'java/lang/invoke/LambdaForm$BMH+0x00000186d61a9c00'
Event: 9.387 Thread 0x00000186d4993560 Unloading class 0x00000186d61a9800 'java/lang/invoke/LambdaForm$DMH+0x00000186d61a9800'
Event: 9.387 Thread 0x00000186d4993560 Unloading class 0x00000186d61a8400 'java/lang/invoke/LambdaForm$DMH+0x00000186d61a8400'

Classes redefined (0 events):
No events

Internal exceptions (20 events):
Event: 11.794 Thread 0x000001871c2b0220 Exception <a 'sun/nio/fs/WindowsException'{0x00000007abff2ce0}> (0x00000007abff2ce0) 
thrown [s\src\hotspot\share\prims\jni.cpp, line 520]
Event: 11.797 Thread 0x000001871c2b0220 Exception <a 'sun/nio/fs/WindowsException'{0x00000007ac027c88}> (0x00000007ac027c88) 
thrown [s\src\hotspot\share\prims\jni.cpp, line 520]
Event: 11.797 Thread 0x000001871c2b0220 Exception <a 'sun/nio/fs/WindowsException'{0x00000007ac0283a0}> (0x00000007ac0283a0) 
thrown [s\src\hotspot\share\prims\jni.cpp, line 520]
Event: 11.826 Thread 0x000001871c2b0220 Exception <a 'sun/nio/fs/WindowsException'{0x00000007aacd5d90}> (0x00000007aacd5d90) 
thrown [s\src\hotspot\share\prims\jni.cpp, line 520]
Event: 11.826 Thread 0x000001871c2b0220 Exception <a 'sun/nio/fs/WindowsException'{0x00000007aacd64a8}> (0x00000007aacd64a8) 
thrown [s\src\hotspot\share\prims\jni.cpp, line 520]
Event: 12.010 Thread 0x000001871c2b0220 Exception <a 'sun/nio/fs/WindowsException'{0x00000007ab883f58}> (0x00000007ab883f58) 
thrown [s\src\hotspot\share\prims\jni.cpp, line 520]
Event: 12.081 Thread 0x00000186b71e5e60 Exception <a 'java/lang/NoSuchMethodError'{0x00000007abc84340}: 'void java.lang.invoke.DirectMethodHandle$Holder.invokeSpecial(java.lang.Object, java.lang.Object, java.lang.Object, java.lang.Object, java.lang.Object, java.lang.Object)'> (0x00000007abc84340) 
thrown [s\src\hotspot\share\interpreter\linkResolver.cpp, line 773]
Event: 12.083 Thread 0x00000186b71e5e60 Exception <a 'java/lang/IncompatibleClassChangeError'{0x00000007abcb83f8}: Found class java.lang.Object, but interface was expected> (0x00000007abcb83f8) 
thrown [s\src\hotspot\share\interpreter\linkResolver.cpp, line 840]
Event: 12.084 Thread 0x00000186b71e5e60 Exception <a 'java/lang/IncompatibleClassChangeError'{0x00000007abcb95b0}: Found class java.lang.Object, but interface was expected> (0x00000007abcb95b0) 
thrown [s\src\hotspot\share\interpreter\linkResolver.cpp, line 840]
Event: 12.102 Thread 0x000001871c2b0220 Exception <a 'java/io/FileNotFoundException'{0x00000007abddbfd8}> (0x00000007abddbfd8) 
thrown [s\src\hotspot\share\prims\jni.cpp, line 520]
Event: 12.103 Thread 0x000001871c2b0220 Exception <a 'java/io/FileNotFoundException'{0x00000007abddd580}> (0x00000007abddd580) 
thrown [s\src\hotspot\share\prims\jni.cpp, line 520]
Event: 12.106 Thread 0x000001871c2b0220 Exception <a 'java/lang/NoSuchMethodError'{0x00000007abdeb6f8}: 'java.lang.Object java.lang.invoke.DirectMethodHandle$Holder.newInvokeSpecial(java.lang.Object, java.lang.Object, java.lang.Object, int)'> (0x00000007abdeb6f8) 
thrown [s\src\hotspot\share\interpreter\linkResolver.cpp, line 773]
Event: 12.107 Thread 0x000001871c2b0220 Exception <a 'java/lang/NoSuchMethodError'{0x00000007abdef370}: 'java.lang.Object java.lang.invoke.DirectMethodHandle$Holder.invokeSpecial(java.lang.Object, java.lang.Object, java.lang.Object, java.lang.Object, int)'> (0x00000007abdef370) 
thrown [s\src\hotspot\share\interpreter\linkResolver.cpp, line 773]
Event: 12.108 Thread 0x000001871c2b0220 Exception <a 'java/lang/NoSuchMethodError'{0x00000007abdf2818}: 'java.lang.Object java.lang.invoke.Invokers$Holder.linkToTargetMethod(java.lang.Object, java.lang.Object, int, java.lang.Object)'> (0x00000007abdf2818) 
thrown [s\src\hotspot\share\interpreter\linkResolver.cpp, line 773]
Event: 12.112 Thread 0x000001871c2b0220 Exception <a 'java/lang/NoSuchMethodError'{0x00000007abe2b2c0}: 'void java.lang.invoke.DirectMethodHandle$Holder.invokeStaticInit(java.lang.Object, java.lang.Object, java.lang.Object)'> (0x00000007abe2b2c0) 
thrown [s\src\hotspot\share\interpreter\linkResolver.cpp, line 773]
Event: 13.694 Thread 0x000001871fb97360 Exception <a 'java/io/FileNotFoundException'{0x00000007aabbeb80}> (0x00000007aabbeb80) 
thrown [s\src\hotspot\share\prims\jni.cpp, line 520]
Event: 13.935 Thread 0x000001871fb97360 Exception <a 'java/lang/NoSuchMethodError'{0x00000007ab07cc28}: 'java.lang.Object java.lang.invoke.DirectMethodHandle$Holder.invokeStatic(java.lang.Object, int, java.lang.Object, java.lang.Object)'> (0x00000007ab07cc28) 
thrown [s\src\hotspot\share\interpreter\linkResolver.cpp, line 773]
Event: 13.938 Thread 0x000001871fb97360 Exception <a 'java/lang/NoSuchMethodError'{0x00000007ab080670}: 'java.lang.Object java.lang.invoke.DelegatingMethodHandle$Holder.delegate(java.lang.Object, int, java.lang.Object, java.lang.Object)'> (0x00000007ab080670) 
thrown [s\src\hotspot\share\interpreter\linkResolver.cpp, line 773]
Event: 13.947 Thread 0x000001871fb97360 Implicit null exception at 0x00000186c4488e80 to 0x00000186c44891c8
Event: 13.959 Thread 0x000001871fb97360 Exception <a 'java/lang/NoSuchMethodError'{0x00000007ab0940a0}: 'int java.lang.invoke.Invokers$Holder.linkToTargetMethod(java.lang.Object, java.lang.Object, java.lang.Object)'> (0x00000007ab0940a0) 
thrown [s\src\hotspot\share\interpreter\linkResolver.cpp, line 773]

ZGC Phase Switch (0 events):
No events

VM Operations (20 events):
Event: 11.469 Executing non-safepoint VM operation: HandshakeAllThreads (Deoptimize)
Event: 11.469 Executing non-safepoint VM operation: HandshakeAllThreads (Deoptimize) done
Event: 11.473 Executing safepoint VM operation: CollectForMetadataAllocation (Metadata GC Threshold)
Event: 11.534 Executing safepoint VM operation: CollectForMetadataAllocation (Metadata GC Threshold) done
Event: 11.799 Executing safepoint VM operation: ParallelGCFailedAllocation (Allocation Failure)
Event: 11.801 Executing safepoint VM operation: ParallelGCFailedAllocation (Allocation Failure) done
Event: 12.136 Executing safepoint VM operation: ParallelGCFailedAllocation (Allocation Failure)
Event: 12.140 Executing safepoint VM operation: ParallelGCFailedAllocation (Allocation Failure) done
Event: 12.421 Executing safepoint VM operation: ParallelGCFailedAllocation (Allocation Failure)
Event: 12.426 Executing safepoint VM operation: ParallelGCFailedAllocation (Allocation Failure) done
Event: 12.558 Executing non-safepoint VM operation: HandshakeAllThreads (Deoptimize)
Event: 12.559 Executing non-safepoint VM operation: HandshakeAllThreads (Deoptimize) done
Event: 12.582 Executing safepoint VM operation: ParallelGCFailedAllocation (Allocation Failure)
Event: 13.665 Executing safepoint VM operation: ParallelGCFailedAllocation (Allocation Failure) done
Event: 13.681 Executing non-safepoint VM operation: HandshakeAllThreads (Deoptimize)
Event: 13.698 Executing non-safepoint VM operation: HandshakeAllThreads (Deoptimize) done
Event: 14.590 Executing non-safepoint VM operation: HandshakeAllThreads (Deoptimize)
Event: 14.590 Executing non-safepoint VM operation: HandshakeAllThreads (Deoptimize) done
Event: 15.595 Executing safepoint VM operation: Cleanup
Event: 15.596 Executing safepoint VM operation: Cleanup done

Memory protections (0 events):
No events

Nmethod flushes (20 events):
Event: 11.501 Thread 0x00000186d4993560 flushing  nmethod 0x00000186bcd89990
Event: 11.501 Thread 0x00000186d4993560 flushing  nmethod 0x00000186bcd8b710
Event: 11.501 Thread 0x00000186d4993560 flushing  nmethod 0x00000186bcd8cf10
Event: 11.501 Thread 0x00000186d4993560 flushing  nmethod 0x00000186bcdc6f90
Event: 11.501 Thread 0x00000186d4993560 flushing  nmethod 0x00000186bce0f290
Event: 11.501 Thread 0x00000186d4993560 flushing  nmethod 0x00000186bce0fb10
Event: 11.501 Thread 0x00000186d4993560 flushing  nmethod 0x00000186bce10410
Event: 11.501 Thread 0x00000186d4993560 flushing  nmethod 0x00000186bce11610
Event: 11.501 Thread 0x00000186d4993560 flushing  nmethod 0x00000186bce11e10
Event: 11.501 Thread 0x00000186d4993560 flushing  nmethod 0x00000186bce12590
Event: 11.501 Thread 0x00000186d4993560 flushing  nmethod 0x00000186bce13310
Event: 11.501 Thread 0x00000186d4993560 flushing  nmethod 0x00000186bce17f10
Event: 11.501 Thread 0x00000186d4993560 flushing  nmethod 0x00000186bce61f10
Event: 11.501 Thread 0x00000186d4993560 flushing  nmethod 0x00000186bce63e90
Event: 11.501 Thread 0x00000186d4993560 flushing  nmethod 0x00000186bce64190
Event: 11.501 Thread 0x00000186d4993560 flushing  nmethod 0x00000186bce6ba90
Event: 11.501 Thread 0x00000186d4993560 flushing  nmethod 0x00000186bce9de90
Event: 11.501 Thread 0x00000186d4993560 flushing  nmethod 0x00000186bceb9690
Event: 11.501 Thread 0x00000186d4993560 flushing  nmethod 0x00000186bcec9790
Event: 11.501 Thread 0x00000186d4993560 flushing  nmethod 0x00000186bcee7290

Events (20 events):
Event: 11.354 Thread 0x000001871c2ae150 Thread added: 0x000001871c2adac0
Event: 11.425 Thread 0x00000186b71e5e60 Thread added: 0x000001871c2af500
Event: 11.426 Thread 0x00000186b71e5e60 Thread added: 0x000001871fb93850
Event: 11.426 Thread 0x00000186b71e5e60 Thread added: 0x000001871fb93ee0
Event: 11.427 Thread 0x00000186b71e5e60 Thread added: 0x000001871fb910f0
Event: 11.427 Thread 0x00000186b71e5e60 Thread added: 0x000001871fb92b30
Event: 11.428 Thread 0x00000186b71e5e60 Thread added: 0x000001871fb91780
Event: 11.428 Thread 0x00000186b71e5e60 Thread added: 0x000001871fb91e10
Event: 11.428 Thread 0x00000186b71e5e60 Thread added: 0x000001871fb924a0
Event: 11.429 Thread 0x00000186b71e5e60 Thread added: 0x000001871fb90a60
Event: 11.535 Thread 0x00000186b71e5e60 Thread added: 0x000001871fb96640
Event: 12.143 Thread 0x00000186b71e5e60 Thread added: 0x000001871fb931c0
Event: 12.144 Thread 0x00000186b71e5e60 Thread added: 0x000001871fb97360
Event: 12.427 Thread 0x000001871c2b0220 Thread added: 0x000001871fb96cd0
Event: 12.429 Thread 0x000001871c2b0220 Thread added: 0x000001871fb979f0
Event: 12.430 Thread 0x000001871fb96cd0 Thread added: 0x000001871fb94570
Event: 12.431 Thread 0x000001871fb979f0 Thread added: 0x000001871fb98080
Event: 12.434 Thread 0x000001871fb98080 Thread added: 0x000001871fb94c00
Event: 12.439 Thread 0x000001871fb96cd0 Thread added: 0x000001871fb95290
Event: 12.440 Thread 0x000001871fb94570 Thread added: 0x000001871fb95920


Dynamic libraries:
0x00007ff721c70000 - 0x00007ff721c7e000 	c:\Users\admin\.vscode\extensions\redhat.java-1.56.0-win32-x64\jre\21.0.12.1-win32-x86_64\bin\java.exe
0x00007ffd0baa0000 - 0x00007ffd0bd07000 	C:\WINDOWS\SYSTEM32\ntdll.dll
0x00007ffd0ae80000 - 0x00007ffd0af49000 	C:\WINDOWS\System32\KERNEL32.DLL
0x00007ffd08370000 - 0x00007ffd08764000 	C:\WINDOWS\System32\KERNELBASE.dll
0x00007ffd05250000 - 0x00007ffd052ef000 	C:\WINDOWS\SYSTEM32\apphelp.dll
0x00007ffd09580000 - 0x00007ffd096cb000 	C:\WINDOWS\System32\ucrtbase.dll
0x00007ffceda80000 - 0x00007ffceda98000 	c:\Users\admin\.vscode\extensions\redhat.java-1.56.0-win32-x64\jre\21.0.12.1-win32-x86_64\bin\jli.dll
0x00007ffd0af50000 - 0x00007ffd0b115000 	C:\WINDOWS\System32\USER32.dll
0x00007ffd09800000 - 0x00007ffd09827000 	C:\WINDOWS\System32\win32u.dll
0x00007ffd0b6a0000 - 0x00007ffd0b6cb000 	C:\WINDOWS\System32\GDI32.dll
0x00007ffd096d0000 - 0x00007ffd097fa000 	C:\WINDOWS\System32\gdi32full.dll
0x00007ffd08770000 - 0x00007ffd08813000 	C:\WINDOWS\System32\msvcp_win.dll
0x00007ffced870000 - 0x00007ffced88e000 	c:\Users\admin\.vscode\extensions\redhat.java-1.56.0-win32-x64\jre\21.0.12.1-win32-x86_64\bin\VCRUNTIME140.dll
0x00007ffceab60000 - 0x00007ffceadf3000 	C:\WINDOWS\WinSxS\amd64_microsoft.windows.common-controls_6595b64144ccf1df_6.0.26100.8115_none_3e075c82e3354f9c\COMCTL32.dll
0x00007ffd0a270000 - 0x00007ffd0a319000 	C:\WINDOWS\System32\msvcrt.dll
0x00007ffd0b3d0000 - 0x00007ffd0b402000 	C:\WINDOWS\System32\IMM32.DLL
0x00007ffcf99e0000 - 0x00007ffcf99ec000 	c:\Users\admin\.vscode\extensions\redhat.java-1.56.0-win32-x64\jre\21.0.12.1-win32-x86_64\bin\vcruntime140_1.dll
0x00007ffcd4450000 - 0x00007ffcd44dd000 	c:\Users\admin\.vscode\extensions\redhat.java-1.56.0-win32-x64\jre\21.0.12.1-win32-x86_64\bin\msvcp140.dll
0x00007ffc504b0000 - 0x00007ffc51252000 	c:\Users\admin\.vscode\extensions\redhat.java-1.56.0-win32-x64\jre\21.0.12.1-win32-x86_64\bin\server\jvm.dll
0x00007ffd0b270000 - 0x00007ffd0b326000 	C:\WINDOWS\System32\ADVAPI32.dll
0x00007ffd0b1c0000 - 0x00007ffd0b267000 	C:\WINDOWS\System32\sechost.dll
0x00007ffd0a320000 - 0x00007ffd0a438000 	C:\WINDOWS\System32\RPCRT4.dll
0x00007ffd0adf0000 - 0x00007ffd0ae70000 	C:\WINDOWS\System32\WS2_32.dll
0x00007ffd081d0000 - 0x00007ffd0822e000 	C:\WINDOWS\SYSTEM32\POWRPROF.dll
0x00007ffceea70000 - 0x00007ffceeaa6000 	C:\WINDOWS\SYSTEM32\WINMM.dll
0x00007ffd05ff0000 - 0x00007ffd05ffb000 	C:\WINDOWS\SYSTEM32\VERSION.dll
0x00007ffd081b0000 - 0x00007ffd081c4000 	C:\WINDOWS\SYSTEM32\UMPDC.dll
0x00007ffd070c0000 - 0x00007ffd070db000 	C:\WINDOWS\SYSTEM32\kernel.appcore.dll
0x00007ffcf2040000 - 0x00007ffcf204a000 	c:\Users\admin\.vscode\extensions\redhat.java-1.56.0-win32-x64\jre\21.0.12.1-win32-x86_64\bin\jimage.dll
0x00007ffd05d50000 - 0x00007ffd05f92000 	C:\WINDOWS\SYSTEM32\DBGHELP.DLL
0x00007ffd0b6d0000 - 0x00007ffd0ba52000 	C:\WINDOWS\System32\combase.dll
0x00007ffd0b410000 - 0x00007ffd0b4e7000 	C:\WINDOWS\System32\OLEAUT32.dll
0x00007ffcf0280000 - 0x00007ffcf02bb000 	C:\WINDOWS\SYSTEM32\dbgcore.DLL
0x00007ffd08c60000 - 0x00007ffd08d05000 	C:\WINDOWS\System32\bcryptPrimitives.dll
0x00007ffd051d0000 - 0x00007ffd051df000 	c:\Users\admin\.vscode\extensions\redhat.java-1.56.0-win32-x64\jre\21.0.12.1-win32-x86_64\bin\instrument.dll
0x00007ffce9b80000 - 0x00007ffce9ba0000 	c:\Users\admin\.vscode\extensions\redhat.java-1.56.0-win32-x64\jre\21.0.12.1-win32-x86_64\bin\java.dll
0x00007ffd0a520000 - 0x00007ffd0ac86000 	C:\WINDOWS\System32\SHELL32.dll
0x00007ffd08af0000 - 0x00007ffd08c5a000 	C:\WINDOWS\System32\wintypes.dll
0x00007ffd08d10000 - 0x00007ffd09575000 	C:\WINDOWS\System32\windows.storage.dll
0x00007ffd09930000 - 0x00007ffd09a27000 	C:\WINDOWS\System32\SHCORE.dll
0x00007ffd0a130000 - 0x00007ffd0a196000 	C:\WINDOWS\System32\shlwapi.dll
0x00007ffd08290000 - 0x00007ffd082b9000 	C:\WINDOWS\SYSTEM32\profapi.dll
0x00007ffce3760000 - 0x00007ffce3778000 	c:\Users\admin\.vscode\extensions\redhat.java-1.56.0-win32-x64\jre\21.0.12.1-win32-x86_64\bin\zip.dll
0x00007ffd02b10000 - 0x00007ffd02b20000 	C:\Users\admin\.vscode\extensions\redhat.java-1.56.0-win32-x64\jre\21.0.12.1-win32-x86_64\bin\net.dll
0x00007ffd01d50000 - 0x00007ffd01e7d000 	C:\WINDOWS\SYSTEM32\WINHTTP.dll
0x00007ffd07610000 - 0x00007ffd0767c000 	C:\WINDOWS\system32\mswsock.dll
0x00007ffd02af0000 - 0x00007ffd02b06000 	C:\Users\admin\.vscode\extensions\redhat.java-1.56.0-win32-x64\jre\21.0.12.1-win32-x86_64\bin\nio.dll
0x00007ffd02ae0000 - 0x00007ffd02af0000 	c:\Users\admin\.vscode\extensions\redhat.java-1.56.0-win32-x64\jre\21.0.12.1-win32-x86_64\bin\verify.dll
0x00007ffcef1a0000 - 0x00007ffcef1e5000 	C:\Users\admin\AppData\Roaming\Code\User\globalStorage\redhat.java\1.56.0\config_win\org.eclipse.equinox.launcher\org.eclipse.equinox.launcher.win32.win32.x86_64_1.3.100.v20260804-1928\eclipse_11924.dll
0x00007ffd0b500000 - 0x00007ffd0b697000 	C:\WINDOWS\System32\ole32.dll
0x00007ffd07a10000 - 0x00007ffd07a2b000 	C:\WINDOWS\SYSTEM32\CRYPTSP.dll
0x00007ffd07020000 - 0x00007ffd07059000 	C:\WINDOWS\system32\rsaenh.dll
0x00007ffd076c0000 - 0x00007ffd076f3000 	C:\WINDOWS\SYSTEM32\USERENV.dll
0x00007ffd08260000 - 0x00007ffd0828a000 	C:\WINDOWS\SYSTEM32\bcrypt.dll
0x00007ffd07870000 - 0x00007ffd0787c000 	C:\WINDOWS\SYSTEM32\CRYPTBASE.dll
0x00007ffd06bf0000 - 0x00007ffd06c22000 	C:\WINDOWS\SYSTEM32\IPHLPAPI.DLL
0x00007ffd0b4f0000 - 0x00007ffd0b4fa000 	C:\WINDOWS\System32\NSI.dll
0x00007ffce0160000 - 0x00007ffce01a9000 	C:\Users\admin\AppData\Local\Temp\jna-92668751\jna3739261756197195286.dll
0x00007ffd0a260000 - 0x00007ffd0a268000 	C:\WINDOWS\System32\PSAPI.DLL
0x00007ffd01eb0000 - 0x00007ffd01ecd000 	C:\WINDOWS\SYSTEM32\dhcpcsvc6.DLL
0x00007ffd01e80000 - 0x00007ffd01ea5000 	C:\WINDOWS\SYSTEM32\dhcpcsvc.DLL

JVMTI agents:
c:\Users\admin\.vscode\extensions\redhat.java-1.56.0-win32-x64\lombok\lombok-1.18.39-4050.jar path:c:\Users\admin\.vscode\extensions\redhat.java-1.56.0-win32-x64\jre\21.0.12.1-win32-x86_64\bin\instrument.dll, loaded, initialized, instrumentlib options:none

dbghelp: loaded successfully - version: 4.0.5 - missing functions: none
symbol engine: initialized successfully - sym options: 0x614 - pdb path: .;c:\Users\admin\.vscode\extensions\redhat.java-1.56.0-win32-x64\jre\21.0.12.1-win32-x86_64\bin;C:\WINDOWS\SYSTEM32;C:\WINDOWS\WinSxS\amd64_microsoft.windows.common-controls_6595b64144ccf1df_6.0.26100.8115_none_3e075c82e3354f9c;c:\Users\admin\.vscode\extensions\redhat.java-1.56.0-win32-x64\jre\21.0.12.1-win32-x86_64\bin\server;C:\Users\admin\AppData\Roaming\Code\User\globalStorage\redhat.java\1.56.0\config_win\org.eclipse.equinox.launcher\org.eclipse.equinox.launcher.win32.win32.x86_64_1.3.100.v20260804-1928;C:\Users\admin\AppData\Local\Temp\jna-92668751

VM Arguments:
jvm_args: --add-modules=ALL-SYSTEM --add-opens=java.base/java.util=ALL-UNNAMED --add-opens=java.base/java.lang=ALL-UNNAMED --add-opens=java.base/sun.nio.fs=ALL-UNNAMED -Declipse.application=org.eclipse.jdt.ls.core.id1 -Dosgi.bundles.defaultStartLevel=4 -Declipse.product=org.eclipse.jdt.ls.core.product -Djava.import.generatesMetadataFilesAtProjectRoot=false -Dm2e.project.cache.size=50 -DDetectVMInstallationsJob.disabled=true -Dfile.encoding=utf8 -XX:+UseParallelGC -XX:GCTimeRatio=4 -XX:AdaptiveSizePolicyWeight=90 -Dsun.zip.disableMemoryMapping=true -Xmx4G -Xms100m -Xlog:disable -javaagent:c:\Users\admin\.vscode\extensions\redhat.java-1.56.0-win32-x64\lombok\lombok-1.18.39-4050.jar -XX:+HeapDumpOnOutOfMemoryError -XX:HeapDumpPath=c:\Users\admin\AppData\Roaming\Code\User\workspaceStorage\8d4d080e920730285268a385d66d5bf5\redhat.java -Daether.dependencyCollector.impl=bf 
java_command: c:\Users\admin\.vscode\extensions\redhat.java-1.56.0-win32-x64\server\plugins\org.eclipse.equinox.launcher_1.8.0.v20260804-1928.jar -configuration c:\Users\admin\AppData\Roaming\Code\User\globalStorage\redhat.java\1.56.0\config_win -data c:\Users\admin\AppData\Roaming\Code\User\workspaceStorage\8d4d080e920730285268a385d66d5bf5\redhat.java\jdt_ws --pipe=\\.\pipe\lsp-136b141a5e5b97b4867db8336f92cd5e-sock
java_class_path (initial): c:\Users\admin\.vscode\extensions\redhat.java-1.56.0-win32-x64\server\plugins\org.eclipse.equinox.launcher_1.8.0.v20260804-1928.jar
Launcher Type: SUN_STANDARD

[Global flags]
    uintx AdaptiveSizePolicyWeight                 = 90                                        {product} {command line}
     intx CICompilerCount                          = 4                                         {product} {ergonomic}
    uintx GCTimeRatio                              = 4                                         {product} {command line}
     bool HeapDumpOnOutOfMemoryError               = true                                   {manageable} {command line}
    ccstr HeapDumpPath                             = c:\Users\admin\AppData\Roaming\Code\User\workspaceStorage\8d4d080e920730285268a385d66d5bf5\redhat.java         {manageable} {command line}
   size_t InitialHeapSize                          = 104857600                                 {product} {command line}
   size_t MaxHeapSize                              = 4294967296                                {product} {command line}
   size_t MaxNewSize                               = 1431306240                                {product} {ergonomic}
   size_t MinHeapDeltaBytes                        = 524288                                    {product} {ergonomic}
   size_t MinHeapSize                              = 104857600                                 {product} {command line}
   size_t NewSize                                  = 34603008                                  {product} {ergonomic}
    uintx NonNMethodCodeHeapSize                   = 5839372                                {pd product} {ergonomic}
    uintx NonProfiledCodeHeapSize                  = 122909434                              {pd product} {ergonomic}
   size_t OldSize                                  = 70254592                                  {product} {ergonomic}
    uintx ProfiledCodeHeapSize                     = 122909434                              {pd product} {ergonomic}
    uintx ReservedCodeCacheSize                    = 251658240                              {pd product} {ergonomic}
     bool SegmentedCodeCache                       = true                                      {product} {ergonomic}
   size_t SoftMaxHeapSize                          = 4294967296                             {manageable} {ergonomic}
     bool UseCompressedOops                        = true                           {product lp64_product} {ergonomic}
     bool UseLargePagesIndividualAllocation        = false                                  {pd product} {ergonomic}
     bool UseParallelGC                            = true                                      {product} {command line}

Logging:
Log output configuration:
 #0: stdout all=off uptime,level,tags foldmultilines=false
 #1: stderr all=off uptime,level,tags foldmultilines=false

Release file:
JAVA_VERSION="21.0.12.1" 
MODULES="java.base java.compiler java.datatransfer java.xml java.prefs java.desktop java.instrument java.logging java.management java.security.sasl java.naming java.rmi java.management.rmi java.net.http java.scripting java.security.jgss java.transaction.xa java.sql java.sql.rowset java.xml.crypto java.se java.smartcardio jdk.accessibility jdk.internal.jvmstat jdk.attach jdk.charsets jdk.internal.opt jdk.zipfs jdk.compiler jdk.crypto.ec jdk.crypto.cryptoki jdk.crypto.mscapi jdk.dynalink jdk.internal.ed jdk.editpad jdk.hotspot.agent jdk.httpserver jdk.internal.le jdk.internal.vm.ci jdk.internal.vm.compiler jdk.internal.vm.compiler.management jdk.jartool jdk.javadoc jdk.jcmd jdk.management jdk.management.agent jdk.jconsole jdk.jdeps jdk.jdwp.agent jdk.jdi jdk.jfr jdk.jshell jdk.jsobject jdk.jstatd jdk.localedata jdk.management.jfr jdk.naming.dns jdk.naming.rmi jdk.net jdk.nio.mapmode jdk.random jdk.sctp jdk.security.auth jdk.security.jgss jdk.unsupported jdk.unsupported.desktop jdk.xml.dom" 

Environment Variables:
PATH=C:\app\admin\product\21c\dbhomeXE\bin;C:\Program Files\Eclipse Adoptium\jdk-17.0.16.8-hotspot\bin;C:\WINDOWS\system32;C:\WINDOWS;C:\WINDOWS\System32\Wbem;C:\WINDOWS\System32\WindowsPowerShell\v1.0\;C:\WINDOWS\System32\OpenSSH\;C:\Program Files\Git\cmd;C:\Program Files\nodejs\;C:\Program Files\Docker\Docker\resources\bin;C:\Program Files\PostgreSQL\18\bin;C:\Users\admin\AppData\Local\Programs\Python\Python313\Scripts\;C:\Users\admin\AppData\Local\Programs\Python\Python313\;C:\Users\admin\AppData\Local\Programs\Python\Python314\;C:\Users\admin\AppData\Local\Programs\Python\Python314\Scripts\;C:\Program Files\MySQL\MySQL Shell 8.0\bin\;C:\Users\admin\AppData\Local\Programs\Python\Launcher\;C:\Users\admin\AppData\Local\Microsoft\WindowsApps;C:\Users\admin\AppData\Local\Programs\Microsoft VS Code\bin;C:\msys64\ucrt64\bin;C:\Program Files\JetBrains\IntelliJ IDEA 2025.2.1\bin;C:\Users\admin\AppData\Local\Programs\Antigravity\bin;C:\Users\admin\AppData\Roaming\npm;C:\Program Files (x86)\GnuWin32\bin;C:\Program Files (x86)\GnuWin32\bin;C:\msys64\usr\bin;C:\msys64\mingw64\bin;C:\flutterFeature\flutter\bin;C:\Users\admin\AppData\Local\Android\Sdk\platform-tools;C:\Users\admin\AppData\Local\Android\Sdk\build-tools\37.0.0;
USERNAME=admin
OS=Windows_NT
PROCESSOR_IDENTIFIER=Intel64 Family 6 Model 142 Stepping 12, GenuineIntel
TMP=C:\Users\admin\AppData\Local\Temp
TEMP=C:\Users\admin\AppData\Local\Temp




Periodic native trim disabled

---------------  S Y S T E M  ---------------

OS:
 Windows 11 , 64 bit Build 26100 (10.0.26100.8115)
OS uptime: 1 days 0:57 hours
Hyper-V role detected

CPU: total 8 (initial active 8) (4 cores per cpu, 2 threads per core) family 6 model 142 stepping 12 microcode 0x100, cx8, cmov, fxsr, ht, mmx, 3dnowpref, sse, sse2, sse3, ssse3, sse4.1, sse4.2, popcnt, lzcnt, tsc, tscinvbit, avx, avx2, aes, erms, clmul, bmi1, bmi2, adx, fma, vzeroupper, clflush, clflushopt, hv, rdtscp, f16c
Processor Information for the first 8 processors :
  Max Mhz: 2304, Current Mhz: 1803, Mhz Limit: 1797

Memory: 4k page, system-wide physical 16157M (6576M free)
TotalPageFile size 65309M (AvailPageFile size 6M)
current process WorkingSet (physical memory assigned to process): 207M, peak: 221M
current process commit charge ("private bytes"): 386M, peak: 414M

vm_info: OpenJDK 64-Bit Server VM (21.0.12.1+1-LTS) for windows-amd64 JRE (21.0.12.1+1-LTS), built on 2026-08-18T00:00:00Z by "admin" with MS VC++ 17.12 (VS2022)

END.
