#
# There is insufficient memory for the Java Runtime Environment to continue.
# Native memory allocation (malloc) failed to allocate 1161136 bytes. Error detail: Chunk::new
# Possible reasons:
#   The system is out of physical RAM or swap space
#   This process is running with CompressedOops enabled, and the Java Heap may be blocking the growth of the native heap
# Possible solutions:
#   Reduce memory load on the system
#   Increase physical memory or swap space
#   Check if swap backing store is full
#   Decrease Java heap size (-Xmx/-Xms)
#   Decrease number of Java threads
#   Decrease Java thread stack sizes (-Xss)
#   Set larger code cache with -XX:ReservedCodeCacheSize=
#   JVM is running with Zero Based Compressed Oops mode in which the Java heap is
#     placed in the first 32GB address space. The Java Heap base address is the
#     maximum limit for the native heap growth. Please use -XX:HeapBaseMinAddress
#     to set the Java Heap base and to place the Java Heap above 32GB virtual address.
# This output file may be truncated or incomplete.
#
#  Out of Memory Error (arena.cpp:168), pid=20452, tid=12004
#
# JRE version: OpenJDK Runtime Environment Temurin-21.0.12.1+1 (21.0.12.1+1) (build 21.0.12.1+1-LTS)
# Java VM: OpenJDK 64-Bit Server VM Temurin-21.0.12.1+1 (21.0.12.1+1-LTS, mixed mode, sharing, tiered, compressed oops, compressed class ptrs, parallel gc, windows-amd64)
# No core dump will be written. Minidumps are not enabled by default on client versions of Windows
#

---------------  S U M M A R Y ------------

Command Line: --add-modules=ALL-SYSTEM --add-opens=java.base/java.util=ALL-UNNAMED --add-opens=java.base/java.lang=ALL-UNNAMED --add-opens=java.base/sun.nio.fs=ALL-UNNAMED -Declipse.application=org.eclipse.jdt.ls.core.id1 -Dosgi.bundles.defaultStartLevel=4 -Declipse.product=org.eclipse.jdt.ls.core.product -Djava.import.generatesMetadataFilesAtProjectRoot=false -Dm2e.project.cache.size=50 -DDetectVMInstallationsJob.disabled=true -Dfile.encoding=utf8 -XX:+UseParallelGC -XX:GCTimeRatio=4 -XX:AdaptiveSizePolicyWeight=90 -Dsun.zip.disableMemoryMapping=true -Xmx4G -Xms100m -Xlog:disable -javaagent:c:\Users\admin\.vscode\extensions\redhat.java-1.56.0-win32-x64\lombok\lombok-1.18.39-4050.jar -XX:+HeapDumpOnOutOfMemoryError -XX:HeapDumpPath=c:\Users\admin\AppData\Roaming\Code\User\workspaceStorage\8d4d080e920730285268a385d66d5bf5\redhat.java -Daether.dependencyCollector.impl=bf c:\Users\admin\.vscode\extensions\redhat.java-1.56.0-win32-x64\server\plugins\org.eclipse.equinox.launcher_1.8.0.v20260804-1928.jar -configuration c:\Users\admin\AppData\Roaming\Code\User\globalStorage\redhat.java\1.56.0\config_win -data c:\Users\admin\AppData\Roaming\Code\User\workspaceStorage\8d4d080e920730285268a385d66d5bf5\redhat.java\jdt_ws --pipe=\\.\pipe\lsp-7ca1cbd1bc2478ee2a64b4a58d72b100-sock

Host: Intel(R) Core(TM) i7-10510U CPU @ 1.80GHz, 8 cores, 15G,  Windows 11 , 64 bit Build 26100 (10.0.26100.8115)
Time: Fri Sep 25 10:17:20 2026 elapsed time: 22.819859 seconds (0d 0h 0m 22s)

---------------  T H R E A D  ---------------

Current thread (0x000001db593aefe0):  JavaThread "C2 CompilerThread0" daemon [_thread_in_native, id=12004, stack(0x000000431c300000,0x000000431c400000) (1024K)]


Current CompileTask:
C2:22820 10004       4       org.eclipse.jdt.internal.compiler.parser.Parser::consumeRule (7843 bytes)

Stack: [0x000000431c300000,0x000000431c400000]
Native frames: (J=compiled Java code, j=interpreted, Vv=VM code, C=native code)
V  [jvm.dll+0x6d83e9]
V  [jvm.dll+0x8b5736]
V  [jvm.dll+0x8b7cee]
V  [jvm.dll+0x8b83d3]
V  [jvm.dll+0x284596]
V  [jvm.dll+0xc685d]
V  [jvm.dll+0xc6da1]
V  [jvm.dll+0x3bf151]
V  [jvm.dll+0x38b6d2]
V  [jvm.dll+0x38ab1a]
V  [jvm.dll+0x24c700]
V  [jvm.dll+0x24bce0]
V  [jvm.dll+0x1cb4ae]
V  [jvm.dll+0x25baad]
V  [jvm.dll+0x25a03a]
V  [jvm.dll+0x3f8aae]
V  [jvm.dll+0x8600cd]
V  [jvm.dll+0x6d6c1d]
C  [ucrtbase.dll+0x37b0]
C  [KERNEL32.DLL+0x2e8d7]
C  [ntdll.dll+0x8c3fc]


---------------  P R O C E S S  ---------------

Threads class SMR info:
_java_thread_list=0x000001dba447a0f0, length=53, elements={
0x000001db3dfbe630, 0x000001db59387fe0, 0x000001db5938f9b0, 0x000001db5939df40,
0x000001db5939ea40, 0x000001db5939fd70, 0x000001db593a3150, 0x000001db593aefe0,
0x000001db593b0370, 0x000001dba0196820, 0x000001dba0365020, 0x000001dba0777730,
0x000001dba0765e40, 0x000001dba0d31910, 0x000001dba0be6390, 0x000001dba1368e70,
0x000001dba1539e20, 0x000001dba1004800, 0x000001dba0601a50, 0x000001dba06013c0,
0x000001dba0600d30, 0x000001dba2713b60, 0x000001dba2716fe0, 0x000001dba2714880,
0x000001dba2717670, 0x000001dba2714f10, 0x000001dba27141f0, 0x000001dba2717d00,
0x000001dba2715c30, 0x000001dba2718390, 0x000001dba27162c0, 0x000001dba2716950,
0x000001dba2718a20, 0x000001dba27155a0, 0x000001dba27190b0, 0x000001dba2719dd0,
0x000001dba271a460, 0x000001dba271aaf0, 0x000001dba271b180, 0x000001dba331a350,
0x000001dba3318280, 0x000001dba331a9e0, 0x000001dba331b070, 0x000001dba3319630,
0x000001dba389a770, 0x000001dba4defe00, 0x000001dba331bd90, 0x000001dba3318910,
0x000001dba3319cc0, 0x000001dba331c420, 0x000001dba3318fa0, 0x000001dba331cab0,
0x000001dba331eb80
}

Java Threads: ( => current thread )
  0x000001db3dfbe630 JavaThread "main"                              [_thread_blocked, id=21600, stack(0x000000431b900000,0x000000431ba00000) (1024K)]
  0x000001db59387fe0 JavaThread "Reference Handler"          daemon [_thread_blocked, id=3608, stack(0x000000431bd00000,0x000000431be00000) (1024K)]
  0x000001db5938f9b0 JavaThread "Finalizer"                  daemon [_thread_blocked, id=8656, stack(0x000000431be00000,0x000000431bf00000) (1024K)]
  0x000001db5939df40 JavaThread "Signal Dispatcher"          daemon [_thread_blocked, id=17036, stack(0x000000431bf00000,0x000000431c000000) (1024K)]
  0x000001db5939ea40 JavaThread "Attach Listener"            daemon [_thread_blocked, id=28584, stack(0x000000431c000000,0x000000431c100000) (1024K)]
  0x000001db5939fd70 JavaThread "Service Thread"             daemon [_thread_blocked, id=20992, stack(0x000000431c100000,0x000000431c200000) (1024K)]
  0x000001db593a3150 JavaThread "Monitor Deflation Thread"   daemon [_thread_blocked, id=29176, stack(0x000000431c200000,0x000000431c300000) (1024K)]
=>0x000001db593aefe0 JavaThread "C2 CompilerThread0"         daemon [_thread_in_native, id=12004, stack(0x000000431c300000,0x000000431c400000) (1024K)]
  0x000001db593b0370 JavaThread "C1 CompilerThread0"         daemon [_thread_in_native, id=26472, stack(0x000000431c400000,0x000000431c500000) (1024K)]
  0x000001dba0196820 JavaThread "Common-Cleaner"             daemon [_thread_blocked, id=28268, stack(0x000000431c500000,0x000000431c600000) (1024K)]
  0x000001dba0365020 JavaThread "Notification Thread"        daemon [_thread_blocked, id=32028, stack(0x000000431c700000,0x000000431c800000) (1024K)]
  0x000001dba0777730 JavaThread "Active Thread: Equinox Container: 890c0500-71ff-4a56-aea8-62b3c97ed61e"        [_thread_blocked, id=28768, stack(0x000000431cf00000,0x000000431d000000) (1024K)]
  0x000001dba0765e40 JavaThread "Refresh Thread: Equinox Container: 890c0500-71ff-4a56-aea8-62b3c97ed61e" daemon [_thread_blocked, id=27724, stack(0x000000431d100000,0x000000431d200000) (1024K)]
  0x000001dba0d31910 JavaThread "Framework Event Dispatcher: Equinox Container: 890c0500-71ff-4a56-aea8-62b3c97ed61e" daemon [_thread_blocked, id=30116, stack(0x000000431d200000,0x000000431d300000) (1024K)]
  0x000001dba0be6390 JavaThread "Start Level: Equinox Container: 890c0500-71ff-4a56-aea8-62b3c97ed61e" daemon [_thread_blocked, id=18632, stack(0x000000431d300000,0x000000431d400000) (1024K)]
  0x000001dba1368e70 JavaThread "Bundle File Closer"         daemon [_thread_blocked, id=5304, stack(0x000000431d400000,0x000000431d500000) (1024K)]
  0x000001dba1539e20 JavaThread "SCR Component Actor"        daemon [_thread_blocked, id=17052, stack(0x000000431c600000,0x000000431c700000) (1024K)]
  0x000001dba1004800 JavaThread "Worker-JM"                         [_thread_blocked, id=23380, stack(0x000000431d600000,0x000000431d700000) (1024K)]
  0x000001dba0601a50 JavaThread "JNA Cleaner"                daemon [_thread_blocked, id=3148, stack(0x000000431c800000,0x000000431c900000) (1024K)]
  0x000001dba06013c0 JavaThread "Worker-0: Validate documents"        [_thread_blocked, id=6076, stack(0x000000431d500000,0x000000431d600000) (1024K)]
  0x000001dba0600d30 JavaThread "Worker-1: Publish Diagnostics"        [_thread_in_vm, id=25068, stack(0x000000431d700000,0x000000431d800000) (1024K)]
  0x000001dba2713b60 JavaThread "Worker-2: Initialize workspace"        [_thread_in_native, id=15592, stack(0x000000431d900000,0x000000431da00000) (1024K)]
  0x000001dba2716fe0 JavaThread "Java indexing"              daemon [_thread_blocked, id=31956, stack(0x000000431db00000,0x000000431dc00000) (1024K)]
  0x000001dba2714880 JavaThread "Worker-3"                          [_thread_blocked, id=18728, stack(0x000000431df00000,0x000000431e000000) (1024K)]
  0x000001dba2717670 JavaThread "Worker-4"                          [_thread_blocked, id=4648, stack(0x000000431e000000,0x000000431e100000) (1024K)]
  0x000001dba2714f10 JavaThread "Thread-1"                   daemon [_thread_in_native, id=32096, stack(0x000000431e100000,0x000000431e200000) (1024K)]
  0x000001dba27141f0 JavaThread "Thread-2"                   daemon [_thread_in_native, id=14668, stack(0x000000431e200000,0x000000431e300000) (1024K)]
  0x000001dba2717d00 JavaThread "Thread-3"                   daemon [_thread_in_native, id=32256, stack(0x000000431e300000,0x000000431e400000) (1024K)]
  0x000001dba2715c30 JavaThread "Thread-4"                   daemon [_thread_in_native, id=16140, stack(0x000000431e400000,0x000000431e500000) (1024K)]
  0x000001dba2718390 JavaThread "Thread-5"                   daemon [_thread_in_native, id=31480, stack(0x000000431e500000,0x000000431e600000) (1024K)]
  0x000001dba27162c0 JavaThread "Thread-6"                   daemon [_thread_in_native, id=27760, stack(0x000000431e600000,0x000000431e700000) (1024K)]
  0x000001dba2716950 JavaThread "Thread-7"                   daemon [_thread_in_native, id=26940, stack(0x000000431e700000,0x000000431e800000) (1024K)]
  0x000001dba2718a20 JavaThread "Thread-8"                   daemon [_thread_in_native, id=32732, stack(0x000000431e800000,0x000000431e900000) (1024K)]
  0x000001dba27155a0 JavaThread "Thread-9"                   daemon [_thread_in_native, id=26792, stack(0x000000431e900000,0x000000431ea00000) (1024K)]
  0x000001dba27190b0 JavaThread "pool-2-thread-1"                   [_thread_blocked, id=27868, stack(0x000000431ea00000,0x000000431eb00000) (1024K)]
  0x000001dba2719dd0 JavaThread "WorkspaceEventsHandler"            [_thread_blocked, id=2796, stack(0x000000431eb00000,0x000000431ec00000) (1024K)]
  0x000001dba271a460 JavaThread "pool-1-thread-1"                   [_thread_blocked, id=31364, stack(0x000000431ec00000,0x000000431ed00000) (1024K)]
  0x000001dba271aaf0 JavaThread "PatternSearchJob-worker-1"  daemon [_thread_blocked, id=22620, stack(0x000000431ed00000,0x000000431ee00000) (1024K)]
  0x000001dba271b180 JavaThread "PatternSearchJob-worker-2"  daemon [_thread_blocked, id=3872, stack(0x000000431ee00000,0x000000431ef00000) (1024K)]
  0x000001dba331a350 JavaThread "PatternSearchJob-worker-3"  daemon [_thread_blocked, id=4684, stack(0x000000431ef00000,0x000000431f000000) (1024K)]
  0x000001dba3318280 JavaThread "PatternSearchJob-worker-4"  daemon [_thread_blocked, id=15164, stack(0x000000431f000000,0x000000431f100000) (1024K)]
  0x000001dba331a9e0 JavaThread "PatternSearchJob-worker-5"  daemon [_thread_blocked, id=1676, stack(0x000000431f100000,0x000000431f200000) (1024K)]
  0x000001dba331b070 JavaThread "PatternSearchJob-worker-6"  daemon [_thread_blocked, id=31980, stack(0x000000431f200000,0x000000431f300000) (1024K)]
  0x000001dba3319630 JavaThread "PatternSearchJob-worker-7"  daemon [_thread_blocked, id=32040, stack(0x000000431f300000,0x000000431f400000) (1024K)]
  0x000001dba389a770 JavaThread "C2 CompilerThread1"         daemon [_thread_in_native, id=3676, stack(0x000000431d800000,0x000000431d900000) (1024K)]
  0x000001dba4defe00 JavaThread "C2 CompilerThread2"         daemon [_thread_in_native, id=27864, stack(0x000000431da00000,0x000000431db00000) (1024K)]
  0x000001dba331bd90 JavaThread "ForkJoinPool.commonPool-worker-1" daemon [_thread_blocked, id=30056, stack(0x000000431f400000,0x000000431f500000) (1024K)]
  0x000001dba3318910 JavaThread "ForkJoinPool.commonPool-worker-2" daemon [_thread_blocked, id=27460, stack(0x000000431f500000,0x000000431f600000) (1024K)]
  0x000001dba3319cc0 JavaThread "ForkJoinPool.commonPool-worker-3" daemon [_thread_blocked, id=15136, stack(0x000000431f600000,0x000000431f700000) (1024K)]
  0x000001dba331c420 JavaThread "ForkJoinPool.commonPool-worker-4" daemon [_thread_blocked, id=31952, stack(0x000000431f700000,0x000000431f800000) (1024K)]
  0x000001dba3318fa0 JavaThread "ForkJoinPool.commonPool-worker-5" daemon [_thread_blocked, id=2184, stack(0x000000431f800000,0x000000431f900000) (1024K)]
  0x000001dba331cab0 JavaThread "ForkJoinPool.commonPool-worker-6" daemon [_thread_blocked, id=15268, stack(0x000000431f900000,0x000000431fa00000) (1024K)]
  0x000001dba331eb80 JavaThread "ForkJoinPool.commonPool-worker-7" daemon [_thread_blocked, id=26628, stack(0x000000431fa00000,0x000000431fb00000) (1024K)]
Total: 53

Other Threads:
  0x000001db59383000 VMThread "VM Thread"                           [id=27380, stack(0x000000431bc00000,0x000000431bd00000) (1024K)]
  0x000001db5929ca00 WatcherThread "VM Periodic Task Thread"        [id=23156, stack(0x000000431bb00000,0x000000431bc00000) (1024K)]
  0x000001db3dfcfa90 WorkerThread "GC Thread#0"                     [id=19928, stack(0x000000431ba00000,0x000000431bb00000) (1024K)]
  0x000001dba0396750 WorkerThread "GC Thread#1"                     [id=17964, stack(0x000000431c900000,0x000000431ca00000) (1024K)]
  0x000001dba0dfdc20 WorkerThread "GC Thread#2"                     [id=29272, stack(0x000000431ca00000,0x000000431cb00000) (1024K)]
  0x000001dba0dfdfd0 WorkerThread "GC Thread#3"                     [id=21348, stack(0x000000431cb00000,0x000000431cc00000) (1024K)]
  0x000001dba03926e0 WorkerThread "GC Thread#4"                     [id=14480, stack(0x000000431cc00000,0x000000431cd00000) (1024K)]
  0x000001dba0392ea0 WorkerThread "GC Thread#5"                     [id=20428, stack(0x000000431cd00000,0x000000431ce00000) (1024K)]
  0x000001dba0671dd0 WorkerThread "GC Thread#6"                     [id=3192, stack(0x000000431ce00000,0x000000431cf00000) (1024K)]
  0x000001dba06712c0 WorkerThread "GC Thread#7"                     [id=15380, stack(0x000000431d000000,0x000000431d100000) (1024K)]
Total: 10

Threads with active compile tasks:
C2 CompilerThread0  22976 10004       4       org.eclipse.jdt.internal.compiler.parser.Parser::consumeRule (7843 bytes)
C2 CompilerThread1  22977 9947       4       org.eclipse.jdt.internal.core.JavaModelCache::getInfo (156 bytes)
C2 CompilerThread2  22977 10127       4       java.io.WinNTFileSystem::normalize (224 bytes)
Total: 3

VM state: not at safepoint (normal execution)

VM Mutex/Monitor currently owned by a thread: None

Heap address: 0x0000000700000000, size: 4096 MB, Compressed Oops mode: Zero based, Oop shift amount: 3

CDS archive(s) mapped at: [0x000001db5a000000-0x000001db5aba0000-0x000001db5aba0000), size 12189696, SharedBaseAddress: 0x000001db5a000000, ArchiveRelocationMode: 1.
Compressed class space mapped at: 0x000001db5b000000-0x000001db9b000000, reserved size: 1073741824
Narrow klass base: 0x000001db5a000000, Narrow klass shift: 0, Narrow klass range: 0x100000000

GC Precious Log:
 CardTable entry size: 512
 CPUs: 8 total, 8 available
 Memory: 16157M
 Large Page Support: Disabled
 NUMA Support: Disabled
 Compressed Oops: Enabled (Zero based)
 Alignments: Space 512K, Generation 512K, Heap 2M
 Heap Min Capacity: 100M
 Heap Initial Capacity: 100M
 Heap Max Capacity: 4G
 Pre-touch: Disabled
 Parallel Workers: 8

Heap:
 PSYoungGen      total 19968K, used 9776K [0x00000007aab00000, 0x00000007ac900000, 0x0000000800000000)
  eden space 18432K, 44% used [0x00000007aab00000,0x00000007ab310e68,0x00000007abd00000)
  from space 1536K, 98% used [0x00000007abd80000,0x00000007abefb430,0x00000007abf00000)
  to   space 6144K, 0% used [0x00000007ac300000,0x00000007ac300000,0x00000007ac900000)
 ParOldGen       total 70656K, used 70161K [0x0000000700000000, 0x0000000704500000, 0x00000007aab00000)
  object space 70656K, 99% used [0x0000000700000000,0x0000000704484740,0x0000000704500000)
 Metaspace       used 61729K, committed 63168K, reserved 1114112K
  class space    used 6583K, committed 7232K, reserved 1048576K

Card table byte_map: [0x000001db501b0000,0x000001db509c0000] _byte_map_base: 0x000001db4c9b0000

Marking Bits: (ParMarkBitMap*) 0x00007ffc511744a0
 Begin Bits: [0x000001db509c0000, 0x000001db549c0000)
 End Bits:   [0x000001db549c0000, 0x000001db589c0000)

Polling page: 0x000001db3bd20000

Metaspace:

Usage:
  Non-class:     53.85 MB used.
      Class:      6.43 MB used.
       Both:     60.28 MB used.

Virtual space:
  Non-class space:       64.00 MB reserved,      54.62 MB ( 85%) committed,  1 nodes.
      Class space:        1.00 GB reserved,       7.06 MB ( <1%) committed,  1 nodes.
             Both:        1.06 GB reserved,      61.69 MB (  6%) committed. 

Chunk freelists:
   Non-Class:  8.95 MB
       Class:  8.89 MB
        Both:  17.82 MB

MaxMetaspaceSize: unlimited
CompressedClassSpaceSize: 1.00 GB
Initial GC threshold: 21.00 MB
Current GC threshold: 97.31 MB
CDS: on
 - commit_granule_bytes: 65536.
 - commit_granule_words: 8192.
 - virtual_space_node_default_size: 8388608.
 - enlarge_chunks_in_place: 1.
 - use_allocation_guard: 0.


Internal statistics:

num_allocs_failed_limit: 9.
num_arena_births: 1128.
num_arena_deaths: 20.
num_vsnodes_births: 2.
num_vsnodes_deaths: 0.
num_space_committed: 988.
num_space_uncommitted: 0.
num_chunks_returned_to_freelist: 32.
num_chunks_taken_from_freelist: 4063.
num_chunk_merges: 17.
num_chunk_splits: 2490.
num_chunks_enlarged: 1363.
num_inconsistent_stats: 0.

CodeHeap 'non-profiled nmethods': size=120000Kb used=6280Kb max_used=6280Kb free=113719Kb
 bounds [0x000001db48c80000, 0x000001db492b0000, 0x000001db501b0000]
CodeHeap 'profiled nmethods': size=120000Kb used=20670Kb max_used=20670Kb free=99329Kb
 bounds [0x000001db411b0000, 0x000001db425f0000, 0x000001db486e0000]
CodeHeap 'non-nmethods': size=5760Kb used=1409Kb max_used=1549Kb free=4350Kb
 bounds [0x000001db486e0000, 0x000001db48950000, 0x000001db48c80000]
CodeCache: size=245760Kb, used=28359Kb, max_used=28499Kb, free=217398Kb
 total_blobs=10092, nmethods=9368, adapters=630, full_count=0
Compilation: enabled, stopped_count=0, restarted_count=0

Compilation events (20 events):
Event: 21.802 Thread 0x000001dba4defe00 nmethod 9966 0x000001db49299990 code [0x000001db49299b20, 0x000001db49299c00]
Event: 21.802 Thread 0x000001dba4defe00 9982       4       java.util.IdentityHashMap::closeDeletion (107 bytes)
Event: 21.803 Thread 0x000001db593b0370 nmethod 10089 0x000001db425b7910 code [0x000001db425b7f40, 0x000001db425bb780]
Event: 21.803 Thread 0x000001db593b0370 10095       3       java.util.LinkedHashSet::<init> (28 bytes)
Event: 21.804 Thread 0x000001db593b0370 nmethod 10095 0x000001db425bc890 code [0x000001db425bcac0, 0x000001db425bcf68]
Event: 21.804 Thread 0x000001db593b0370 10096       1       org.eclipse.jdt.ls.core.internal.CancellableProgressMonitor::isDone (5 bytes)
Event: 21.804 Thread 0x000001db593b0370 nmethod 10096 0x000001db49299d10 code [0x000001db49299ea0, 0x000001db49299f70]
Event: 21.804 Thread 0x000001db593b0370 10090       3       java.lang.invoke.LambdaForm$MH/0x000001db5b082800::invoke (126 bytes)
Event: 21.805 Thread 0x000001db593b0370 nmethod 10090 0x000001db425bd110 code [0x000001db425bd380, 0x000001db425be0e8]
Event: 21.805 Thread 0x000001db593b0370 10091       3       java.lang.invoke.LambdaForm$MH/0x000001db5b082000::invoke (67 bytes)
Event: 21.806 Thread 0x000001db593b0370 nmethod 10091 0x000001db425be490 code [0x000001db425be6a0, 0x000001db425bedd8]
Event: 21.806 Thread 0x000001db593b0370 10093       3       lombok.eclipse.EclipseAST::buildTree (182 bytes)
Event: 21.808 Thread 0x000001db593b0370 nmethod 10093 0x000001db425bf010 code [0x000001db425bf3c0, 0x000001db425c0a40]
Event: 21.808 Thread 0x000001db593b0370 10092       3       java.lang.invoke.DirectMethodHandle$Holder::getReference (28 bytes)
Event: 21.808 Thread 0x000001db593b0370 nmethod 10092 0x000001db425c0f90 code [0x000001db425c1160, 0x000001db425c1770]
Event: 21.808 Thread 0x000001db593b0370 10099       1       org.eclipse.jdt.internal.compiler.lookup.Scope::compilationUnitScope (5 bytes)
Event: 21.809 Thread 0x000001db593b0370 nmethod 10099 0x000001db4929a010 code [0x000001db4929a1a0, 0x000001db4929a270]
Event: 21.809 Thread 0x000001db593b0370 10094       3       java.lang.invoke.LambdaForm$MH/0x000001db5b219400::invoke (37 bytes)
Event: 21.809 Thread 0x000001db593b0370 nmethod 10094 0x000001db425c1910 code [0x000001db425c1b20, 0x000001db425c23b0]
Event: 21.809 Thread 0x000001db593b0370 10100  s    3       org.eclipse.core.internal.filesystem.InternalFileSystemCore::getFileSystemRegistry (156 bytes)

GC Heap History (20 events):
Event: 20.798 GC heap before
{Heap before GC invocations=57 (full 3):
 PSYoungGen      total 20480K, used 20460K [0x00000007aab00000, 0x00000007ac100000, 0x0000000800000000)
  eden space 19456K, 100% used [0x00000007aab00000,0x00000007abe00000,0x00000007abe00000)
  from space 1024K, 98% used [0x00000007abe00000,0x00000007abefb1a0,0x00000007abf00000)
  to   space 1536K, 0% used [0x00000007abf80000,0x00000007abf80000,0x00000007ac100000)
 ParOldGen       total 68608K, used 60237K [0x0000000700000000, 0x0000000704300000, 0x00000007aab00000)
  object space 68608K, 87% used [0x0000000700000000,0x0000000703ad37a8,0x0000000704300000)
 Metaspace       used 58947K, committed 60352K, reserved 1114112K
  class space    used 6318K, committed 6976K, reserved 1048576K
}
Event: 20.801 GC heap after
{Heap after GC invocations=57 (full 3):
 PSYoungGen      total 20480K, used 640K [0x00000007aab00000, 0x00000007ac080000, 0x0000000800000000)
  eden space 19456K, 0% used [0x00000007aab00000,0x00000007aab00000,0x00000007abe00000)
  from space 1024K, 62% used [0x00000007abf80000,0x00000007ac020000,0x00000007ac080000)
  to   space 1024K, 0% used [0x00000007abe00000,0x00000007abe00000,0x00000007abf00000)
 ParOldGen       total 68608K, used 61112K [0x0000000700000000, 0x0000000704300000, 0x00000007aab00000)
  object space 68608K, 89% used [0x0000000700000000,0x0000000703bae068,0x0000000704300000)
 Metaspace       used 58947K, committed 60352K, reserved 1114112K
  class space    used 6318K, committed 6976K, reserved 1048576K
}
Event: 20.866 GC heap before
{Heap before GC invocations=58 (full 3):
 PSYoungGen      total 20480K, used 20096K [0x00000007aab00000, 0x00000007ac080000, 0x0000000800000000)
  eden space 19456K, 100% used [0x00000007aab00000,0x00000007abe00000,0x00000007abe00000)
  from space 1024K, 62% used [0x00000007abf80000,0x00000007ac020000,0x00000007ac080000)
  to   space 1024K, 0% used [0x00000007abe00000,0x00000007abe00000,0x00000007abf00000)
 ParOldGen       total 68608K, used 61112K [0x0000000700000000, 0x0000000704300000, 0x00000007aab00000)
  object space 68608K, 89% used [0x0000000700000000,0x0000000703bae068,0x0000000704300000)
 Metaspace       used 59282K, committed 60672K, reserved 1114112K
  class space    used 6348K, committed 6976K, reserved 1048576K
}
Event: 20.868 GC heap after
{Heap after GC invocations=58 (full 3):
 PSYoungGen      total 20480K, used 753K [0x00000007aab00000, 0x00000007ac000000, 0x0000000800000000)
  eden space 19456K, 0% used [0x00000007aab00000,0x00000007aab00000,0x00000007abe00000)
  from space 1024K, 73% used [0x00000007abe00000,0x00000007abebc400,0x00000007abf00000)
  to   space 1024K, 0% used [0x00000007abf00000,0x00000007abf00000,0x00000007ac000000)
 ParOldGen       total 68608K, used 61612K [0x0000000700000000, 0x0000000704300000, 0x00000007aab00000)
  object space 68608K, 89% used [0x0000000700000000,0x0000000703c2b2f8,0x0000000704300000)
 Metaspace       used 59282K, committed 60672K, reserved 1114112K
  class space    used 6348K, committed 6976K, reserved 1048576K
}
Event: 20.917 GC heap before
{Heap before GC invocations=59 (full 3):
 PSYoungGen      total 20480K, used 20209K [0x00000007aab00000, 0x00000007ac000000, 0x0000000800000000)
  eden space 19456K, 100% used [0x00000007aab00000,0x00000007abe00000,0x00000007abe00000)
  from space 1024K, 73% used [0x00000007abe00000,0x00000007abebc400,0x00000007abf00000)
  to   space 1024K, 0% used [0x00000007abf00000,0x00000007abf00000,0x00000007ac000000)
 ParOldGen       total 68608K, used 61612K [0x0000000700000000, 0x0000000704300000, 0x00000007aab00000)
  object space 68608K, 89% used [0x0000000700000000,0x0000000703c2b2f8,0x0000000704300000)
 Metaspace       used 59289K, committed 60672K, reserved 1114112K
  class space    used 6348K, committed 6976K, reserved 1048576K
}
Event: 20.919 GC heap after
{Heap after GC invocations=59 (full 3):
 PSYoungGen      total 20480K, used 544K [0x00000007aab00000, 0x00000007ac000000, 0x0000000800000000)
  eden space 19456K, 0% used [0x00000007aab00000,0x00000007aab00000,0x00000007abe00000)
  from space 1024K, 53% used [0x00000007abf00000,0x00000007abf88000,0x00000007ac000000)
  to   space 1024K, 0% used [0x00000007abe00000,0x00000007abe00000,0x00000007abf00000)
 ParOldGen       total 68608K, used 62157K [0x0000000700000000, 0x0000000704300000, 0x00000007aab00000)
  object space 68608K, 90% used [0x0000000700000000,0x0000000703cb36f8,0x0000000704300000)
 Metaspace       used 59289K, committed 60672K, reserved 1114112K
  class space    used 6348K, committed 6976K, reserved 1048576K
}
Event: 20.978 GC heap before
{Heap before GC invocations=60 (full 3):
 PSYoungGen      total 20480K, used 20000K [0x00000007aab00000, 0x00000007ac000000, 0x0000000800000000)
  eden space 19456K, 100% used [0x00000007aab00000,0x00000007abe00000,0x00000007abe00000)
  from space 1024K, 53% used [0x00000007abf00000,0x00000007abf88000,0x00000007ac000000)
  to   space 1024K, 0% used [0x00000007abe00000,0x00000007abe00000,0x00000007abf00000)
 ParOldGen       total 68608K, used 62157K [0x0000000700000000, 0x0000000704300000, 0x00000007aab00000)
  object space 68608K, 90% used [0x0000000700000000,0x0000000703cb36f8,0x0000000704300000)
 Metaspace       used 59308K, committed 60672K, reserved 1114112K
  class space    used 6350K, committed 6976K, reserved 1048576K
}
Event: 20.980 GC heap after
{Heap after GC invocations=60 (full 3):
 PSYoungGen      total 20480K, used 576K [0x00000007aab00000, 0x00000007ac000000, 0x0000000800000000)
  eden space 19456K, 0% used [0x00000007aab00000,0x00000007aab00000,0x00000007abe00000)
  from space 1024K, 56% used [0x00000007abe00000,0x00000007abe90000,0x00000007abf00000)
  to   space 1024K, 0% used [0x00000007abf00000,0x00000007abf00000,0x00000007ac000000)
 ParOldGen       total 68608K, used 62533K [0x0000000700000000, 0x0000000704300000, 0x00000007aab00000)
  object space 68608K, 91% used [0x0000000700000000,0x0000000703d116f8,0x0000000704300000)
 Metaspace       used 59308K, committed 60672K, reserved 1114112K
  class space    used 6350K, committed 6976K, reserved 1048576K
}
Event: 21.039 GC heap before
{Heap before GC invocations=61 (full 3):
 PSYoungGen      total 20480K, used 20032K [0x00000007aab00000, 0x00000007ac000000, 0x0000000800000000)
  eden space 19456K, 100% used [0x00000007aab00000,0x00000007abe00000,0x00000007abe00000)
  from space 1024K, 56% used [0x00000007abe00000,0x00000007abe90000,0x00000007abf00000)
  to   space 1024K, 0% used [0x00000007abf00000,0x00000007abf00000,0x00000007ac000000)
 ParOldGen       total 68608K, used 62533K [0x0000000700000000, 0x0000000704300000, 0x00000007aab00000)
  object space 68608K, 91% used [0x0000000700000000,0x0000000703d116f8,0x0000000704300000)
 Metaspace       used 59324K, committed 60672K, reserved 1114112K
  class space    used 6350K, committed 6976K, reserved 1048576K
}
Event: 21.042 GC heap after
{Heap after GC invocations=61 (full 3):
 PSYoungGen      total 20480K, used 576K [0x00000007aab00000, 0x00000007ac000000, 0x0000000800000000)
  eden space 19456K, 0% used [0x00000007aab00000,0x00000007aab00000,0x00000007abe00000)
  from space 1024K, 56% used [0x00000007abf00000,0x00000007abf90000,0x00000007ac000000)
  to   space 1024K, 0% used [0x00000007abe00000,0x00000007abe00000,0x00000007abf00000)
 ParOldGen       total 68608K, used 62947K [0x0000000700000000, 0x0000000704300000, 0x00000007aab00000)
  object space 68608K, 91% used [0x0000000700000000,0x0000000703d78f68,0x0000000704300000)
 Metaspace       used 59324K, committed 60672K, reserved 1114112K
  class space    used 6350K, committed 6976K, reserved 1048576K
}
Event: 21.108 GC heap before
{Heap before GC invocations=62 (full 3):
 PSYoungGen      total 20480K, used 20032K [0x00000007aab00000, 0x00000007ac000000, 0x0000000800000000)
  eden space 19456K, 100% used [0x00000007aab00000,0x00000007abe00000,0x00000007abe00000)
  from space 1024K, 56% used [0x00000007abf00000,0x00000007abf90000,0x00000007ac000000)
  to   space 1024K, 0% used [0x00000007abe00000,0x00000007abe00000,0x00000007abf00000)
 ParOldGen       total 68608K, used 62947K [0x0000000700000000, 0x0000000704300000, 0x00000007aab00000)
  object space 68608K, 91% used [0x0000000700000000,0x0000000703d78f68,0x0000000704300000)
 Metaspace       used 59332K, committed 60672K, reserved 1114112K
  class space    used 6350K, committed 6976K, reserved 1048576K
}
Event: 21.111 GC heap after
{Heap after GC invocations=62 (full 3):
 PSYoungGen      total 20480K, used 787K [0x00000007aab00000, 0x00000007ac000000, 0x0000000800000000)
  eden space 19456K, 0% used [0x00000007aab00000,0x00000007aab00000,0x00000007abe00000)
  from space 1024K, 76% used [0x00000007abe00000,0x00000007abec4c68,0x00000007abf00000)
  to   space 1024K, 0% used [0x00000007abf00000,0x00000007abf00000,0x00000007ac000000)
 ParOldGen       total 68608K, used 63387K [0x0000000700000000, 0x0000000704300000, 0x00000007aab00000)
  object space 68608K, 92% used [0x0000000700000000,0x0000000703de6f68,0x0000000704300000)
 Metaspace       used 59332K, committed 60672K, reserved 1114112K
  class space    used 6350K, committed 6976K, reserved 1048576K
}
Event: 21.182 GC heap before
{Heap before GC invocations=63 (full 3):
 PSYoungGen      total 20480K, used 20243K [0x00000007aab00000, 0x00000007ac000000, 0x0000000800000000)
  eden space 19456K, 100% used [0x00000007aab00000,0x00000007abe00000,0x00000007abe00000)
  from space 1024K, 76% used [0x00000007abe00000,0x00000007abec4c68,0x00000007abf00000)
  to   space 1024K, 0% used [0x00000007abf00000,0x00000007abf00000,0x00000007ac000000)
 ParOldGen       total 68608K, used 63387K [0x0000000700000000, 0x0000000704300000, 0x00000007aab00000)
  object space 68608K, 92% used [0x0000000700000000,0x0000000703de6f68,0x0000000704300000)
 Metaspace       used 59334K, committed 60672K, reserved 1114112K
  class space    used 6350K, committed 6976K, reserved 1048576K
}
Event: 21.184 GC heap after
{Heap after GC invocations=63 (full 3):
 PSYoungGen      total 19456K, used 1001K [0x00000007aab00000, 0x00000007ac200000, 0x0000000800000000)
  eden space 18432K, 0% used [0x00000007aab00000,0x00000007aab00000,0x00000007abd00000)
  from space 1024K, 97% used [0x00000007abf00000,0x00000007abffa748,0x00000007ac000000)
  to   space 2048K, 0% used [0x00000007abd00000,0x00000007abd00000,0x00000007abf00000)
 ParOldGen       total 68608K, used 64022K [0x0000000700000000, 0x0000000704300000, 0x00000007aab00000)
  object space 68608K, 93% used [0x0000000700000000,0x0000000703e85a38,0x0000000704300000)
 Metaspace       used 59334K, committed 60672K, reserved 1114112K
  class space    used 6350K, committed 6976K, reserved 1048576K
}
Event: 21.273 GC heap before
{Heap before GC invocations=64 (full 3):
 PSYoungGen      total 19456K, used 19433K [0x00000007aab00000, 0x00000007ac200000, 0x0000000800000000)
  eden space 18432K, 100% used [0x00000007aab00000,0x00000007abd00000,0x00000007abd00000)
  from space 1024K, 97% used [0x00000007abf00000,0x00000007abffa748,0x00000007ac000000)
  to   space 2048K, 0% used [0x00000007abd00000,0x00000007abd00000,0x00000007abf00000)
 ParOldGen       total 68608K, used 64022K [0x0000000700000000, 0x0000000704300000, 0x00000007aab00000)
  object space 68608K, 93% used [0x0000000700000000,0x0000000703e85a38,0x0000000704300000)
 Metaspace       used 59362K, committed 60736K, reserved 1114112K
  class space    used 6350K, committed 6976K, reserved 1048576K
}
Event: 21.277 GC heap after
{Heap after GC invocations=64 (full 3):
 PSYoungGen      total 20480K, used 1786K [0x00000007aab00000, 0x00000007ac100000, 0x0000000800000000)
  eden space 18432K, 0% used [0x00000007aab00000,0x00000007aab00000,0x00000007abd00000)
  from space 2048K, 87% used [0x00000007abd00000,0x00000007abebe978,0x00000007abf00000)
  to   space 2048K, 0% used [0x00000007abf00000,0x00000007abf00000,0x00000007ac100000)
 ParOldGen       total 68608K, used 64995K [0x0000000700000000, 0x0000000704300000, 0x00000007aab00000)
  object space 68608K, 94% used [0x0000000700000000,0x0000000703f78d88,0x0000000704300000)
 Metaspace       used 59362K, committed 60736K, reserved 1114112K
  class space    used 6350K, committed 6976K, reserved 1048576K
}
Event: 21.525 GC heap before
{Heap before GC invocations=65 (full 3):
 PSYoungGen      total 20480K, used 20218K [0x00000007aab00000, 0x00000007ac100000, 0x0000000800000000)
  eden space 18432K, 100% used [0x00000007aab00000,0x00000007abd00000,0x00000007abd00000)
  from space 2048K, 87% used [0x00000007abd00000,0x00000007abebe978,0x00000007abf00000)
  to   space 2048K, 0% used [0x00000007abf00000,0x00000007abf00000,0x00000007ac100000)
 ParOldGen       total 68608K, used 64995K [0x0000000700000000, 0x0000000704300000, 0x00000007aab00000)
  object space 68608K, 94% used [0x0000000700000000,0x0000000703f78d88,0x0000000704300000)
 Metaspace       used 60183K, committed 61568K, reserved 1114112K
  class space    used 6440K, committed 7104K, reserved 1048576K
}
Event: 21.530 GC heap after
{Heap after GC invocations=65 (full 3):
 PSYoungGen      total 19968K, used 1188K [0x00000007aab00000, 0x00000007ac080000, 0x0000000800000000)
  eden space 18432K, 0% used [0x00000007aab00000,0x00000007aab00000,0x00000007abd00000)
  from space 1536K, 77% used [0x00000007abf00000,0x00000007ac029220,0x00000007ac080000)
  to   space 1536K, 0% used [0x00000007abd80000,0x00000007abd80000,0x00000007abf00000)
 ParOldGen       total 68608K, used 66650K [0x0000000700000000, 0x0000000704300000, 0x00000007aab00000)
  object space 68608K, 97% used [0x0000000700000000,0x0000000704116ad0,0x0000000704300000)
 Metaspace       used 60183K, committed 61568K, reserved 1114112K
  class space    used 6440K, committed 7104K, reserved 1048576K
}
Event: 21.751 GC heap before
{Heap before GC invocations=66 (full 3):
 PSYoungGen      total 19968K, used 19620K [0x00000007aab00000, 0x00000007ac080000, 0x0000000800000000)
  eden space 18432K, 100% used [0x00000007aab00000,0x00000007abd00000,0x00000007abd00000)
  from space 1536K, 77% used [0x00000007abf00000,0x00000007ac029220,0x00000007ac080000)
  to   space 1536K, 0% used [0x00000007abd80000,0x00000007abd80000,0x00000007abf00000)
 ParOldGen       total 68608K, used 66650K [0x0000000700000000, 0x0000000704300000, 0x00000007aab00000)
  object space 68608K, 97% used [0x0000000700000000,0x0000000704116ad0,0x0000000704300000)
 Metaspace       used 61503K, committed 62976K, reserved 1114112K
  class space    used 6567K, committed 7232K, reserved 1048576K
}
Event: 21.756 GC heap after
{Heap after GC invocations=66 (full 3):
 PSYoungGen      total 19968K, used 1517K [0x00000007aab00000, 0x00000007ac900000, 0x0000000800000000)
  eden space 18432K, 0% used [0x00000007aab00000,0x00000007aab00000,0x00000007abd00000)
  from space 1536K, 98% used [0x00000007abd80000,0x00000007abefb430,0x00000007abf00000)
  to   space 6144K, 0% used [0x00000007ac300000,0x00000007ac300000,0x00000007ac900000)
 ParOldGen       total 70656K, used 70161K [0x0000000700000000, 0x0000000704500000, 0x00000007aab00000)
  object space 70656K, 99% used [0x0000000700000000,0x0000000704484740,0x0000000704500000)
 Metaspace       used 61503K, committed 62976K, reserved 1114112K
  class space    used 6567K, committed 7232K, reserved 1048576K
}

Dll operation events (20 events):
Event: 0.024 Attempting to load shared library c:\Users\admin\.vscode\extensions\redhat.java-1.56.0-win32-x64\jre\21.0.12.1-win32-x86_64\bin\java.dll
Event: 0.024 Loaded shared library c:\Users\admin\.vscode\extensions\redhat.java-1.56.0-win32-x64\jre\21.0.12.1-win32-x86_64\bin\java.dll
Event: 0.164 Attempting to load shared library c:\Users\admin\.vscode\extensions\redhat.java-1.56.0-win32-x64\jre\21.0.12.1-win32-x86_64\bin\zip.dll
Event: 0.164 Loaded shared library c:\Users\admin\.vscode\extensions\redhat.java-1.56.0-win32-x64\jre\21.0.12.1-win32-x86_64\bin\zip.dll
Event: 0.205 Attempting to load shared library C:\Users\admin\.vscode\extensions\redhat.java-1.56.0-win32-x64\jre\21.0.12.1-win32-x86_64\bin\instrument.dll
Event: 0.205 Loaded shared library C:\Users\admin\.vscode\extensions\redhat.java-1.56.0-win32-x64\jre\21.0.12.1-win32-x86_64\bin\instrument.dll
Event: 0.217 Attempting to load shared library C:\Users\admin\.vscode\extensions\redhat.java-1.56.0-win32-x64\jre\21.0.12.1-win32-x86_64\bin\net.dll
Event: 0.220 Loaded shared library C:\Users\admin\.vscode\extensions\redhat.java-1.56.0-win32-x64\jre\21.0.12.1-win32-x86_64\bin\net.dll
Event: 0.223 Attempting to load shared library C:\Users\admin\.vscode\extensions\redhat.java-1.56.0-win32-x64\jre\21.0.12.1-win32-x86_64\bin\nio.dll
Event: 0.224 Loaded shared library C:\Users\admin\.vscode\extensions\redhat.java-1.56.0-win32-x64\jre\21.0.12.1-win32-x86_64\bin\nio.dll
Event: 0.232 Attempting to load shared library C:\Users\admin\.vscode\extensions\redhat.java-1.56.0-win32-x64\jre\21.0.12.1-win32-x86_64\bin\zip.dll
Event: 0.233 Loaded shared library C:\Users\admin\.vscode\extensions\redhat.java-1.56.0-win32-x64\jre\21.0.12.1-win32-x86_64\bin\zip.dll
Event: 0.268 Attempting to load shared library C:\Users\admin\.vscode\extensions\redhat.java-1.56.0-win32-x64\jre\21.0.12.1-win32-x86_64\bin\jimage.dll
Event: 0.268 Loaded shared library C:\Users\admin\.vscode\extensions\redhat.java-1.56.0-win32-x64\jre\21.0.12.1-win32-x86_64\bin\jimage.dll
Event: 0.408 Attempting to load shared library c:\Users\admin\.vscode\extensions\redhat.java-1.56.0-win32-x64\jre\21.0.12.1-win32-x86_64\bin\verify.dll
Event: 0.408 Loaded shared library c:\Users\admin\.vscode\extensions\redhat.java-1.56.0-win32-x64\jre\21.0.12.1-win32-x86_64\bin\verify.dll
Event: 2.378 Attempting to load shared library C:\Users\admin\AppData\Roaming\Code\User\globalStorage\redhat.java\1.56.0\config_win\org.eclipse.equinox.launcher\org.eclipse.equinox.launcher.win32.win32.x86_64_1.3.100.v20260804-1928\eclipse_11924.dll
Event: 2.381 Loaded shared library C:\Users\admin\AppData\Roaming\Code\User\globalStorage\redhat.java\1.56.0\config_win\org.eclipse.equinox.launcher\org.eclipse.equinox.launcher.win32.win32.x86_64_1.3.100.v20260804-1928\eclipse_11924.dll
Event: 6.864 Attempting to load shared library C:\Users\admin\AppData\Local\Temp\jna-92668751\jna8609300869078680798.dll
Event: 6.975 Loaded shared library C:\Users\admin\AppData\Local\Temp\jna-92668751\jna8609300869078680798.dll

Deoptimization events (20 events):
Event: 21.721 Thread 0x000001dba2713b60 Uncommon trap: trap_request=0xffffffc6 fr.pc=0x000001db48ff82cc relative=0x000000000000096c
Event: 21.721 Thread 0x000001dba2713b60 Uncommon trap: reason=bimorphic_or_optimized_type_check action=maybe_recompile pc=0x000001db48ff82cc method=java.util.Spliterators$1Adapter.hasNext()Z @ 12 c2
Event: 21.721 Thread 0x000001dba2713b60 DEOPT PACKING pc=0x000001db48ff82cc sp=0x000000431d9fe6b0
Event: 21.721 Thread 0x000001dba2713b60 DEOPT UNPACKING pc=0x000001db48733aa2 sp=0x000000431d9fe678 mode 2
Event: 21.738 Thread 0x000001dba0600d30 Uncommon trap: trap_request=0xffffffde fr.pc=0x000001db4928d188 relative=0x00000000000025e8
Event: 21.738 Thread 0x000001dba0600d30 Uncommon trap: reason=class_check action=maybe_recompile pc=0x000001db4928d188 method=org.eclipse.jdt.internal.core.JavaModelCache.getInfo(Lorg/eclipse/jdt/core/IJavaElement;)Lorg/eclipse/jdt/internal/compiler/env/IElementInfo; @ 152 c2
Event: 21.738 Thread 0x000001dba0600d30 DEOPT PACKING pc=0x000001db4928d188 sp=0x000000431d7fe5b0
Event: 21.738 Thread 0x000001dba0600d30 DEOPT UNPACKING pc=0x000001db48733aa2 sp=0x000000431d7fe520 mode 2
Event: 21.738 Thread 0x000001dba0600d30 Uncommon trap: trap_request=0xffffffde fr.pc=0x000001db4928d188 relative=0x00000000000025e8
Event: 21.738 Thread 0x000001dba0600d30 Uncommon trap: reason=class_check action=maybe_recompile pc=0x000001db4928d188 method=org.eclipse.jdt.internal.core.JavaModelCache.getInfo(Lorg/eclipse/jdt/core/IJavaElement;)Lorg/eclipse/jdt/internal/compiler/env/IElementInfo; @ 152 c2
Event: 21.738 Thread 0x000001dba0600d30 DEOPT PACKING pc=0x000001db4928d188 sp=0x000000431d7fe370
Event: 21.738 Thread 0x000001dba0600d30 DEOPT UNPACKING pc=0x000001db48733aa2 sp=0x000000431d7fe2e0 mode 2
Event: 21.738 Thread 0x000001dba0600d30 Uncommon trap: trap_request=0xffffffde fr.pc=0x000001db4928d188 relative=0x00000000000025e8
Event: 21.738 Thread 0x000001dba0600d30 Uncommon trap: reason=class_check action=maybe_recompile pc=0x000001db4928d188 method=org.eclipse.jdt.internal.core.JavaModelCache.getInfo(Lorg/eclipse/jdt/core/IJavaElement;)Lorg/eclipse/jdt/internal/compiler/env/IElementInfo; @ 152 c2
Event: 21.738 Thread 0x000001dba0600d30 DEOPT PACKING pc=0x000001db4928d188 sp=0x000000431d7fe2b0
Event: 21.738 Thread 0x000001dba0600d30 DEOPT UNPACKING pc=0x000001db48733aa2 sp=0x000000431d7fe220 mode 2
Event: 21.738 Thread 0x000001dba0600d30 Uncommon trap: trap_request=0xffffffde fr.pc=0x000001db4928d188 relative=0x00000000000025e8
Event: 21.738 Thread 0x000001dba0600d30 Uncommon trap: reason=class_check action=maybe_recompile pc=0x000001db4928d188 method=org.eclipse.jdt.internal.core.JavaModelCache.getInfo(Lorg/eclipse/jdt/core/IJavaElement;)Lorg/eclipse/jdt/internal/compiler/env/IElementInfo; @ 152 c2
Event: 21.738 Thread 0x000001dba0600d30 DEOPT PACKING pc=0x000001db4928d188 sp=0x000000431d7fe440
Event: 21.738 Thread 0x000001dba0600d30 DEOPT UNPACKING pc=0x000001db48733aa2 sp=0x000000431d7fe3b0 mode 2

Classes loaded (20 events):
Event: 20.473 Loading class java/lang/invoke/MethodHandleImpl$CountingWrapper$1
Event: 20.473 Loading class java/lang/invoke/MethodHandleImpl$CountingWrapper$1 done
Event: 20.784 Loading class java/util/Collections$2
Event: 20.784 Loading class java/util/Collections$2 done
Event: 21.433 Loading class java/util/stream/ReduceOps$4
Event: 21.433 Loading class java/util/stream/ReduceOps$4 done
Event: 21.433 Loading class java/util/stream/ReduceOps$4ReducingSink
Event: 21.434 Loading class java/util/stream/ReduceOps$4ReducingSink done
Event: 21.521 Loading class java/util/HashMap$EntrySpliterator
Event: 21.521 Loading class java/util/HashMap$EntrySpliterator done
Event: 21.535 Loading class java/util/concurrent/CompletableFuture$UniApply
Event: 21.535 Loading class java/util/concurrent/CompletableFuture$UniCompletion
Event: 21.535 Loading class java/util/concurrent/CompletableFuture$UniCompletion done
Event: 21.535 Loading class java/util/concurrent/CompletableFuture$UniApply done
Event: 21.537 Loading class java/util/concurrent/CompletableFuture$UniAccept
Event: 21.537 Loading class java/util/concurrent/CompletableFuture$UniAccept done
Event: 21.537 Loading class java/util/concurrent/CompletableFuture$UniExceptionally
Event: 21.537 Loading class java/util/concurrent/CompletableFuture$UniExceptionally done
Event: 21.618 Loading class javax/xml/transform/TransformerConfigurationException
Event: 21.618 Loading class javax/xml/transform/TransformerConfigurationException done

Classes unloaded (10 events):
Event: 7.756 Thread 0x000001db59383000 Unloading class 0x000001db5b1a4800 'java/lang/invoke/LambdaForm$MH+0x000001db5b1a4800'
Event: 7.756 Thread 0x000001db59383000 Unloading class 0x000001db5b1a4400 'java/lang/invoke/LambdaForm$MH+0x000001db5b1a4400'
Event: 7.756 Thread 0x000001db59383000 Unloading class 0x000001db5b1a4000 'java/lang/invoke/LambdaForm$MH+0x000001db5b1a4000'
Event: 7.756 Thread 0x000001db59383000 Unloading class 0x000001db5b1a3c00 'java/lang/invoke/LambdaForm$MH+0x000001db5b1a3c00'
Event: 7.756 Thread 0x000001db59383000 Unloading class 0x000001db5b1a3800 'java/lang/invoke/LambdaForm$BMH+0x000001db5b1a3800'
Event: 7.756 Thread 0x000001db59383000 Unloading class 0x000001db5b1a3400 'java/lang/invoke/LambdaForm$DMH+0x000001db5b1a3400'
Event: 7.756 Thread 0x000001db59383000 Unloading class 0x000001db5b1a2000 'java/lang/invoke/LambdaForm$DMH+0x000001db5b1a2000'
Event: 19.826 Thread 0x000001db59383000 Unloading class 0x000001db5b6cd000 'java/lang/invoke/LambdaForm$DMH+0x000001db5b6cd000'
Event: 19.826 Thread 0x000001db59383000 Unloading class 0x000001db5b6ccc00 'java/lang/invoke/LambdaForm$DMH+0x000001db5b6ccc00'
Event: 19.826 Thread 0x000001db59383000 Unloading class 0x000001db5b6cc800 'java/lang/invoke/LambdaForm$DMH+0x000001db5b6cc800'

Classes redefined (0 events):
No events

Internal exceptions (20 events):
Event: 21.441 Thread 0x000001dba0600d30 Exception <a 'java/lang/NoSuchMethodError'{0x00000007ab6feed0}: 'int java.lang.invoke.DirectMethodHandle$Holder.invokeSpecialIFC(java.lang.Object, java.lang.Object, java.lang.Object)'> (0x00000007ab6feed0) 
thrown [s\src\hotspot\share\interpreter\linkResolver.cpp, line 773]
Event: 21.488 Thread 0x000001dba331a350 Implicit null exception at 0x000001db48d07a82 to 0x000001db48d08918
Event: 21.523 Thread 0x000001dba271a460 Exception <a 'sun/nio/fs/WindowsException'{0x00000007abcc2580}> (0x00000007abcc2580) 
thrown [s\src\hotspot\share\prims\jni.cpp, line 520]
Event: 21.523 Thread 0x000001dba271a460 Exception <a 'sun/nio/fs/WindowsException'{0x00000007abcc2c98}> (0x00000007abcc2c98) 
thrown [s\src\hotspot\share\prims\jni.cpp, line 520]
Event: 21.524 Thread 0x000001dba271a460 Exception <a 'sun/nio/fs/WindowsException'{0x00000007abcc6530}> (0x00000007abcc6530) 
thrown [s\src\hotspot\share\prims\jni.cpp, line 520]
Event: 21.524 Thread 0x000001dba271a460 Exception <a 'sun/nio/fs/WindowsException'{0x00000007abcc6c48}> (0x00000007abcc6c48) 
thrown [s\src\hotspot\share\prims\jni.cpp, line 520]
Event: 21.531 Thread 0x000001dba271a460 Exception <a 'java/lang/IncompatibleClassChangeError'{0x00000007aab6f150}: Found class java.lang.Object, but interface was expected> (0x00000007aab6f150) 
thrown [s\src\hotspot\share\interpreter\linkResolver.cpp, line 840]
Event: 21.570 Thread 0x000001dba271a460 Exception <a 'java/lang/IncompatibleClassChangeError'{0x00000007aad69f70}: Found class java.lang.Object, but interface was expected> (0x00000007aad69f70) 
thrown [s\src\hotspot\share\interpreter\linkResolver.cpp, line 840]
Event: 21.573 Thread 0x000001dba271a460 Exception <a 'java/lang/IncompatibleClassChangeError'{0x00000007aad91020}: Found class java.lang.Object, but interface was expected> (0x00000007aad91020) 
thrown [s\src\hotspot\share\interpreter\linkResolver.cpp, line 840]
Event: 21.590 Thread 0x000001dba271a460 Exception <a 'java/lang/IncompatibleClassChangeError'{0x00000007aaf87fb0}: Found class java.lang.Object, but interface was expected> (0x00000007aaf87fb0) 
thrown [s\src\hotspot\share\interpreter\linkResolver.cpp, line 840]
Event: 21.619 Thread 0x000001dba271a460 Exception <a 'java/lang/IncompatibleClassChangeError'{0x00000007ab05ec68}: Found class java.lang.Object, but interface was expected> (0x00000007ab05ec68) 
thrown [s\src\hotspot\share\interpreter\linkResolver.cpp, line 840]
Event: 21.698 Thread 0x000001dba271a460 Exception <a 'java/lang/IncompatibleClassChangeError'{0x00000007ab83e840}: Found class java.lang.Object, but interface was expected> (0x00000007ab83e840) 
thrown [s\src\hotspot\share\interpreter\linkResolver.cpp, line 840]
Event: 21.724 Thread 0x000001dba2713b60 Exception <a 'sun/nio/fs/WindowsException'{0x00000007ab979960}> (0x00000007ab979960) 
thrown [s\src\hotspot\share\prims\jni.cpp, line 520]
Event: 21.724 Thread 0x000001dba2713b60 Exception <a 'sun/nio/fs/WindowsException'{0x00000007ab97a078}> (0x00000007ab97a078) 
thrown [s\src\hotspot\share\prims\jni.cpp, line 520]
Event: 21.725 Thread 0x000001dba2713b60 Exception <a 'sun/nio/fs/WindowsException'{0x00000007ab97adb8}> (0x00000007ab97adb8) 
thrown [s\src\hotspot\share\prims\jni.cpp, line 520]
Event: 21.725 Thread 0x000001dba2713b60 Exception <a 'sun/nio/fs/WindowsException'{0x00000007ab97b4d0}> (0x00000007ab97b4d0) 
thrown [s\src\hotspot\share\prims\jni.cpp, line 520]
Event: 21.726 Thread 0x000001dba2713b60 Exception <a 'sun/nio/fs/WindowsException'{0x00000007ab97ccc0}> (0x00000007ab97ccc0) 
thrown [s\src\hotspot\share\prims\jni.cpp, line 520]
Event: 21.726 Thread 0x000001dba2713b60 Exception <a 'sun/nio/fs/WindowsException'{0x00000007ab97d3d8}> (0x00000007ab97d3d8) 
thrown [s\src\hotspot\share\prims\jni.cpp, line 520]
Event: 21.736 Thread 0x000001dba2713b60 Exception <a 'sun/nio/fs/WindowsException'{0x00000007abaf02e8}> (0x00000007abaf02e8) 
thrown [s\src\hotspot\share\prims\jni.cpp, line 520]
Event: 21.737 Thread 0x000001dba2713b60 Exception <a 'sun/nio/fs/WindowsException'{0x00000007abaf0cb0}> (0x00000007abaf0cb0) 
thrown [s\src\hotspot\share\prims\jni.cpp, line 520]

ZGC Phase Switch (0 events):
No events

VM Operations (20 events):
Event: 20.919 Executing safepoint VM operation: ParallelGCFailedAllocation (Allocation Failure) done
Event: 20.978 Executing safepoint VM operation: ParallelGCFailedAllocation (Allocation Failure)
Event: 20.981 Executing safepoint VM operation: ParallelGCFailedAllocation (Allocation Failure) done
Event: 21.039 Executing safepoint VM operation: ParallelGCFailedAllocation (Allocation Failure)
Event: 21.042 Executing safepoint VM operation: ParallelGCFailedAllocation (Allocation Failure) done
Event: 21.108 Executing safepoint VM operation: ParallelGCFailedAllocation (Allocation Failure)
Event: 21.111 Executing safepoint VM operation: ParallelGCFailedAllocation (Allocation Failure) done
Event: 21.182 Executing safepoint VM operation: ParallelGCFailedAllocation (Allocation Failure)
Event: 21.184 Executing safepoint VM operation: ParallelGCFailedAllocation (Allocation Failure) done
Event: 21.273 Executing safepoint VM operation: ParallelGCFailedAllocation (Allocation Failure)
Event: 21.277 Executing safepoint VM operation: ParallelGCFailedAllocation (Allocation Failure) done
Event: 21.452 Executing non-safepoint VM operation: HandshakeAllThreads (Deoptimize)
Event: 21.453 Executing non-safepoint VM operation: HandshakeAllThreads (Deoptimize) done
Event: 21.525 Executing safepoint VM operation: ParallelGCFailedAllocation (Allocation Failure)
Event: 21.530 Executing safepoint VM operation: ParallelGCFailedAllocation (Allocation Failure) done
Event: 21.673 Executing non-safepoint VM operation: HandshakeAllThreads (Deoptimize)
Event: 21.673 Executing non-safepoint VM operation: HandshakeAllThreads (Deoptimize) done
Event: 21.750 Executing safepoint VM operation: ParallelGCFailedAllocation (Allocation Failure)
Event: 21.756 Executing safepoint VM operation: ParallelGCFailedAllocation (Allocation Failure) done
Event: 22.756 Executing safepoint VM operation: Cleanup

Memory protections (0 events):
No events

Nmethod flushes (20 events):
Event: 19.847 Thread 0x000001db59383000 flushing  nmethod 0x000001db41a47710
Event: 19.847 Thread 0x000001db59383000 flushing  nmethod 0x000001db41a47a90
Event: 19.847 Thread 0x000001db59383000 flushing  nmethod 0x000001db41a81490
Event: 19.847 Thread 0x000001db59383000 flushing  nmethod 0x000001db41a81b90
Event: 19.847 Thread 0x000001db59383000 flushing  nmethod 0x000001db41a83590
Event: 19.847 Thread 0x000001db59383000 flushing  nmethod 0x000001db41a83a10
Event: 19.847 Thread 0x000001db59383000 flushing  nmethod 0x000001db41a84b90
Event: 19.847 Thread 0x000001db59383000 flushing  nmethod 0x000001db41a95e10
Event: 19.847 Thread 0x000001db59383000 flushing  nmethod 0x000001db41a98e10
Event: 19.847 Thread 0x000001db59383000 flushing  nmethod 0x000001db41a9da10
Event: 19.847 Thread 0x000001db59383000 flushing  nmethod 0x000001db41acbe90
Event: 19.847 Thread 0x000001db59383000 flushing  nmethod 0x000001db41acfd10
Event: 19.847 Thread 0x000001db59383000 flushing  nmethod 0x000001db41ad0090
Event: 19.847 Thread 0x000001db59383000 flushing  nmethod 0x000001db41ad3010
Event: 19.847 Thread 0x000001db59383000 flushing  nmethod 0x000001db41ad3490
Event: 19.847 Thread 0x000001db59383000 flushing  nmethod 0x000001db41ad3890
Event: 19.847 Thread 0x000001db59383000 flushing  nmethod 0x000001db41ada790
Event: 19.847 Thread 0x000001db59383000 flushing  nmethod 0x000001db41adbe10
Event: 19.847 Thread 0x000001db59383000 flushing  nmethod 0x000001db41adf010
Event: 19.847 Thread 0x000001db59383000 flushing  nmethod 0x000001db41af2290

Events (20 events):
Event: 16.578 Thread 0x000001dba0720360 Thread exited: 0x000001dba0720360
Event: 17.060 Thread 0x000001db593b0370 Thread added: 0x000001dba389a770
Event: 17.098 Thread 0x000001db593b0370 Thread added: 0x000001dba4defe00
Event: 19.707 Thread 0x000001dba271a460 Thread added: 0x000001dba331bd90
Event: 19.708 Thread 0x000001dba271a460 Thread added: 0x000001dba3318910
Event: 19.708 Thread 0x000001dba271a460 Thread added: 0x000001dba3319cc0
Event: 19.709 Thread 0x000001dba271a460 Thread added: 0x000001dba3318fa0
Event: 19.709 Thread 0x000001dba271a460 Thread added: 0x000001dba331c420
Event: 20.362 Thread 0x000001dba3319cc0 Thread exited: 0x000001dba3319cc0
Event: 20.362 Thread 0x000001dba331c420 Thread exited: 0x000001dba331c420
Event: 20.363 Thread 0x000001dba3318910 Thread exited: 0x000001dba3318910
Event: 20.363 Thread 0x000001dba331bd90 Thread exited: 0x000001dba331bd90
Event: 20.363 Thread 0x000001dba3318fa0 Thread exited: 0x000001dba3318fa0
Event: 21.537 Thread 0x000001dba271a460 Thread added: 0x000001dba331bd90
Event: 21.571 Thread 0x000001dba271a460 Thread added: 0x000001dba3318910
Event: 21.572 Thread 0x000001dba271a460 Thread added: 0x000001dba3319cc0
Event: 21.576 Thread 0x000001dba271a460 Thread added: 0x000001dba331c420
Event: 21.577 Thread 0x000001dba271a460 Thread added: 0x000001dba3318fa0
Event: 21.578 Thread 0x000001dba3318fa0 Thread added: 0x000001dba331cab0
Event: 21.578 Thread 0x000001dba271a460 Thread added: 0x000001dba331eb80


Dynamic libraries:
0x00007ff721c70000 - 0x00007ff721c7e000 	c:\Users\admin\.vscode\extensions\redhat.java-1.56.0-win32-x64\jre\21.0.12.1-win32-x86_64\bin\java.exe
0x00007ffd0baa0000 - 0x00007ffd0bd07000 	C:\WINDOWS\SYSTEM32\ntdll.dll
0x00007ffd0ae80000 - 0x00007ffd0af49000 	C:\WINDOWS\System32\KERNEL32.DLL
0x00007ffd08370000 - 0x00007ffd08764000 	C:\WINDOWS\System32\KERNELBASE.dll
0x00007ffd05250000 - 0x00007ffd052ef000 	C:\WINDOWS\SYSTEM32\apphelp.dll
0x00007ffd09580000 - 0x00007ffd096cb000 	C:\WINDOWS\System32\ucrtbase.dll
0x00007ffceda80000 - 0x00007ffceda98000 	c:\Users\admin\.vscode\extensions\redhat.java-1.56.0-win32-x64\jre\21.0.12.1-win32-x86_64\bin\jli.dll
0x00007ffced870000 - 0x00007ffced88e000 	c:\Users\admin\.vscode\extensions\redhat.java-1.56.0-win32-x64\jre\21.0.12.1-win32-x86_64\bin\VCRUNTIME140.dll
0x00007ffd0af50000 - 0x00007ffd0b115000 	C:\WINDOWS\System32\USER32.dll
0x00007ffceab60000 - 0x00007ffceadf3000 	C:\WINDOWS\WinSxS\amd64_microsoft.windows.common-controls_6595b64144ccf1df_6.0.26100.8115_none_3e075c82e3354f9c\COMCTL32.dll
0x00007ffd09800000 - 0x00007ffd09827000 	C:\WINDOWS\System32\win32u.dll
0x00007ffd0a270000 - 0x00007ffd0a319000 	C:\WINDOWS\System32\msvcrt.dll
0x00007ffd0b6a0000 - 0x00007ffd0b6cb000 	C:\WINDOWS\System32\GDI32.dll
0x00007ffd096d0000 - 0x00007ffd097fa000 	C:\WINDOWS\System32\gdi32full.dll
0x00007ffd08770000 - 0x00007ffd08813000 	C:\WINDOWS\System32\msvcp_win.dll
0x00007ffd0b3d0000 - 0x00007ffd0b402000 	C:\WINDOWS\System32\IMM32.DLL
0x00007ffcf99e0000 - 0x00007ffcf99ec000 	c:\Users\admin\.vscode\extensions\redhat.java-1.56.0-win32-x64\jre\21.0.12.1-win32-x86_64\bin\vcruntime140_1.dll
0x00007ffcd4450000 - 0x00007ffcd44dd000 	c:\Users\admin\.vscode\extensions\redhat.java-1.56.0-win32-x64\jre\21.0.12.1-win32-x86_64\bin\msvcp140.dll
0x00007ffc504b0000 - 0x00007ffc51252000 	c:\Users\admin\.vscode\extensions\redhat.java-1.56.0-win32-x64\jre\21.0.12.1-win32-x86_64\bin\server\jvm.dll
0x00007ffd0b270000 - 0x00007ffd0b326000 	C:\WINDOWS\System32\ADVAPI32.dll
0x00007ffd0b1c0000 - 0x00007ffd0b267000 	C:\WINDOWS\System32\sechost.dll
0x00007ffd0a320000 - 0x00007ffd0a438000 	C:\WINDOWS\System32\RPCRT4.dll
0x00007ffd0adf0000 - 0x00007ffd0ae70000 	C:\WINDOWS\System32\WS2_32.dll
0x00007ffd081d0000 - 0x00007ffd0822e000 	C:\WINDOWS\SYSTEM32\POWRPROF.dll
0x00007ffceea70000 - 0x00007ffceeaa6000 	C:\WINDOWS\SYSTEM32\WINMM.dll
0x00007ffd05ff0000 - 0x00007ffd05ffb000 	C:\WINDOWS\SYSTEM32\VERSION.dll
0x00007ffd081b0000 - 0x00007ffd081c4000 	C:\WINDOWS\SYSTEM32\UMPDC.dll
0x00007ffd070c0000 - 0x00007ffd070db000 	C:\WINDOWS\SYSTEM32\kernel.appcore.dll
0x00007ffcf2040000 - 0x00007ffcf204a000 	c:\Users\admin\.vscode\extensions\redhat.java-1.56.0-win32-x64\jre\21.0.12.1-win32-x86_64\bin\jimage.dll
0x00007ffd05d50000 - 0x00007ffd05f92000 	C:\WINDOWS\SYSTEM32\DBGHELP.DLL
0x00007ffd0b6d0000 - 0x00007ffd0ba52000 	C:\WINDOWS\System32\combase.dll
0x00007ffd0b410000 - 0x00007ffd0b4e7000 	C:\WINDOWS\System32\OLEAUT32.dll
0x00007ffcf0280000 - 0x00007ffcf02bb000 	C:\WINDOWS\SYSTEM32\dbgcore.DLL
0x00007ffd08c60000 - 0x00007ffd08d05000 	C:\WINDOWS\System32\bcryptPrimitives.dll
0x00007ffd051d0000 - 0x00007ffd051df000 	c:\Users\admin\.vscode\extensions\redhat.java-1.56.0-win32-x64\jre\21.0.12.1-win32-x86_64\bin\instrument.dll
0x00007ffce9b80000 - 0x00007ffce9ba0000 	c:\Users\admin\.vscode\extensions\redhat.java-1.56.0-win32-x64\jre\21.0.12.1-win32-x86_64\bin\java.dll
0x00007ffd0a520000 - 0x00007ffd0ac86000 	C:\WINDOWS\System32\SHELL32.dll
0x00007ffd08af0000 - 0x00007ffd08c5a000 	C:\WINDOWS\System32\wintypes.dll
0x00007ffd08d10000 - 0x00007ffd09575000 	C:\WINDOWS\System32\windows.storage.dll
0x00007ffd09930000 - 0x00007ffd09a27000 	C:\WINDOWS\System32\SHCORE.dll
0x00007ffd0a130000 - 0x00007ffd0a196000 	C:\WINDOWS\System32\shlwapi.dll
0x00007ffd08290000 - 0x00007ffd082b9000 	C:\WINDOWS\SYSTEM32\profapi.dll
0x00007ffce3760000 - 0x00007ffce3778000 	c:\Users\admin\.vscode\extensions\redhat.java-1.56.0-win32-x64\jre\21.0.12.1-win32-x86_64\bin\zip.dll
0x00007ffd02b10000 - 0x00007ffd02b20000 	C:\Users\admin\.vscode\extensions\redhat.java-1.56.0-win32-x64\jre\21.0.12.1-win32-x86_64\bin\net.dll
0x00007ffd01d50000 - 0x00007ffd01e7d000 	C:\WINDOWS\SYSTEM32\WINHTTP.dll
0x00007ffd07610000 - 0x00007ffd0767c000 	C:\WINDOWS\system32\mswsock.dll
0x00007ffd02af0000 - 0x00007ffd02b06000 	C:\Users\admin\.vscode\extensions\redhat.java-1.56.0-win32-x64\jre\21.0.12.1-win32-x86_64\bin\nio.dll
0x00007ffd02ae0000 - 0x00007ffd02af0000 	c:\Users\admin\.vscode\extensions\redhat.java-1.56.0-win32-x64\jre\21.0.12.1-win32-x86_64\bin\verify.dll
0x00007ffcef1a0000 - 0x00007ffcef1e5000 	C:\Users\admin\AppData\Roaming\Code\User\globalStorage\redhat.java\1.56.0\config_win\org.eclipse.equinox.launcher\org.eclipse.equinox.launcher.win32.win32.x86_64_1.3.100.v20260804-1928\eclipse_11924.dll
0x00007ffd0b500000 - 0x00007ffd0b697000 	C:\WINDOWS\System32\ole32.dll
0x00007ffd07a10000 - 0x00007ffd07a2b000 	C:\WINDOWS\SYSTEM32\CRYPTSP.dll
0x00007ffd07020000 - 0x00007ffd07059000 	C:\WINDOWS\system32\rsaenh.dll
0x00007ffd076c0000 - 0x00007ffd076f3000 	C:\WINDOWS\SYSTEM32\USERENV.dll
0x00007ffd08260000 - 0x00007ffd0828a000 	C:\WINDOWS\SYSTEM32\bcrypt.dll
0x00007ffd07870000 - 0x00007ffd0787c000 	C:\WINDOWS\SYSTEM32\CRYPTBASE.dll
0x00007ffd06bf0000 - 0x00007ffd06c22000 	C:\WINDOWS\SYSTEM32\IPHLPAPI.DLL
0x00007ffd0b4f0000 - 0x00007ffd0b4fa000 	C:\WINDOWS\System32\NSI.dll
0x00007ffce0160000 - 0x00007ffce01a9000 	C:\Users\admin\AppData\Local\Temp\jna-92668751\jna8609300869078680798.dll
0x00007ffd0a260000 - 0x00007ffd0a268000 	C:\WINDOWS\System32\PSAPI.DLL
0x00007ffd01eb0000 - 0x00007ffd01ecd000 	C:\WINDOWS\SYSTEM32\dhcpcsvc6.DLL
0x00007ffd01e80000 - 0x00007ffd01ea5000 	C:\WINDOWS\SYSTEM32\dhcpcsvc.DLL

JVMTI agents:
c:\Users\admin\.vscode\extensions\redhat.java-1.56.0-win32-x64\lombok\lombok-1.18.39-4050.jar path:c:\Users\admin\.vscode\extensions\redhat.java-1.56.0-win32-x64\jre\21.0.12.1-win32-x86_64\bin\instrument.dll, loaded, initialized, instrumentlib options:none

dbghelp: loaded successfully - version: 4.0.5 - missing functions: none
symbol engine: initialized successfully - sym options: 0x614 - pdb path: .;c:\Users\admin\.vscode\extensions\redhat.java-1.56.0-win32-x64\jre\21.0.12.1-win32-x86_64\bin;C:\WINDOWS\SYSTEM32;C:\WINDOWS\WinSxS\amd64_microsoft.windows.common-controls_6595b64144ccf1df_6.0.26100.8115_none_3e075c82e3354f9c;c:\Users\admin\.vscode\extensions\redhat.java-1.56.0-win32-x64\jre\21.0.12.1-win32-x86_64\bin\server;C:\Users\admin\AppData\Roaming\Code\User\globalStorage\redhat.java\1.56.0\config_win\org.eclipse.equinox.launcher\org.eclipse.equinox.launcher.win32.win32.x86_64_1.3.100.v20260804-1928;C:\Users\admin\AppData\Local\Temp\jna-92668751

VM Arguments:
jvm_args: --add-modules=ALL-SYSTEM --add-opens=java.base/java.util=ALL-UNNAMED --add-opens=java.base/java.lang=ALL-UNNAMED --add-opens=java.base/sun.nio.fs=ALL-UNNAMED -Declipse.application=org.eclipse.jdt.ls.core.id1 -Dosgi.bundles.defaultStartLevel=4 -Declipse.product=org.eclipse.jdt.ls.core.product -Djava.import.generatesMetadataFilesAtProjectRoot=false -Dm2e.project.cache.size=50 -DDetectVMInstallationsJob.disabled=true -Dfile.encoding=utf8 -XX:+UseParallelGC -XX:GCTimeRatio=4 -XX:AdaptiveSizePolicyWeight=90 -Dsun.zip.disableMemoryMapping=true -Xmx4G -Xms100m -Xlog:disable -javaagent:c:\Users\admin\.vscode\extensions\redhat.java-1.56.0-win32-x64\lombok\lombok-1.18.39-4050.jar -XX:+HeapDumpOnOutOfMemoryError -XX:HeapDumpPath=c:\Users\admin\AppData\Roaming\Code\User\workspaceStorage\8d4d080e920730285268a385d66d5bf5\redhat.java -Daether.dependencyCollector.impl=bf 
java_command: c:\Users\admin\.vscode\extensions\redhat.java-1.56.0-win32-x64\server\plugins\org.eclipse.equinox.launcher_1.8.0.v20260804-1928.jar -configuration c:\Users\admin\AppData\Roaming\Code\User\globalStorage\redhat.java\1.56.0\config_win -data c:\Users\admin\AppData\Roaming\Code\User\workspaceStorage\8d4d080e920730285268a385d66d5bf5\redhat.java\jdt_ws --pipe=\\.\pipe\lsp-7ca1cbd1bc2478ee2a64b4a58d72b100-sock
java_class_path (initial): c:\Users\admin\.vscode\extensions\redhat.java-1.56.0-win32-x64\server\plugins\org.eclipse.equinox.launcher_1.8.0.v20260804-1928.jar
Launcher Type: SUN_STANDARD

[Global flags]
    uintx AdaptiveSizePolicyWeight                 = 90                                        {product} {command line}
     intx CICompilerCount                          = 4                                         {product} {ergonomic}
    uintx GCTimeRatio                              = 4                                         {product} {command line}
     bool HeapDumpOnOutOfMemoryError               = true                                   {manageable} {command line}
    ccstr HeapDumpPath                             = c:\Users\admin\AppData\Roaming\Code\User\workspaceStorage\8d4d080e920730285268a385d66d5bf5\redhat.java         {manageable} {command line}
   size_t InitialHeapSize                          = 104857600                                 {product} {command line}
   size_t MaxHeapSize                              = 4294967296                                {product} {command line}
   size_t MaxNewSize                               = 1431306240                                {product} {ergonomic}
   size_t MinHeapDeltaBytes                        = 524288                                    {product} {ergonomic}
   size_t MinHeapSize                              = 104857600                                 {product} {command line}
   size_t NewSize                                  = 34603008                                  {product} {ergonomic}
    uintx NonNMethodCodeHeapSize                   = 5839372                                {pd product} {ergonomic}
    uintx NonProfiledCodeHeapSize                  = 122909434                              {pd product} {ergonomic}
   size_t OldSize                                  = 70254592                                  {product} {ergonomic}
    uintx ProfiledCodeHeapSize                     = 122909434                              {pd product} {ergonomic}
    uintx ReservedCodeCacheSize                    = 251658240                              {pd product} {ergonomic}
     bool SegmentedCodeCache                       = true                                      {product} {ergonomic}
   size_t SoftMaxHeapSize                          = 4294967296                             {manageable} {ergonomic}
     bool UseCompressedOops                        = true                           {product lp64_product} {ergonomic}
     bool UseLargePagesIndividualAllocation        = false                                  {pd product} {ergonomic}
     bool UseParallelGC                            = true                                      {product} {command line}

Logging:
Log output configuration:
 #0: stdout all=off uptime,level,tags foldmultilines=false
 #1: stderr all=off uptime,level,tags foldmultilines=false

Release file:
JAVA_VERSION="21.0.12.1" 
MODULES="java.base java.compiler java.datatransfer java.xml java.prefs java.desktop java.instrument java.logging java.management java.security.sasl java.naming java.rmi java.management.rmi java.net.http java.scripting java.security.jgss java.transaction.xa java.sql java.sql.rowset java.xml.crypto java.se java.smartcardio jdk.accessibility jdk.internal.jvmstat jdk.attach jdk.charsets jdk.internal.opt jdk.zipfs jdk.compiler jdk.crypto.ec jdk.crypto.cryptoki jdk.crypto.mscapi jdk.dynalink jdk.internal.ed jdk.editpad jdk.hotspot.agent jdk.httpserver jdk.internal.le jdk.internal.vm.ci jdk.internal.vm.compiler jdk.internal.vm.compiler.management jdk.jartool jdk.javadoc jdk.jcmd jdk.management jdk.management.agent jdk.jconsole jdk.jdeps jdk.jdwp.agent jdk.jdi jdk.jfr jdk.jshell jdk.jsobject jdk.jstatd jdk.localedata jdk.management.jfr jdk.naming.dns jdk.naming.rmi jdk.net jdk.nio.mapmode jdk.random jdk.sctp jdk.security.auth jdk.security.jgss jdk.unsupported jdk.unsupported.desktop jdk.xml.dom" 

Environment Variables:
PATH=C:\app\admin\product\21c\dbhomeXE\bin;C:\Program Files\Eclipse Adoptium\jdk-17.0.16.8-hotspot\bin;C:\WINDOWS\system32;C:\WINDOWS;C:\WINDOWS\System32\Wbem;C:\WINDOWS\System32\WindowsPowerShell\v1.0\;C:\WINDOWS\System32\OpenSSH\;C:\Program Files\Git\cmd;C:\Program Files\nodejs\;C:\Program Files\Docker\Docker\resources\bin;C:\Program Files\PostgreSQL\18\bin;C:\Users\admin\AppData\Local\Programs\Python\Python313\Scripts\;C:\Users\admin\AppData\Local\Programs\Python\Python313\;C:\Users\admin\AppData\Local\Programs\Python\Python314\;C:\Users\admin\AppData\Local\Programs\Python\Python314\Scripts\;C:\Program Files\MySQL\MySQL Shell 8.0\bin\;C:\Users\admin\AppData\Local\Programs\Python\Launcher\;C:\Users\admin\AppData\Local\Microsoft\WindowsApps;C:\Users\admin\AppData\Local\Programs\Microsoft VS Code\bin;C:\msys64\ucrt64\bin;C:\Program Files\JetBrains\IntelliJ IDEA 2025.2.1\bin;C:\Users\admin\AppData\Local\Programs\Antigravity\bin;C:\Users\admin\AppData\Roaming\npm;C:\Program Files (x86)\GnuWin32\bin;C:\Program Files (x86)\GnuWin32\bin;C:\msys64\usr\bin;C:\msys64\mingw64\bin;C:\flutterFeature\flutter\bin;C:\Users\admin\AppData\Local\Android\Sdk\platform-tools;C:\Users\admin\AppData\Local\Android\Sdk\build-tools\37.0.0;
USERNAME=admin
OS=Windows_NT
PROCESSOR_IDENTIFIER=Intel64 Family 6 Model 142 Stepping 12, GenuineIntel
TMP=C:\Users\admin\AppData\Local\Temp
TEMP=C:\Users\admin\AppData\Local\Temp




Periodic native trim disabled

---------------  S Y S T E M  ---------------

OS:
 Windows 11 , 64 bit Build 26100 (10.0.26100.8115)
OS uptime: 1 days 0:57 hours
Hyper-V role detected

CPU: total 8 (initial active 8) (4 cores per cpu, 2 threads per core) family 6 model 142 stepping 12 microcode 0x100, cx8, cmov, fxsr, ht, mmx, 3dnowpref, sse, sse2, sse3, ssse3, sse4.1, sse4.2, popcnt, lzcnt, tsc, tscinvbit, avx, avx2, aes, erms, clmul, bmi1, bmi2, adx, fma, vzeroupper, clflush, clflushopt, hv, rdtscp, f16c
Processor Information for processor 0
  Max Mhz: 2304, Current Mhz: 1803, Mhz Limit: 1797
Processor Information for processor 1
  Max Mhz: 2304, Current Mhz: 1803, Mhz Limit: 1797
Processor Information for processor 2
  Max Mhz: 2304, Current Mhz: 1803, Mhz Limit: 1797
Processor Information for processor 3
  Max Mhz: 2304, Current Mhz: 1803, Mhz Limit: 1797
Processor Information for processor 4
  Max Mhz: 2304, Current Mhz: 1803, Mhz Limit: 1797
Processor Information for processor 5
  Max Mhz: 2304, Current Mhz: 1502, Mhz Limit: 1797
Processor Information for processor 6
  Max Mhz: 2304, Current Mhz: 1803, Mhz Limit: 1797
Processor Information for processor 7
  Max Mhz: 2304, Current Mhz: 1803, Mhz Limit: 1797

Memory: 4k page, system-wide physical 16157M (6565M free)
TotalPageFile size 65309M (AvailPageFile size 1M)
current process WorkingSet (physical memory assigned to process): 317M, peak: 317M
current process commit charge ("private bytes"): 462M, peak: 462M

vm_info: OpenJDK 64-Bit Server VM (21.0.12.1+1-LTS) for windows-amd64 JRE (21.0.12.1+1-LTS), built on 2026-08-18T00:00:00Z by "admin" with MS VC++ 17.12 (VS2022)

END.
