#
# There is insufficient memory for the Java Runtime Environment to continue.
# Native memory allocation (malloc) failed to allocate 1048576 bytes. Error detail: AllocateHeap
# Possible reasons:
#   The system is out of physical RAM or swap space
#   This process is running with CompressedOops enabled, and the Java Heap may be blocking the growth of the native heap
# Possible solutions:
#   Reduce memory load on the system
#   Increase physical memory or swap space
#   Check if swap backing store is full
#   Decrease Java heap size (-Xmx/-Xms)
#   Decrease number of Java threads
#   Decrease Java thread stack sizes (-Xss)
#   Set larger code cache with -XX:ReservedCodeCacheSize=
#   JVM is running with Zero Based Compressed Oops mode in which the Java heap is
#     placed in the first 32GB address space. The Java Heap base address is the
#     maximum limit for the native heap growth. Please use -XX:HeapBaseMinAddress
#     to set the Java Heap base and to place the Java Heap above 32GB virtual address.
# This output file may be truncated or incomplete.
#
#  Out of Memory Error (allocation.cpp:44), pid=31524, tid=10788
#
# JRE version: OpenJDK Runtime Environment Temurin-21.0.12.1+1 (21.0.12.1+1) (build 21.0.12.1+1-LTS)
# Java VM: OpenJDK 64-Bit Server VM Temurin-21.0.12.1+1 (21.0.12.1+1-LTS, mixed mode, sharing, tiered, compressed oops, compressed class ptrs, parallel gc, windows-amd64)
# No core dump will be written. Minidumps are not enabled by default on client versions of Windows
#

---------------  S U M M A R Y ------------

Command Line: --add-modules=ALL-SYSTEM --add-opens=java.base/java.util=ALL-UNNAMED --add-opens=java.base/java.lang=ALL-UNNAMED --add-opens=java.base/sun.nio.fs=ALL-UNNAMED -Declipse.application=org.eclipse.jdt.ls.core.id1 -Dosgi.bundles.defaultStartLevel=4 -Declipse.product=org.eclipse.jdt.ls.core.product -Djava.import.generatesMetadataFilesAtProjectRoot=false -Dm2e.project.cache.size=50 -DDetectVMInstallationsJob.disabled=true -Dfile.encoding=utf8 -XX:+UseParallelGC -XX:GCTimeRatio=4 -XX:AdaptiveSizePolicyWeight=90 -Dsun.zip.disableMemoryMapping=true -Xmx4G -Xms100m -Xlog:disable -javaagent:c:\Users\admin\.vscode\extensions\redhat.java-1.56.0-win32-x64\lombok\lombok-1.18.39-4050.jar -XX:+HeapDumpOnOutOfMemoryError -XX:HeapDumpPath=c:\Users\admin\AppData\Roaming\Code\User\workspaceStorage\8d4d080e920730285268a385d66d5bf5\redhat.java -Daether.dependencyCollector.impl=bf c:\Users\admin\.vscode\extensions\redhat.java-1.56.0-win32-x64\server\plugins\org.eclipse.equinox.launcher_1.8.0.v20260804-1928.jar -configuration c:\Users\admin\AppData\Roaming\Code\User\globalStorage\redhat.java\1.56.0\config_win -data c:\Users\admin\AppData\Roaming\Code\User\workspaceStorage\8d4d080e920730285268a385d66d5bf5\redhat.java\jdt_ws --pipe=\\.\pipe\lsp-41d66477675df659711098b3399d6797-sock

Host: Intel(R) Core(TM) i7-10510U CPU @ 1.80GHz, 8 cores, 15G,  Windows 11 , 64 bit Build 26100 (10.0.26100.8115)
Time: Fri Sep 25 10:12:36 2026 elapsed time: 213.877573 seconds (0d 0h 3m 33s)

---------------  T H R E A D  ---------------

Current thread (0x000001c850a47530):  JavaThread "Attach Listener" daemon [_thread_in_vm, id=10788, stack(0x000000ae7ac00000,0x000000ae7ad00000) (1024K)]

Stack: [0x000000ae7ac00000,0x000000ae7ad00000]
Native frames: (J=compiled Java code, j=interpreted, Vv=VM code, C=native code)
V  [jvm.dll+0x6d83e9]
V  [jvm.dll+0x8b5736]
V  [jvm.dll+0x8b7cee]
V  [jvm.dll+0x8b83d3]
V  [jvm.dll+0x284596]
V  [jvm.dll+0xc13c7]
V  [jvm.dll+0x6d8c99]
V  [jvm.dll+0x133616]
V  [jvm.dll+0x3f8aae]
V  [jvm.dll+0x8600cd]
V  [jvm.dll+0x6d6c1d]
C  [ucrtbase.dll+0x37b0]
C  [KERNEL32.DLL+0x2e8d7]
C  [ntdll.dll+0x8c3fc]


---------------  P R O C E S S  ---------------

Threads class SMR info:
_java_thread_list=0x000001c89c54eb00, length=50, elements={
0x000001c8333e5050, 0x000001c850a3a8f0, 0x000001c83571d030, 0x000001c850a445a0,
0x000001c850a47530, 0x000001c850a4a2b0, 0x000001c850a4f290, 0x000001c850a5fcb0,
0x000001c850a65150, 0x000001c850a4dee0, 0x000001c850a4f920, 0x000001c850a4cb30,
0x000001c850a4e570, 0x000001c850a4ec00, 0x000001c850a4d1c0, 0x000001c850a4c4a0,
0x000001c850a4d850, 0x000001c898bedda0, 0x000001c898bee430, 0x000001c898bf0500,
0x000001c898bed080, 0x000001c898bef150, 0x000001c898bed710, 0x000001c89b146a30,
0x000001c89b1463a0, 0x000001c89b147de0, 0x000001c89b1470c0, 0x000001c89b148b00,
0x000001c89b147750, 0x000001c89b149820, 0x000001c89b148470, 0x000001c89b149190,
0x000001c89b0b3af0, 0x000001c89b0b2dd0, 0x000001c89b0b20b0, 0x000001c89b0b4810,
0x000001c89b0b5bc0, 0x000001c89b0b2740, 0x000001c89b0b7600, 0x000001c89b0b6f70,
0x000001c89b0b8320, 0x000001c89b0b89b0, 0x000001c89b0b7c90, 0x000001c89b0b6250,
0x000001c89b0b9040, 0x000001c89bdba830, 0x000001c89bdb8df0, 0x000001c89bdba1a0,
0x000001c89bdbbbe0, 0x000001c89bdbe340
}

Java Threads: ( => current thread )
  0x000001c8333e5050 JavaThread "main"                              [_thread_blocked, id=6372, stack(0x000000ae7a500000,0x000000ae7a600000) (1024K)]
  0x000001c850a3a8f0 JavaThread "Reference Handler"          daemon [_thread_blocked, id=1888, stack(0x000000ae7a900000,0x000000ae7aa00000) (1024K)]
  0x000001c83571d030 JavaThread "Finalizer"                  daemon [_thread_blocked, id=24824, stack(0x000000ae7aa00000,0x000000ae7ab00000) (1024K)]
  0x000001c850a445a0 JavaThread "Signal Dispatcher"          daemon [_thread_blocked, id=9784, stack(0x000000ae7ab00000,0x000000ae7ac00000) (1024K)]
=>0x000001c850a47530 JavaThread "Attach Listener"            daemon [_thread_in_vm, id=10788, stack(0x000000ae7ac00000,0x000000ae7ad00000) (1024K)]
  0x000001c850a4a2b0 JavaThread "Service Thread"             daemon [_thread_blocked, id=16452, stack(0x000000ae7ad00000,0x000000ae7ae00000) (1024K)]
  0x000001c850a4f290 JavaThread "Monitor Deflation Thread"   daemon [_thread_blocked, id=31180, stack(0x000000ae7ae00000,0x000000ae7af00000) (1024K)]
  0x000001c850a5fcb0 JavaThread "C2 CompilerThread0"         daemon [_thread_blocked, id=1048, stack(0x000000ae7af00000,0x000000ae7b000000) (1024K)]
  0x000001c850a65150 JavaThread "C1 CompilerThread0"         daemon [_thread_blocked, id=32412, stack(0x000000ae7b000000,0x000000ae7b100000) (1024K)]
  0x000001c850a4dee0 JavaThread "Common-Cleaner"             daemon [_thread_blocked, id=11840, stack(0x000000ae7b100000,0x000000ae7b200000) (1024K)]
  0x000001c850a4f920 JavaThread "Notification Thread"        daemon [_thread_blocked, id=5812, stack(0x000000ae7b300000,0x000000ae7b400000) (1024K)]
  0x000001c850a4cb30 JavaThread "Active Thread: Equinox Container: 89eeabfb-c2c6-47df-adf5-098f51ecba24"        [_thread_blocked, id=29856, stack(0x000000ae7bb00000,0x000000ae7bc00000) (1024K)]
  0x000001c850a4e570 JavaThread "Refresh Thread: Equinox Container: 89eeabfb-c2c6-47df-adf5-098f51ecba24" daemon [_thread_blocked, id=17180, stack(0x000000ae7bd00000,0x000000ae7be00000) (1024K)]
  0x000001c850a4ec00 JavaThread "Framework Event Dispatcher: Equinox Container: 89eeabfb-c2c6-47df-adf5-098f51ecba24" daemon [_thread_blocked, id=32020, stack(0x000000ae7be00000,0x000000ae7bf00000) (1024K)]
  0x000001c850a4d1c0 JavaThread "Start Level: Equinox Container: 89eeabfb-c2c6-47df-adf5-098f51ecba24" daemon [_thread_blocked, id=14456, stack(0x000000ae7bf00000,0x000000ae7c000000) (1024K)]
  0x000001c850a4c4a0 JavaThread "Bundle File Closer"         daemon [_thread_blocked, id=28768, stack(0x000000ae7c000000,0x000000ae7c100000) (1024K)]
  0x000001c850a4d850 JavaThread "SCR Component Actor"        daemon [_thread_blocked, id=25356, stack(0x000000ae7b200000,0x000000ae7b300000) (1024K)]
  0x000001c898bedda0 JavaThread "Worker-JM"                         [_thread_blocked, id=25972, stack(0x000000ae7c200000,0x000000ae7c300000) (1024K)]
  0x000001c898bee430 JavaThread "JNA Cleaner"                daemon [_thread_blocked, id=27376, stack(0x000000ae7c300000,0x000000ae7c400000) (1024K)]
  0x000001c898bf0500 JavaThread "Worker-0"                          [_thread_blocked, id=32640, stack(0x000000ae7c400000,0x000000ae7c500000) (1024K)]
  0x000001c898bed080 JavaThread "Worker-2"                          [_thread_blocked, id=23380, stack(0x000000ae7c600000,0x000000ae7c700000) (1024K)]
  0x000001c898bef150 JavaThread "Java indexing"              daemon [_thread_blocked, id=20684, stack(0x000000ae7c700000,0x000000ae7c800000) (1024K)]
  0x000001c898bed710 JavaThread "Thread-1"                   daemon [_thread_in_native, id=29788, stack(0x000000ae7cc00000,0x000000ae7cd00000) (1024K)]
  0x000001c89b146a30 JavaThread "Thread-2"                   daemon [_thread_in_native, id=31192, stack(0x000000ae7cd00000,0x000000ae7ce00000) (1024K)]
  0x000001c89b1463a0 JavaThread "Thread-3"                   daemon [_thread_in_native, id=2464, stack(0x000000ae7ce00000,0x000000ae7cf00000) (1024K)]
  0x000001c89b147de0 JavaThread "Thread-4"                   daemon [_thread_in_native, id=23124, stack(0x000000ae7cf00000,0x000000ae7d000000) (1024K)]
  0x000001c89b1470c0 JavaThread "Thread-5"                   daemon [_thread_in_native, id=25056, stack(0x000000ae7d000000,0x000000ae7d100000) (1024K)]
  0x000001c89b148b00 JavaThread "Thread-6"                   daemon [_thread_in_native, id=13796, stack(0x000000ae7d100000,0x000000ae7d200000) (1024K)]
  0x000001c89b147750 JavaThread "Thread-7"                   daemon [_thread_in_native, id=28232, stack(0x000000ae7d200000,0x000000ae7d300000) (1024K)]
  0x000001c89b149820 JavaThread "Thread-8"                   daemon [_thread_in_native, id=24640, stack(0x000000ae7d300000,0x000000ae7d400000) (1024K)]
  0x000001c89b148470 JavaThread "Thread-9"                   daemon [_thread_in_native, id=18236, stack(0x000000ae7d400000,0x000000ae7d500000) (1024K)]
  0x000001c89b149190 JavaThread "pool-2-thread-1"                   [_thread_blocked, id=24496, stack(0x000000ae7d500000,0x000000ae7d600000) (1024K)]
  0x000001c89b0b3af0 JavaThread "WorkspaceEventsHandler"            [_thread_blocked, id=29824, stack(0x000000ae7d600000,0x000000ae7d700000) (1024K)]
  0x000001c89b0b2dd0 JavaThread "pool-1-thread-1"                   [_thread_blocked, id=25944, stack(0x000000ae7d700000,0x000000ae7d800000) (1024K)]
  0x000001c89b0b20b0 JavaThread "ForkJoinPool.commonPool-worker-1" daemon [_thread_blocked, id=17376, stack(0x000000ae7d800000,0x000000ae7d900000) (1024K)]
  0x000001c89b0b4810 JavaThread "ForkJoinPool.commonPool-worker-2" daemon [_thread_blocked, id=19976, stack(0x000000ae7d900000,0x000000ae7da00000) (1024K)]
  0x000001c89b0b5bc0 JavaThread "ForkJoinPool.commonPool-worker-4" daemon [_thread_blocked, id=32660, stack(0x000000ae7db00000,0x000000ae7dc00000) (1024K)]
  0x000001c89b0b2740 JavaThread "ForkJoinPool.commonPool-worker-5" daemon [_thread_blocked, id=29220, stack(0x000000ae7dc00000,0x000000ae7dd00000) (1024K)]
  0x000001c89b0b7600 JavaThread "ForkJoinPool.commonPool-worker-6" daemon [_thread_blocked, id=14444, stack(0x000000ae7dd00000,0x000000ae7de00000) (1024K)]
  0x000001c89b0b6f70 JavaThread "ForkJoinPool.commonPool-worker-7" daemon [_thread_blocked, id=32308, stack(0x000000ae7de00000,0x000000ae7df00000) (1024K)]
  0x000001c89b0b8320 JavaThread "PatternSearchJob-worker-1"  daemon [_thread_blocked, id=6368, stack(0x000000ae7df00000,0x000000ae7e000000) (1024K)]
  0x000001c89b0b89b0 JavaThread "PatternSearchJob-worker-3"  daemon [_thread_blocked, id=25320, stack(0x000000ae7e000000,0x000000ae7e100000) (1024K)]
  0x000001c89b0b7c90 JavaThread "PatternSearchJob-worker-2"  daemon [_thread_blocked, id=30912, stack(0x000000ae7e100000,0x000000ae7e200000) (1024K)]
  0x000001c89b0b6250 JavaThread "PatternSearchJob-worker-4"  daemon [_thread_blocked, id=30060, stack(0x000000ae7e200000,0x000000ae7e300000) (1024K)]
  0x000001c89b0b9040 JavaThread "PatternSearchJob-worker-5"  daemon [_thread_blocked, id=26896, stack(0x000000ae7e300000,0x000000ae7e400000) (1024K)]
  0x000001c89bdba830 JavaThread "PatternSearchJob-worker-6"  daemon [_thread_blocked, id=21848, stack(0x000000ae7e400000,0x000000ae7e500000) (1024K)]
  0x000001c89bdb8df0 JavaThread "PatternSearchJob-worker-7"  daemon [_thread_blocked, id=28500, stack(0x000000ae7e500000,0x000000ae7e600000) (1024K)]
  0x000001c89bdba1a0 JavaThread "Cleaner-0"                  daemon [_thread_blocked, id=28932, stack(0x000000ae7e600000,0x000000ae7e700000) (1024K)]
  0x000001c89bdbbbe0 JavaThread "pool-1-thread-2"                   [_thread_blocked, id=13732, stack(0x000000ae7a400000,0x000000ae7a500000) (1024K)]
  0x000001c89bdbe340 JavaThread "Worker-4"                          [_thread_blocked, id=32392, stack(0x000000ae7a200000,0x000000ae7a300000) (1024K)]
Total: 50

Other Threads:
  0x000001c8357065b0 VMThread "VM Thread"                           [id=22328, stack(0x000000ae7a800000,0x000000ae7a900000) (1024K)]
  0x000001c85094ca00 WatcherThread "VM Periodic Task Thread"        [id=3908, stack(0x000000ae7a700000,0x000000ae7a800000) (1024K)]
  0x000001c8356803a0 WorkerThread "GC Thread#0"                     [id=29768, stack(0x000000ae7a600000,0x000000ae7a700000) (1024K)]
  0x000001c893794a80 WorkerThread "GC Thread#1"                     [id=17252, stack(0x000000ae7b500000,0x000000ae7b600000) (1024K)]
  0x000001c893794e30 WorkerThread "GC Thread#2"                     [id=32756, stack(0x000000ae7b600000,0x000000ae7b700000) (1024K)]
  0x000001c8987165e0 WorkerThread "GC Thread#3"                     [id=26364, stack(0x000000ae7b700000,0x000000ae7b800000) (1024K)]
  0x000001c898716990 WorkerThread "GC Thread#4"                     [id=14160, stack(0x000000ae7b800000,0x000000ae7b900000) (1024K)]
  0x000001c8985a7a80 WorkerThread "GC Thread#5"                     [id=15336, stack(0x000000ae7b900000,0x000000ae7ba00000) (1024K)]
  0x000001c8985a7e30 WorkerThread "GC Thread#6"                     [id=11464, stack(0x000000ae7ba00000,0x000000ae7bb00000) (1024K)]
  0x000001c898894f20 WorkerThread "GC Thread#7"                     [id=19596, stack(0x000000ae7bc00000,0x000000ae7bd00000) (1024K)]
Total: 10

Threads with active compile tasks:
Total: 0

VM state: not at safepoint (normal execution)

VM Mutex/Monitor currently owned by a thread: None

Heap address: 0x0000000700000000, size: 4096 MB, Compressed Oops mode: Zero based, Oop shift amount: 3

CDS archive(s) mapped at: [0x000001c851000000-0x000001c851ba0000-0x000001c851ba0000), size 12189696, SharedBaseAddress: 0x000001c851000000, ArchiveRelocationMode: 1.
Compressed class space mapped at: 0x000001c852000000-0x000001c892000000, reserved size: 1073741824
Narrow klass base: 0x000001c851000000, Narrow klass shift: 0, Narrow klass range: 0x100000000

GC Precious Log:
 CardTable entry size: 512
 CPUs: 8 total, 8 available
 Memory: 16157M
 Large Page Support: Disabled
 NUMA Support: Disabled
 Compressed Oops: Enabled (Zero based)
 Alignments: Space 512K, Generation 512K, Heap 2M
 Heap Min Capacity: 100M
 Heap Initial Capacity: 100M
 Heap Max Capacity: 4G
 Pre-touch: Disabled
 Parallel Workers: 8

Heap:
 PSYoungGen      total 3584K, used 2871K [0x00000007aab00000, 0x00000007ab080000, 0x0000000800000000)
  eden space 2560K, 83% used [0x00000007aab00000,0x00000007aad14b28,0x00000007aad80000)
  from space 1024K, 72% used [0x00000007aae80000,0x00000007aaf39210,0x00000007aaf80000)
  to   space 1024K, 0% used [0x00000007aaf80000,0x00000007aaf80000,0x00000007ab080000)
 ParOldGen       total 256000K, used 201260K [0x0000000700000000, 0x000000070fa00000, 0x00000007aab00000)
  object space 256000K, 78% used [0x0000000700000000,0x000000070c48b3f8,0x000000070fa00000)
 Metaspace       used 80578K, committed 82304K, reserved 1179648K
  class space    used 8355K, committed 9152K, reserved 1048576K

Card table byte_map: [0x000001c847860000,0x000001c848070000] _byte_map_base: 0x000001c844060000

Marking Bits: (ParMarkBitMap*) 0x00007ffc511744a0
 Begin Bits: [0x000001c848070000, 0x000001c84c070000)
 End Bits:   [0x000001c84c070000, 0x000001c850070000)

Polling page: 0x000001c833660000

Metaspace:

Usage:
  Non-class:     70.53 MB used.
      Class:      8.16 MB used.
       Both:     78.69 MB used.

Virtual space:
  Non-class space:      128.00 MB reserved,      71.44 MB ( 56%) committed,  2 nodes.
      Class space:        1.00 GB reserved,       8.94 MB ( <1%) committed,  1 nodes.
             Both:        1.12 GB reserved,      80.38 MB (  7%) committed. 

Chunk freelists:
   Non-Class:  8.13 MB
       Class:  6.93 MB
        Both:  15.06 MB

MaxMetaspaceSize: unlimited
CompressedClassSpaceSize: 1.00 GB
Initial GC threshold: 21.00 MB
Current GC threshold: 129.38 MB
CDS: on
 - commit_granule_bytes: 65536.
 - commit_granule_words: 8192.
 - virtual_space_node_default_size: 8388608.
 - enlarge_chunks_in_place: 1.
 - use_allocation_guard: 0.


Internal statistics:

num_allocs_failed_limit: 9.
num_arena_births: 1622.
num_arena_deaths: 68.
num_vsnodes_births: 3.
num_vsnodes_deaths: 0.
num_space_committed: 1286.
num_space_uncommitted: 0.
num_chunks_returned_to_freelist: 98.
num_chunks_taken_from_freelist: 5914.
num_chunk_merges: 32.
num_chunk_splits: 3469.
num_chunks_enlarged: 1769.
num_inconsistent_stats: 0.

CodeHeap 'non-profiled nmethods': size=120000Kb used=15956Kb max_used=15956Kb free=104043Kb
 bounds [0x000001c840330000, 0x000001c8412d0000, 0x000001c847860000]
CodeHeap 'profiled nmethods': size=120000Kb used=42540Kb max_used=42540Kb free=77460Kb
 bounds [0x000001c838860000, 0x000001c83b1f0000, 0x000001c83fd90000]
CodeHeap 'non-nmethods': size=5760Kb used=1474Kb max_used=1583Kb free=4285Kb
 bounds [0x000001c83fd90000, 0x000001c840000000, 0x000001c840330000]
CodeCache: size=245760Kb, used=59970Kb, max_used=60079Kb, free=185788Kb
 total_blobs=17652, nmethods=16859, adapters=693, full_count=0
Compilation: enabled, stopped_count=0, restarted_count=0

Compilation events (20 events):
Event: 211.807 Thread 0x000001c850a65150 nmethod 18583 0x000001c83b1dbd90 code [0x000001c83b1dbf60, 0x000001c83b1dc330]
Event: 211.807 Thread 0x000001c850a65150 18585       3       sun.nio.cs.StreamEncoder::lockedWrite (53 bytes)
Event: 211.808 Thread 0x000001c850a65150 nmethod 18585 0x000001c83b1dc490 code [0x000001c83b1dc6a0, 0x000001c83b1dcc10]
Event: 211.824 Thread 0x000001c850a5fcb0 nmethod 18572 0x000001c8412c1510 code [0x000001c8412c17a0, 0x000001c8412c2d68]
Event: 211.824 Thread 0x000001c850a5fcb0 18584       4       org.eclipse.jdt.internal.compiler.problem.DefaultProblem::isError (13 bytes)
Event: 211.824 Thread 0x000001c850a5fcb0 nmethod 18584 0x000001c8412c3910 code [0x000001c8412c3aa0, 0x000001c8412c3b30]
Event: 211.824 Thread 0x000001c850a5fcb0 18575       4       org.eclipse.jdt.internal.compiler.lookup.WildcardBinding::<init> (98 bytes)
Event: 211.830 Thread 0x000001c850a5fcb0 nmethod 18575 0x000001c8412c3c10 code [0x000001c8412c3e00, 0x000001c8412c45a0]
Event: 212.089 Thread 0x000001c850a65150 18586  s!   3       org.eclipse.jdt.core.dom.DefaultBindingResolver::resolveTypeBindingForName (1354 bytes)
Event: 212.092 Thread 0x000001c850a5fcb0 18590       4       org.eclipse.jdt.internal.corext.dom.Bindings::isEqualMethod (75 bytes)
Event: 212.094 Thread 0x000001c850a5fcb0 nmethod 18590 0x000001c8412c4990 code [0x000001c8412c4b40, 0x000001c8412c4da8]
Event: 212.094 Thread 0x000001c850a5fcb0 18591   !   4       org.eclipse.jdt.core.dom.Assignment::getLeftHandSide (60 bytes)
Event: 212.095 Thread 0x000001c850a5fcb0 nmethod 18591 0x000001c8412c4f10 code [0x000001c8412c50a0, 0x000001c8412c5158]
Event: 212.096 Thread 0x000001c850a65150 nmethod 18586 0x000001c83b1dce10 code [0x000001c83b1ddb00, 0x000001c83b1e8090]
Event: 212.096 Thread 0x000001c850a65150 18588       3       sun.nio.cs.StreamEncoder::growByteBufferIfNeeded (59 bytes)
Event: 212.097 Thread 0x000001c850a65150 nmethod 18588 0x000001c83b1ea010 code [0x000001c83b1ea200, 0x000001c83b1ea600]
Event: 212.097 Thread 0x000001c850a65150 18589       3       java.lang.Math::round (56 bytes)
Event: 212.097 Thread 0x000001c850a65150 nmethod 18589 0x000001c83b1ea810 code [0x000001c83b1ea9c0, 0x000001c83b1eaba0]
Event: 212.097 Thread 0x000001c850a65150 18587       3       org.eclipse.jdt.ui.text.java.correction.ASTRewriteCorrectionProposalCore::<init> (14 bytes)
Event: 212.097 Thread 0x000001c850a65150 nmethod 18587 0x000001c83b1eac10 code [0x000001c83b1eadc0, 0x000001c83b1eaf38]

GC Heap History (20 events):
Event: 210.903 GC heap before
{Heap before GC invocations=742 (full 4):
 PSYoungGen      total 3584K, used 3124K [0x00000007aab00000, 0x00000007ab100000, 0x0000000800000000)
  eden space 2560K, 99% used [0x00000007aab00000,0x00000007aad7ffb0,0x00000007aad80000)
  from space 1024K, 55% used [0x00000007aaf80000,0x00000007ab00d200,0x00000007ab080000)
  to   space 512K, 0% used [0x00000007ab080000,0x00000007ab080000,0x00000007ab100000)
 ParOldGen       total 256000K, used 198678K [0x0000000700000000, 0x000000070fa00000, 0x00000007aab00000)
  object space 256000K, 77% used [0x0000000700000000,0x000000070c205b18,0x000000070fa00000)
 Metaspace       used 80552K, committed 82304K, reserved 1179648K
  class space    used 8355K, committed 9152K, reserved 1048576K
}
Event: 210.904 GC heap after
{Heap after GC invocations=742 (full 4):
 PSYoungGen      total 3072K, used 256K [0x00000007aab00000, 0x00000007ab100000, 0x0000000800000000)
  eden space 2560K, 0% used [0x00000007aab00000,0x00000007aab00000,0x00000007aad80000)
  from space 512K, 50% used [0x00000007ab080000,0x00000007ab0c0000,0x00000007ab100000)
  to   space 512K, 0% used [0x00000007ab000000,0x00000007ab000000,0x00000007ab080000)
 ParOldGen       total 256000K, used 198694K [0x0000000700000000, 0x000000070fa00000, 0x00000007aab00000)
  object space 256000K, 77% used [0x0000000700000000,0x000000070c209b18,0x000000070fa00000)
 Metaspace       used 80552K, committed 82304K, reserved 1179648K
  class space    used 8355K, committed 9152K, reserved 1048576K
}
Event: 210.920 GC heap before
{Heap before GC invocations=743 (full 4):
 PSYoungGen      total 3072K, used 2816K [0x00000007aab00000, 0x00000007ab100000, 0x0000000800000000)
  eden space 2560K, 100% used [0x00000007aab00000,0x00000007aad80000,0x00000007aad80000)
  from space 512K, 50% used [0x00000007ab080000,0x00000007ab0c0000,0x00000007ab100000)
  to   space 512K, 0% used [0x00000007ab000000,0x00000007ab000000,0x00000007ab080000)
 ParOldGen       total 256000K, used 198694K [0x0000000700000000, 0x000000070fa00000, 0x00000007aab00000)
  object space 256000K, 77% used [0x0000000700000000,0x000000070c209b18,0x000000070fa00000)
 Metaspace       used 80552K, committed 82304K, reserved 1179648K
  class space    used 8355K, committed 9152K, reserved 1048576K
}
Event: 210.921 GC heap after
{Heap after GC invocations=743 (full 4):
 PSYoungGen      total 3072K, used 500K [0x00000007aab00000, 0x00000007ab100000, 0x0000000800000000)
  eden space 2560K, 0% used [0x00000007aab00000,0x00000007aab00000,0x00000007aad80000)
  from space 512K, 97% used [0x00000007ab000000,0x00000007ab07d200,0x00000007ab080000)
  to   space 512K, 0% used [0x00000007ab080000,0x00000007ab080000,0x00000007ab100000)
 ParOldGen       total 256000K, used 198822K [0x0000000700000000, 0x000000070fa00000, 0x00000007aab00000)
  object space 256000K, 77% used [0x0000000700000000,0x000000070c229b18,0x000000070fa00000)
 Metaspace       used 80552K, committed 82304K, reserved 1179648K
  class space    used 8355K, committed 9152K, reserved 1048576K
}
Event: 210.985 GC heap before
{Heap before GC invocations=744 (full 4):
 PSYoungGen      total 3072K, used 3060K [0x00000007aab00000, 0x00000007ab100000, 0x0000000800000000)
  eden space 2560K, 100% used [0x00000007aab00000,0x00000007aad80000,0x00000007aad80000)
  from space 512K, 97% used [0x00000007ab000000,0x00000007ab07d200,0x00000007ab080000)
  to   space 512K, 0% used [0x00000007ab080000,0x00000007ab080000,0x00000007ab100000)
 ParOldGen       total 256000K, used 198822K [0x0000000700000000, 0x000000070fa00000, 0x00000007aab00000)
  object space 256000K, 77% used [0x0000000700000000,0x000000070c229b18,0x000000070fa00000)
 Metaspace       used 80552K, committed 82304K, reserved 1179648K
  class space    used 8355K, committed 9152K, reserved 1048576K
}
Event: 210.986 GC heap after
{Heap after GC invocations=744 (full 4):
 PSYoungGen      total 3072K, used 506K [0x00000007aab00000, 0x00000007ab100000, 0x0000000800000000)
  eden space 2560K, 0% used [0x00000007aab00000,0x00000007aab00000,0x00000007aad80000)
  from space 512K, 98% used [0x00000007ab080000,0x00000007ab0fe900,0x00000007ab100000)
  to   space 1536K, 0% used [0x00000007aae00000,0x00000007aae00000,0x00000007aaf80000)
 ParOldGen       total 256000K, used 199291K [0x0000000700000000, 0x000000070fa00000, 0x00000007aab00000)
  object space 256000K, 77% used [0x0000000700000000,0x000000070c29ed28,0x000000070fa00000)
 Metaspace       used 80552K, committed 82304K, reserved 1179648K
  class space    used 8355K, committed 9152K, reserved 1048576K
}
Event: 210.998 GC heap before
{Heap before GC invocations=745 (full 4):
 PSYoungGen      total 3072K, used 3066K [0x00000007aab00000, 0x00000007ab100000, 0x0000000800000000)
  eden space 2560K, 100% used [0x00000007aab00000,0x00000007aad80000,0x00000007aad80000)
  from space 512K, 98% used [0x00000007ab080000,0x00000007ab0fe900,0x00000007ab100000)
  to   space 1536K, 0% used [0x00000007aae00000,0x00000007aae00000,0x00000007aaf80000)
 ParOldGen       total 256000K, used 199291K [0x0000000700000000, 0x000000070fa00000, 0x00000007aab00000)
  object space 256000K, 77% used [0x0000000700000000,0x000000070c29ed28,0x000000070fa00000)
 Metaspace       used 80552K, committed 82304K, reserved 1179648K
  class space    used 8355K, committed 9152K, reserved 1048576K
}
Event: 210.999 GC heap after
{Heap after GC invocations=745 (full 4):
 PSYoungGen      total 4096K, used 448K [0x00000007aab00000, 0x00000007ab100000, 0x0000000800000000)
  eden space 2560K, 0% used [0x00000007aab00000,0x00000007aab00000,0x00000007aad80000)
  from space 1536K, 29% used [0x00000007aae00000,0x00000007aae70000,0x00000007aaf80000)
  to   space 1024K, 0% used [0x00000007ab000000,0x00000007ab000000,0x00000007ab100000)
 ParOldGen       total 256000K, used 199611K [0x0000000700000000, 0x000000070fa00000, 0x00000007aab00000)
  object space 256000K, 77% used [0x0000000700000000,0x000000070c2eed28,0x000000070fa00000)
 Metaspace       used 80552K, committed 82304K, reserved 1179648K
  class space    used 8355K, committed 9152K, reserved 1048576K
}
Event: 211.148 GC heap before
{Heap before GC invocations=746 (full 4):
 PSYoungGen      total 4096K, used 3008K [0x00000007aab00000, 0x00000007ab100000, 0x0000000800000000)
  eden space 2560K, 100% used [0x00000007aab00000,0x00000007aad80000,0x00000007aad80000)
  from space 1536K, 29% used [0x00000007aae00000,0x00000007aae70000,0x00000007aaf80000)
  to   space 1024K, 0% used [0x00000007ab000000,0x00000007ab000000,0x00000007ab100000)
 ParOldGen       total 256000K, used 199611K [0x0000000700000000, 0x000000070fa00000, 0x00000007aab00000)
  object space 256000K, 77% used [0x0000000700000000,0x000000070c2eed28,0x000000070fa00000)
 Metaspace       used 80556K, committed 82304K, reserved 1179648K
  class space    used 8355K, committed 9152K, reserved 1048576K
}
Event: 211.150 GC heap after
{Heap after GC invocations=746 (full 4):
 PSYoungGen      total 3072K, used 320K [0x00000007aab00000, 0x00000007ab080000, 0x0000000800000000)
  eden space 2560K, 0% used [0x00000007aab00000,0x00000007aab00000,0x00000007aad80000)
  from space 512K, 62% used [0x00000007ab000000,0x00000007ab050000,0x00000007ab080000)
  to   space 512K, 0% used [0x00000007aaf80000,0x00000007aaf80000,0x00000007ab000000)
 ParOldGen       total 256000K, used 199643K [0x0000000700000000, 0x000000070fa00000, 0x00000007aab00000)
  object space 256000K, 77% used [0x0000000700000000,0x000000070c2f6d28,0x000000070fa00000)
 Metaspace       used 80556K, committed 82304K, reserved 1179648K
  class space    used 8355K, committed 9152K, reserved 1048576K
}
Event: 211.317 GC heap before
{Heap before GC invocations=747 (full 4):
 PSYoungGen      total 3072K, used 2880K [0x00000007aab00000, 0x00000007ab080000, 0x0000000800000000)
  eden space 2560K, 100% used [0x00000007aab00000,0x00000007aad80000,0x00000007aad80000)
  from space 512K, 62% used [0x00000007ab000000,0x00000007ab050000,0x00000007ab080000)
  to   space 512K, 0% used [0x00000007aaf80000,0x00000007aaf80000,0x00000007ab000000)
 ParOldGen       total 256000K, used 199643K [0x0000000700000000, 0x000000070fa00000, 0x00000007aab00000)
  object space 256000K, 77% used [0x0000000700000000,0x000000070c2f6d28,0x000000070fa00000)
 Metaspace       used 80570K, committed 82304K, reserved 1179648K
  class space    used 8355K, committed 9152K, reserved 1048576K
}
Event: 211.318 GC heap after
{Heap after GC invocations=747 (full 4):
 PSYoungGen      total 3072K, used 256K [0x00000007aab00000, 0x00000007ab080000, 0x0000000800000000)
  eden space 2560K, 0% used [0x00000007aab00000,0x00000007aab00000,0x00000007aad80000)
  from space 512K, 50% used [0x00000007aaf80000,0x00000007aafc0000,0x00000007ab000000)
  to   space 512K, 0% used [0x00000007ab000000,0x00000007ab000000,0x00000007ab080000)
 ParOldGen       total 256000K, used 199823K [0x0000000700000000, 0x000000070fa00000, 0x00000007aab00000)
  object space 256000K, 78% used [0x0000000700000000,0x000000070c323d38,0x000000070fa00000)
 Metaspace       used 80570K, committed 82304K, reserved 1179648K
  class space    used 8355K, committed 9152K, reserved 1048576K
}
Event: 211.326 GC heap before
{Heap before GC invocations=748 (full 4):
 PSYoungGen      total 3072K, used 2816K [0x00000007aab00000, 0x00000007ab080000, 0x0000000800000000)
  eden space 2560K, 100% used [0x00000007aab00000,0x00000007aad80000,0x00000007aad80000)
  from space 512K, 50% used [0x00000007aaf80000,0x00000007aafc0000,0x00000007ab000000)
  to   space 512K, 0% used [0x00000007ab000000,0x00000007ab000000,0x00000007ab080000)
 ParOldGen       total 256000K, used 199823K [0x0000000700000000, 0x000000070fa00000, 0x00000007aab00000)
  object space 256000K, 78% used [0x0000000700000000,0x000000070c323d38,0x000000070fa00000)
 Metaspace       used 80570K, committed 82304K, reserved 1179648K
  class space    used 8355K, committed 9152K, reserved 1048576K
}
Event: 211.327 GC heap after
{Heap after GC invocations=748 (full 4):
 PSYoungGen      total 3072K, used 484K [0x00000007aab00000, 0x00000007ab080000, 0x0000000800000000)
  eden space 2560K, 0% used [0x00000007aab00000,0x00000007aab00000,0x00000007aad80000)
  from space 512K, 94% used [0x00000007ab000000,0x00000007ab079210,0x00000007ab080000)
  to   space 1024K, 0% used [0x00000007aae80000,0x00000007aae80000,0x00000007aaf80000)
 ParOldGen       total 256000K, used 200023K [0x0000000700000000, 0x000000070fa00000, 0x00000007aab00000)
  object space 256000K, 78% used [0x0000000700000000,0x000000070c355d38,0x000000070fa00000)
 Metaspace       used 80570K, committed 82304K, reserved 1179648K
  class space    used 8355K, committed 9152K, reserved 1048576K
}
Event: 211.624 GC heap before
{Heap before GC invocations=749 (full 4):
 PSYoungGen      total 3072K, used 3044K [0x00000007aab00000, 0x00000007ab080000, 0x0000000800000000)
  eden space 2560K, 99% used [0x00000007aab00000,0x00000007aad7ffb8,0x00000007aad80000)
  from space 512K, 94% used [0x00000007ab000000,0x00000007ab079210,0x00000007ab080000)
  to   space 1024K, 0% used [0x00000007aae80000,0x00000007aae80000,0x00000007aaf80000)
 ParOldGen       total 256000K, used 200023K [0x0000000700000000, 0x000000070fa00000, 0x00000007aab00000)
  object space 256000K, 78% used [0x0000000700000000,0x000000070c355d38,0x000000070fa00000)
 Metaspace       used 80571K, committed 82304K, reserved 1179648K
  class space    used 8355K, committed 9152K, reserved 1048576K
}
Event: 211.625 GC heap after
{Heap after GC invocations=749 (full 4):
 PSYoungGen      total 3584K, used 384K [0x00000007aab00000, 0x00000007ab080000, 0x0000000800000000)
  eden space 2560K, 0% used [0x00000007aab00000,0x00000007aab00000,0x00000007aad80000)
  from space 1024K, 37% used [0x00000007aae80000,0x00000007aaee0000,0x00000007aaf80000)
  to   space 512K, 0% used [0x00000007ab000000,0x00000007ab000000,0x00000007ab080000)
 ParOldGen       total 256000K, used 200531K [0x0000000700000000, 0x000000070fa00000, 0x00000007aab00000)
  object space 256000K, 78% used [0x0000000700000000,0x000000070c3d4f48,0x000000070fa00000)
 Metaspace       used 80571K, committed 82304K, reserved 1179648K
  class space    used 8355K, committed 9152K, reserved 1048576K
}
Event: 211.779 GC heap before
{Heap before GC invocations=750 (full 4):
 PSYoungGen      total 3584K, used 2943K [0x00000007aab00000, 0x00000007ab080000, 0x0000000800000000)
  eden space 2560K, 99% used [0x00000007aab00000,0x00000007aad7ffe8,0x00000007aad80000)
  from space 1024K, 37% used [0x00000007aae80000,0x00000007aaee0000,0x00000007aaf80000)
  to   space 512K, 0% used [0x00000007ab000000,0x00000007ab000000,0x00000007ab080000)
 ParOldGen       total 256000K, used 200531K [0x0000000700000000, 0x000000070fa00000, 0x00000007aab00000)
  object space 256000K, 78% used [0x0000000700000000,0x000000070c3d4f48,0x000000070fa00000)
 Metaspace       used 80572K, committed 82304K, reserved 1179648K
  class space    used 8355K, committed 9152K, reserved 1048576K
}
Event: 211.781 GC heap after
{Heap after GC invocations=750 (full 4):
 PSYoungGen      total 3072K, used 484K [0x00000007aab00000, 0x00000007ab080000, 0x0000000800000000)
  eden space 2560K, 0% used [0x00000007aab00000,0x00000007aab00000,0x00000007aad80000)
  from space 512K, 94% used [0x00000007ab000000,0x00000007ab079210,0x00000007ab080000)
  to   space 1024K, 0% used [0x00000007aae80000,0x00000007aae80000,0x00000007aaf80000)
 ParOldGen       total 256000K, used 200816K [0x0000000700000000, 0x000000070fa00000, 0x00000007aab00000)
  object space 256000K, 78% used [0x0000000700000000,0x000000070c41c1e8,0x000000070fa00000)
 Metaspace       used 80572K, committed 82304K, reserved 1179648K
  class space    used 8355K, committed 9152K, reserved 1048576K
}
Event: 211.797 GC heap before
{Heap before GC invocations=751 (full 4):
 PSYoungGen      total 3072K, used 3044K [0x00000007aab00000, 0x00000007ab080000, 0x0000000800000000)
  eden space 2560K, 99% used [0x00000007aab00000,0x00000007aad7fff0,0x00000007aad80000)
  from space 512K, 94% used [0x00000007ab000000,0x00000007ab079210,0x00000007ab080000)
  to   space 1024K, 0% used [0x00000007aae80000,0x00000007aae80000,0x00000007aaf80000)
 ParOldGen       total 256000K, used 200816K [0x0000000700000000, 0x000000070fa00000, 0x00000007aab00000)
  object space 256000K, 78% used [0x0000000700000000,0x000000070c41c1e8,0x000000070fa00000)
 Metaspace       used 80572K, committed 82304K, reserved 1179648K
  class space    used 8355K, committed 9152K, reserved 1048576K
}
Event: 211.799 GC heap after
{Heap after GC invocations=751 (full 4):
 PSYoungGen      total 3584K, used 740K [0x00000007aab00000, 0x00000007ab080000, 0x0000000800000000)
  eden space 2560K, 0% used [0x00000007aab00000,0x00000007aab00000,0x00000007aad80000)
  from space 1024K, 72% used [0x00000007aae80000,0x00000007aaf39210,0x00000007aaf80000)
  to   space 1024K, 0% used [0x00000007aaf80000,0x00000007aaf80000,0x00000007ab080000)
 ParOldGen       total 256000K, used 201260K [0x0000000700000000, 0x000000070fa00000, 0x00000007aab00000)
  object space 256000K, 78% used [0x0000000700000000,0x000000070c48b3f8,0x000000070fa00000)
 Metaspace       used 80572K, committed 82304K, reserved 1179648K
  class space    used 8355K, committed 9152K, reserved 1048576K
}

Dll operation events (20 events):
Event: 0.018 Attempting to load shared library c:\Users\admin\.vscode\extensions\redhat.java-1.56.0-win32-x64\jre\21.0.12.1-win32-x86_64\bin\java.dll
Event: 0.018 Loaded shared library c:\Users\admin\.vscode\extensions\redhat.java-1.56.0-win32-x64\jre\21.0.12.1-win32-x86_64\bin\java.dll
Event: 0.094 Attempting to load shared library c:\Users\admin\.vscode\extensions\redhat.java-1.56.0-win32-x64\jre\21.0.12.1-win32-x86_64\bin\zip.dll
Event: 0.095 Loaded shared library c:\Users\admin\.vscode\extensions\redhat.java-1.56.0-win32-x64\jre\21.0.12.1-win32-x86_64\bin\zip.dll
Event: 0.119 Attempting to load shared library C:\Users\admin\.vscode\extensions\redhat.java-1.56.0-win32-x64\jre\21.0.12.1-win32-x86_64\bin\instrument.dll
Event: 0.119 Loaded shared library C:\Users\admin\.vscode\extensions\redhat.java-1.56.0-win32-x64\jre\21.0.12.1-win32-x86_64\bin\instrument.dll
Event: 0.122 Attempting to load shared library C:\Users\admin\.vscode\extensions\redhat.java-1.56.0-win32-x64\jre\21.0.12.1-win32-x86_64\bin\net.dll
Event: 0.123 Loaded shared library C:\Users\admin\.vscode\extensions\redhat.java-1.56.0-win32-x64\jre\21.0.12.1-win32-x86_64\bin\net.dll
Event: 0.128 Attempting to load shared library C:\Users\admin\.vscode\extensions\redhat.java-1.56.0-win32-x64\jre\21.0.12.1-win32-x86_64\bin\nio.dll
Event: 0.128 Loaded shared library C:\Users\admin\.vscode\extensions\redhat.java-1.56.0-win32-x64\jre\21.0.12.1-win32-x86_64\bin\nio.dll
Event: 0.131 Attempting to load shared library C:\Users\admin\.vscode\extensions\redhat.java-1.56.0-win32-x64\jre\21.0.12.1-win32-x86_64\bin\zip.dll
Event: 0.131 Loaded shared library C:\Users\admin\.vscode\extensions\redhat.java-1.56.0-win32-x64\jre\21.0.12.1-win32-x86_64\bin\zip.dll
Event: 0.149 Attempting to load shared library C:\Users\admin\.vscode\extensions\redhat.java-1.56.0-win32-x64\jre\21.0.12.1-win32-x86_64\bin\jimage.dll
Event: 0.149 Loaded shared library C:\Users\admin\.vscode\extensions\redhat.java-1.56.0-win32-x64\jre\21.0.12.1-win32-x86_64\bin\jimage.dll
Event: 0.234 Attempting to load shared library c:\Users\admin\.vscode\extensions\redhat.java-1.56.0-win32-x64\jre\21.0.12.1-win32-x86_64\bin\verify.dll
Event: 0.234 Loaded shared library c:\Users\admin\.vscode\extensions\redhat.java-1.56.0-win32-x64\jre\21.0.12.1-win32-x86_64\bin\verify.dll
Event: 1.258 Attempting to load shared library C:\Users\admin\AppData\Roaming\Code\User\globalStorage\redhat.java\1.56.0\config_win\org.eclipse.equinox.launcher\org.eclipse.equinox.launcher.win32.win32.x86_64_1.3.100.v20260804-1928\eclipse_11924.dll
Event: 1.259 Loaded shared library C:\Users\admin\AppData\Roaming\Code\User\globalStorage\redhat.java\1.56.0\config_win\org.eclipse.equinox.launcher\org.eclipse.equinox.launcher.win32.win32.x86_64_1.3.100.v20260804-1928\eclipse_11924.dll
Event: 4.212 Attempting to load shared library C:\Users\admin\AppData\Local\Temp\jna-92668751\jna5009740117622519509.dll
Event: 4.284 Loaded shared library C:\Users\admin\AppData\Local\Temp\jna-92668751\jna5009740117622519509.dll

Deoptimization events (20 events):
Event: 210.983 Thread 0x000001c89b0b20b0 Uncommon trap: trap_request=0xffffff45 fr.pc=0x000001c840f9653c relative=0x00000000000001bc
Event: 210.983 Thread 0x000001c89b0b20b0 Uncommon trap: reason=unstable_if action=reinterpret pc=0x000001c840f9653c method=org.eclipse.jdt.internal.codeassist.complete.CompletionParser.recoveryTokenCheck()V @ 95 c2
Event: 210.983 Thread 0x000001c89b0b20b0 DEOPT PACKING pc=0x000001c840f9653c sp=0x000000ae7d8fe920
Event: 210.983 Thread 0x000001c89b0b20b0 DEOPT UNPACKING pc=0x000001c83fde3aa2 sp=0x000000ae7d8fe8c0 mode 2
Event: 210.996 Thread 0x000001c89b0b20b0 Uncommon trap: trap_request=0xffffffde fr.pc=0x000001c840c529e4 relative=0x00000000000003a4
Event: 210.996 Thread 0x000001c89b0b20b0 Uncommon trap: reason=class_check action=maybe_recompile pc=0x000001c840c529e4 method=org.eclipse.jdt.internal.compiler.parser.Parser.recoveryTokenCheck()V @ 294 c2
Event: 210.996 Thread 0x000001c89b0b20b0 DEOPT PACKING pc=0x000001c840c529e4 sp=0x000000ae7d8fe860
Event: 210.996 Thread 0x000001c89b0b20b0 DEOPT UNPACKING pc=0x000001c83fde3aa2 sp=0x000000ae7d8fe7e8 mode 2
Event: 210.996 Thread 0x000001c89b0b20b0 Uncommon trap: trap_request=0xffffffde fr.pc=0x000001c840f5bff8 relative=0x00000000000003b8
Event: 210.996 Thread 0x000001c89b0b20b0 Uncommon trap: reason=class_check action=maybe_recompile pc=0x000001c840f5bff8 method=org.eclipse.jdt.internal.codeassist.impl.AssistParser.recoveryTokenCheck()V @ 153 c2
Event: 210.996 Thread 0x000001c89b0b20b0 DEOPT PACKING pc=0x000001c840f5bff8 sp=0x000000ae7d8fe8a0
Event: 210.996 Thread 0x000001c89b0b20b0 DEOPT UNPACKING pc=0x000001c83fde3aa2 sp=0x000000ae7d8fe848 mode 2
Event: 211.003 Thread 0x000001c89b0b20b0 Uncommon trap: trap_request=0xffffff45 fr.pc=0x000001c84110b230 relative=0x0000000000000d10
Event: 211.003 Thread 0x000001c89b0b20b0 Uncommon trap: reason=unstable_if action=reinterpret pc=0x000001c84110b230 method=org.eclipse.jdt.internal.codeassist.complete.CompletionScanner.getNextToken0()Lorg/eclipse/jdt/internal/compiler/parser/TerminalToken; @ 415 c2
Event: 211.003 Thread 0x000001c89b0b20b0 DEOPT PACKING pc=0x000001c84110b230 sp=0x000000ae7d8fe930
Event: 211.003 Thread 0x000001c89b0b20b0 DEOPT UNPACKING pc=0x000001c83fde3aa2 sp=0x000000ae7d8fe8a8 mode 2
Event: 211.791 Thread 0x000001c898bf0500 Uncommon trap: trap_request=0xffffffcc fr.pc=0x000001c8412c0f7c relative=0x000000000000057c
Event: 211.791 Thread 0x000001c898bf0500 Uncommon trap: reason=intrinsic_or_type_checked_inlining action=make_not_entrant pc=0x000001c8412c0f7c method=org.eclipse.jdt.internal.compiler.parser.Parser.consumeMethodHeaderRightParen()V @ 268 c2
Event: 211.791 Thread 0x000001c898bf0500 DEOPT PACKING pc=0x000001c8412c0f7c sp=0x000000ae7c4febb0
Event: 211.791 Thread 0x000001c898bf0500 DEOPT UNPACKING pc=0x000001c83fde3aa2 sp=0x000000ae7c4feb40 mode 2

Classes loaded (20 events):
Event: 31.187 Loading class sun/util/resources/TimeZoneNames_en
Event: 31.187 Loading class sun/util/resources/TimeZoneNames_en done
Event: 95.336 Loading class java/util/function/IntPredicate
Event: 95.336 Loading class java/util/function/IntPredicate done
Event: 95.352 Loading class java/util/regex/Pattern$Bound
Event: 95.352 Loading class java/util/regex/Pattern$Bound done
Event: 163.049 Loading class java/util/regex/Pattern$Behind
Event: 163.049 Loading class java/util/regex/Pattern$Behind done
Event: 163.050 Loading class java/util/regex/Pattern$Neg
Event: 163.050 Loading class java/util/regex/Pattern$Neg done
Event: 167.734 Loading class java/util/concurrent/ConcurrentHashMap$TreeNode
Event: 167.734 Loading class java/util/concurrent/ConcurrentHashMap$TreeNode done
Event: 167.734 Loading class java/util/concurrent/ConcurrentHashMap$TreeBin
Event: 167.735 Loading class java/util/concurrent/ConcurrentHashMap$TreeBin done
Event: 205.104 Loading class java/util/stream/ReduceOps$5
Event: 205.104 Loading class java/util/stream/ReduceOps$5 done
Event: 205.104 Loading class java/util/stream/ReduceOps$CountingSink$OfRef
Event: 205.104 Loading class java/util/stream/ReduceOps$CountingSink
Event: 205.104 Loading class java/util/stream/ReduceOps$CountingSink done
Event: 205.104 Loading class java/util/stream/ReduceOps$CountingSink$OfRef done

Classes unloaded (20 events):
Event: 161.774 Thread 0x000001c8357065b0 Unloading class 0x000001c85277d400 'java/lang/invoke/LambdaForm$MH+0x000001c85277d400'
Event: 161.774 Thread 0x000001c8357065b0 Unloading class 0x000001c85277c800 'java/lang/invoke/LambdaForm$MH+0x000001c85277c800'
Event: 161.774 Thread 0x000001c8357065b0 Unloading class 0x000001c85277c000 'java/lang/invoke/LambdaForm$MH+0x000001c85277c000'
Event: 161.774 Thread 0x000001c8357065b0 Unloading class 0x000001c852760c00 'java/lang/invoke/LambdaForm$MH+0x000001c852760c00'
Event: 161.774 Thread 0x000001c8357065b0 Unloading class 0x000001c852760400 'java/lang/invoke/LambdaForm$MH+0x000001c852760400'
Event: 161.774 Thread 0x000001c8357065b0 Unloading class 0x000001c852760000 'java/lang/invoke/LambdaForm$MH+0x000001c852760000'
Event: 161.774 Thread 0x000001c8357065b0 Unloading class 0x000001c85275d800 'java/lang/invoke/LambdaForm$MH+0x000001c85275d800'
Event: 161.774 Thread 0x000001c8357065b0 Unloading class 0x000001c85275d400 'java/lang/invoke/LambdaForm$MH+0x000001c85275d400'
Event: 161.774 Thread 0x000001c8357065b0 Unloading class 0x000001c852756800 'java/lang/invoke/LambdaForm$MH+0x000001c852756800'
Event: 161.774 Thread 0x000001c8357065b0 Unloading class 0x000001c852756400 'java/lang/invoke/LambdaForm$MH+0x000001c852756400'
Event: 161.774 Thread 0x000001c8357065b0 Unloading class 0x000001c852755c00 'java/lang/invoke/LambdaForm$MH+0x000001c852755c00'
Event: 161.774 Thread 0x000001c8357065b0 Unloading class 0x000001c852755800 'java/lang/invoke/LambdaForm$MH+0x000001c852755800'
Event: 161.774 Thread 0x000001c8357065b0 Unloading class 0x000001c852754c00 'java/lang/invoke/LambdaForm$MH+0x000001c852754c00'
Event: 161.774 Thread 0x000001c8357065b0 Unloading class 0x000001c852755000 'java/lang/invoke/LambdaForm$MH+0x000001c852755000'
Event: 161.774 Thread 0x000001c8357065b0 Unloading class 0x000001c852754000 'java/lang/invoke/LambdaForm$MH+0x000001c852754000'
Event: 161.774 Thread 0x000001c8357065b0 Unloading class 0x000001c852754400 'java/lang/invoke/LambdaForm$MH+0x000001c852754400'
Event: 161.774 Thread 0x000001c8357065b0 Unloading class 0x000001c8526f0400 'java/lang/invoke/LambdaForm$DMH+0x000001c8526f0400'
Event: 161.774 Thread 0x000001c8357065b0 Unloading class 0x000001c8526f0000 'java/lang/invoke/LambdaForm$DMH+0x000001c8526f0000'
Event: 161.774 Thread 0x000001c8357065b0 Unloading class 0x000001c8526ea800 'java/lang/invoke/LambdaForm$DMH+0x000001c8526ea800'
Event: 161.774 Thread 0x000001c8357065b0 Unloading class 0x000001c8526eac00 'java/lang/invoke/LambdaForm$DMH+0x000001c8526eac00'

Classes redefined (0 events):
No events

Internal exceptions (20 events):
Event: 171.816 Thread 0x000001c89b0b2dd0 Exception <a 'java/lang/ArrayIndexOutOfBoundsException'{0x00000007aac1d930}> (0x00000007aac1d930) 
thrown [s\src\hotspot\share\runtime\sharedRuntime.cpp, line 625]
Event: 174.561 Thread 0x000001c89b0b2dd0 Exception <a 'java/lang/ArrayIndexOutOfBoundsException'{0x00000007aab41e20}> (0x00000007aab41e20) 
thrown [s\src\hotspot\share\runtime\sharedRuntime.cpp, line 625]
Event: 174.562 Thread 0x000001c89b0b2dd0 Exception <a 'java/lang/ArrayIndexOutOfBoundsException'{0x00000007aab42460}> (0x00000007aab42460) 
thrown [s\src\hotspot\share\runtime\sharedRuntime.cpp, line 625]
Event: 174.562 Thread 0x000001c89b0b2dd0 Exception <a 'java/lang/ArrayIndexOutOfBoundsException'{0x00000007aab42788}> (0x00000007aab42788) 
thrown [s\src\hotspot\share\runtime\sharedRuntime.cpp, line 625]
Event: 175.750 Thread 0x000001c89b0b2dd0 Exception <a 'java/lang/ArrayIndexOutOfBoundsException'{0x00000007aacfccc0}> (0x00000007aacfccc0) 
thrown [s\src\hotspot\share\runtime\sharedRuntime.cpp, line 625]
Event: 175.750 Thread 0x000001c89b0b2dd0 Exception <a 'java/lang/ArrayIndexOutOfBoundsException'{0x00000007aacfd300}> (0x00000007aacfd300) 
thrown [s\src\hotspot\share\runtime\sharedRuntime.cpp, line 625]
Event: 175.750 Thread 0x000001c89b0b2dd0 Exception <a 'java/lang/ArrayIndexOutOfBoundsException'{0x00000007aacfd628}> (0x00000007aacfd628) 
thrown [s\src\hotspot\share\runtime\sharedRuntime.cpp, line 625]
Event: 176.031 Thread 0x000001c89b0b2dd0 Exception <a 'java/lang/ArrayIndexOutOfBoundsException'{0x00000007aab11e78}> (0x00000007aab11e78) 
thrown [s\src\hotspot\share\runtime\sharedRuntime.cpp, line 625]
Event: 176.031 Thread 0x000001c89b0b2dd0 Exception <a 'java/lang/ArrayIndexOutOfBoundsException'{0x00000007aab12770}> (0x00000007aab12770) 
thrown [s\src\hotspot\share\runtime\sharedRuntime.cpp, line 625]
Event: 176.031 Thread 0x000001c89b0b2dd0 Exception <a 'java/lang/ArrayIndexOutOfBoundsException'{0x00000007aab12a98}> (0x00000007aab12a98) 
thrown [s\src\hotspot\share\runtime\sharedRuntime.cpp, line 625]
Event: 176.221 Thread 0x000001c89b0b2dd0 Exception <a 'java/lang/ArrayIndexOutOfBoundsException'{0x00000007aabf2ea8}> (0x00000007aabf2ea8) 
thrown [s\src\hotspot\share\runtime\sharedRuntime.cpp, line 625]
Event: 176.221 Thread 0x000001c89b0b2dd0 Exception <a 'java/lang/ArrayIndexOutOfBoundsException'{0x00000007aabf3750}> (0x00000007aabf3750) 
thrown [s\src\hotspot\share\runtime\sharedRuntime.cpp, line 625]
Event: 176.221 Thread 0x000001c89b0b2dd0 Exception <a 'java/lang/ArrayIndexOutOfBoundsException'{0x00000007aabf3a78}> (0x00000007aabf3a78) 
thrown [s\src\hotspot\share\runtime\sharedRuntime.cpp, line 625]
Event: 176.436 Thread 0x000001c89b0b2dd0 Exception <a 'java/lang/ArrayIndexOutOfBoundsException'{0x00000007aac9ab98}> (0x00000007aac9ab98) 
thrown [s\src\hotspot\share\runtime\sharedRuntime.cpp, line 625]
Event: 176.436 Thread 0x000001c89b0b2dd0 Exception <a 'java/lang/ArrayIndexOutOfBoundsException'{0x00000007aac9b1d8}> (0x00000007aac9b1d8) 
thrown [s\src\hotspot\share\runtime\sharedRuntime.cpp, line 625]
Event: 176.436 Thread 0x000001c89b0b2dd0 Exception <a 'java/lang/ArrayIndexOutOfBoundsException'{0x00000007aac9b500}> (0x00000007aac9b500) 
thrown [s\src\hotspot\share\runtime\sharedRuntime.cpp, line 625]
Event: 176.778 Thread 0x000001c89b0b2dd0 Exception <a 'java/lang/ArrayIndexOutOfBoundsException'{0x00000007aacbc168}> (0x00000007aacbc168) 
thrown [s\src\hotspot\share\runtime\sharedRuntime.cpp, line 625]
Event: 176.778 Thread 0x000001c89b0b2dd0 Exception <a 'java/lang/ArrayIndexOutOfBoundsException'{0x00000007aacbc7a8}> (0x00000007aacbc7a8) 
thrown [s\src\hotspot\share\runtime\sharedRuntime.cpp, line 625]
Event: 176.778 Thread 0x000001c89b0b2dd0 Exception <a 'java/lang/ArrayIndexOutOfBoundsException'{0x00000007aacbcad0}> (0x00000007aacbcad0) 
thrown [s\src\hotspot\share\runtime\sharedRuntime.cpp, line 625]
Event: 202.783 Thread 0x000001c89b0b2740 Exception <a 'java/lang/NoSuchMethodError'{0x00000007aaceb6e8}: 'void java.lang.invoke.DirectMethodHandle$Holder.invokeVirtual(java.lang.Object, java.lang.Object, java.lang.Object, java.lang.Object, java.lang.Object)'> (0x00000007aaceb6e8) 
thrown [s\src\hotspot\share\interpreter\linkResolver.cpp, line 773]

ZGC Phase Switch (0 events):
No events

VM Operations (20 events):
Event: 210.920 Executing safepoint VM operation: ParallelGCFailedAllocation (Allocation Failure)
Event: 210.921 Executing safepoint VM operation: ParallelGCFailedAllocation (Allocation Failure) done
Event: 210.985 Executing safepoint VM operation: ParallelGCFailedAllocation (Allocation Failure)
Event: 210.986 Executing safepoint VM operation: ParallelGCFailedAllocation (Allocation Failure) done
Event: 210.998 Executing safepoint VM operation: ParallelGCFailedAllocation (Allocation Failure)
Event: 210.999 Executing safepoint VM operation: ParallelGCFailedAllocation (Allocation Failure) done
Event: 211.147 Executing safepoint VM operation: ParallelGCFailedAllocation (Allocation Failure)
Event: 211.150 Executing safepoint VM operation: ParallelGCFailedAllocation (Allocation Failure) done
Event: 211.317 Executing safepoint VM operation: ParallelGCFailedAllocation (Allocation Failure)
Event: 211.318 Executing safepoint VM operation: ParallelGCFailedAllocation (Allocation Failure) done
Event: 211.326 Executing safepoint VM operation: ParallelGCFailedAllocation (Allocation Failure)
Event: 211.327 Executing safepoint VM operation: ParallelGCFailedAllocation (Allocation Failure) done
Event: 211.624 Executing safepoint VM operation: ParallelGCFailedAllocation (Allocation Failure)
Event: 211.625 Executing safepoint VM operation: ParallelGCFailedAllocation (Allocation Failure) done
Event: 211.779 Executing safepoint VM operation: ParallelGCFailedAllocation (Allocation Failure)
Event: 211.781 Executing safepoint VM operation: ParallelGCFailedAllocation (Allocation Failure) done
Event: 211.797 Executing safepoint VM operation: ParallelGCFailedAllocation (Allocation Failure)
Event: 211.799 Executing safepoint VM operation: ParallelGCFailedAllocation (Allocation Failure) done
Event: 212.806 Executing safepoint VM operation: Cleanup
Event: 212.806 Executing safepoint VM operation: Cleanup done

Memory protections (0 events):
No events

Nmethod flushes (20 events):
Event: 161.805 Thread 0x000001c8357065b0 flushing  nmethod 0x000001c8398b0210
Event: 161.805 Thread 0x000001c8357065b0 flushing  nmethod 0x000001c8398b1290
Event: 161.805 Thread 0x000001c8357065b0 flushing  nmethod 0x000001c8398b6090
Event: 161.805 Thread 0x000001c8357065b0 flushing  nmethod 0x000001c8398bfe90
Event: 161.805 Thread 0x000001c8357065b0 flushing  nmethod 0x000001c8398c9310
Event: 161.805 Thread 0x000001c8357065b0 flushing  nmethod 0x000001c8398ce190
Event: 161.805 Thread 0x000001c8357065b0 flushing  nmethod 0x000001c8398d3790
Event: 161.805 Thread 0x000001c8357065b0 flushing  nmethod 0x000001c8398de590
Event: 161.805 Thread 0x000001c8357065b0 flushing  nmethod 0x000001c8398e0510
Event: 161.805 Thread 0x000001c8357065b0 flushing  nmethod 0x000001c8398e3910
Event: 161.805 Thread 0x000001c8357065b0 flushing  nmethod 0x000001c8398e3e10
Event: 161.805 Thread 0x000001c8357065b0 flushing  nmethod 0x000001c8398f1490
Event: 161.805 Thread 0x000001c8357065b0 flushing  nmethod 0x000001c8398f4910
Event: 161.805 Thread 0x000001c8357065b0 flushing  nmethod 0x000001c8398ff190
Event: 161.805 Thread 0x000001c8357065b0 flushing  nmethod 0x000001c839910910
Event: 161.805 Thread 0x000001c8357065b0 flushing  nmethod 0x000001c839916b90
Event: 161.805 Thread 0x000001c8357065b0 flushing  nmethod 0x000001c839931d90
Event: 161.805 Thread 0x000001c8357065b0 flushing  nmethod 0x000001c839947790
Event: 161.805 Thread 0x000001c8357065b0 flushing  nmethod 0x000001c839983d10
Event: 161.805 Thread 0x000001c8357065b0 flushing  nmethod 0x000001c839a20d10

Events (20 events):
Event: 163.801 Thread 0x000001c850a5fcb0 Thread added: 0x000001c899e1fc70
Event: 164.011 Thread 0x000001c899e1fc70 Thread exited: 0x000001c899e1fc70
Event: 164.096 Thread 0x000001c89b0b2dd0 Thread added: 0x000001c89bdbf060
Event: 164.096 Thread 0x000001c89bdbf060 Thread exited: 0x000001c89bdbf060
Event: 164.098 Thread 0x000001c89b0b2dd0 Thread added: 0x000001c89bdbe9d0
Event: 164.099 Thread 0x000001c89bdbe9d0 Thread exited: 0x000001c89bdbe9d0
Event: 164.102 Thread 0x000001c89b0b2dd0 Thread added: 0x000001c89bdbf6f0
Event: 164.102 Thread 0x000001c89bdbf6f0 Thread exited: 0x000001c89bdbf6f0
Event: 164.115 Thread 0x000001c89b0b2dd0 Thread added: 0x000001c89bdbe9d0
Event: 164.115 Thread 0x000001c89bdbe9d0 Thread exited: 0x000001c89bdbe9d0
Event: 164.116 Thread 0x000001c89b0b2dd0 Thread added: 0x000001c89bdbe9d0
Event: 164.116 Thread 0x000001c89bdbe9d0 Thread exited: 0x000001c89bdbe9d0
Event: 164.119 Thread 0x000001c89b0b2dd0 Thread added: 0x000001c89bdbe9d0
Event: 164.119 Thread 0x000001c89bdbe9d0 Thread exited: 0x000001c89bdbe9d0
Event: 164.139 Thread 0x000001c850a65150 Thread added: 0x000001c899e22c20
Event: 166.277 Thread 0x000001c899e22c20 Thread exited: 0x000001c899e22c20
Event: 171.492 Thread 0x000001c850a65150 Thread added: 0x000001c899e1fc70
Event: 172.178 Thread 0x000001c899e1fc70 Thread exited: 0x000001c899e1fc70
Event: 209.255 Thread 0x000001c850a65150 Thread added: 0x000001c899e1fc70
Event: 209.669 Thread 0x000001c899e1fc70 Thread exited: 0x000001c899e1fc70


Dynamic libraries:
0x00007ff721c70000 - 0x00007ff721c7e000 	c:\Users\admin\.vscode\extensions\redhat.java-1.56.0-win32-x64\jre\21.0.12.1-win32-x86_64\bin\java.exe
0x00007ffd0baa0000 - 0x00007ffd0bd07000 	C:\WINDOWS\SYSTEM32\ntdll.dll
0x00007ffd0ae80000 - 0x00007ffd0af49000 	C:\WINDOWS\System32\KERNEL32.DLL
0x00007ffd08370000 - 0x00007ffd08764000 	C:\WINDOWS\System32\KERNELBASE.dll
0x00007ffd05250000 - 0x00007ffd052ef000 	C:\WINDOWS\SYSTEM32\apphelp.dll
0x00007ffd09580000 - 0x00007ffd096cb000 	C:\WINDOWS\System32\ucrtbase.dll
0x00007ffceda80000 - 0x00007ffceda98000 	c:\Users\admin\.vscode\extensions\redhat.java-1.56.0-win32-x64\jre\21.0.12.1-win32-x86_64\bin\jli.dll
0x00007ffced870000 - 0x00007ffced88e000 	c:\Users\admin\.vscode\extensions\redhat.java-1.56.0-win32-x64\jre\21.0.12.1-win32-x86_64\bin\VCRUNTIME140.dll
0x00007ffd0af50000 - 0x00007ffd0b115000 	C:\WINDOWS\System32\USER32.dll
0x00007ffd09800000 - 0x00007ffd09827000 	C:\WINDOWS\System32\win32u.dll
0x00007ffceab60000 - 0x00007ffceadf3000 	C:\WINDOWS\WinSxS\amd64_microsoft.windows.common-controls_6595b64144ccf1df_6.0.26100.8115_none_3e075c82e3354f9c\COMCTL32.dll
0x00007ffd0b6a0000 - 0x00007ffd0b6cb000 	C:\WINDOWS\System32\GDI32.dll
0x00007ffd0a270000 - 0x00007ffd0a319000 	C:\WINDOWS\System32\msvcrt.dll
0x00007ffd096d0000 - 0x00007ffd097fa000 	C:\WINDOWS\System32\gdi32full.dll
0x00007ffd08770000 - 0x00007ffd08813000 	C:\WINDOWS\System32\msvcp_win.dll
0x00007ffd0b3d0000 - 0x00007ffd0b402000 	C:\WINDOWS\System32\IMM32.DLL
0x00007ffcf99e0000 - 0x00007ffcf99ec000 	c:\Users\admin\.vscode\extensions\redhat.java-1.56.0-win32-x64\jre\21.0.12.1-win32-x86_64\bin\vcruntime140_1.dll
0x00007ffcd4450000 - 0x00007ffcd44dd000 	c:\Users\admin\.vscode\extensions\redhat.java-1.56.0-win32-x64\jre\21.0.12.1-win32-x86_64\bin\msvcp140.dll
0x00007ffc504b0000 - 0x00007ffc51252000 	c:\Users\admin\.vscode\extensions\redhat.java-1.56.0-win32-x64\jre\21.0.12.1-win32-x86_64\bin\server\jvm.dll
0x00007ffd0b270000 - 0x00007ffd0b326000 	C:\WINDOWS\System32\ADVAPI32.dll
0x00007ffd0b1c0000 - 0x00007ffd0b267000 	C:\WINDOWS\System32\sechost.dll
0x00007ffd0a320000 - 0x00007ffd0a438000 	C:\WINDOWS\System32\RPCRT4.dll
0x00007ffd0adf0000 - 0x00007ffd0ae70000 	C:\WINDOWS\System32\WS2_32.dll
0x00007ffd081d0000 - 0x00007ffd0822e000 	C:\WINDOWS\SYSTEM32\POWRPROF.dll
0x00007ffd05ff0000 - 0x00007ffd05ffb000 	C:\WINDOWS\SYSTEM32\VERSION.dll
0x00007ffceea70000 - 0x00007ffceeaa6000 	C:\WINDOWS\SYSTEM32\WINMM.dll
0x00007ffd081b0000 - 0x00007ffd081c4000 	C:\WINDOWS\SYSTEM32\UMPDC.dll
0x00007ffd070c0000 - 0x00007ffd070db000 	C:\WINDOWS\SYSTEM32\kernel.appcore.dll
0x00007ffcf2040000 - 0x00007ffcf204a000 	c:\Users\admin\.vscode\extensions\redhat.java-1.56.0-win32-x64\jre\21.0.12.1-win32-x86_64\bin\jimage.dll
0x00007ffd05d50000 - 0x00007ffd05f92000 	C:\WINDOWS\SYSTEM32\DBGHELP.DLL
0x00007ffd0b6d0000 - 0x00007ffd0ba52000 	C:\WINDOWS\System32\combase.dll
0x00007ffd0b410000 - 0x00007ffd0b4e7000 	C:\WINDOWS\System32\OLEAUT32.dll
0x00007ffcf0280000 - 0x00007ffcf02bb000 	C:\WINDOWS\SYSTEM32\dbgcore.DLL
0x00007ffd08c60000 - 0x00007ffd08d05000 	C:\WINDOWS\System32\bcryptPrimitives.dll
0x00007ffd051d0000 - 0x00007ffd051df000 	c:\Users\admin\.vscode\extensions\redhat.java-1.56.0-win32-x64\jre\21.0.12.1-win32-x86_64\bin\instrument.dll
0x00007ffce9b80000 - 0x00007ffce9ba0000 	c:\Users\admin\.vscode\extensions\redhat.java-1.56.0-win32-x64\jre\21.0.12.1-win32-x86_64\bin\java.dll
0x00007ffd0a520000 - 0x00007ffd0ac86000 	C:\WINDOWS\System32\SHELL32.dll
0x00007ffd08af0000 - 0x00007ffd08c5a000 	C:\WINDOWS\System32\wintypes.dll
0x00007ffd08d10000 - 0x00007ffd09575000 	C:\WINDOWS\System32\windows.storage.dll
0x00007ffd09930000 - 0x00007ffd09a27000 	C:\WINDOWS\System32\SHCORE.dll
0x00007ffd0a130000 - 0x00007ffd0a196000 	C:\WINDOWS\System32\shlwapi.dll
0x00007ffd08290000 - 0x00007ffd082b9000 	C:\WINDOWS\SYSTEM32\profapi.dll
0x00007ffce3760000 - 0x00007ffce3778000 	c:\Users\admin\.vscode\extensions\redhat.java-1.56.0-win32-x64\jre\21.0.12.1-win32-x86_64\bin\zip.dll
0x00007ffcf9fc0000 - 0x00007ffcf9fd0000 	C:\Users\admin\.vscode\extensions\redhat.java-1.56.0-win32-x64\jre\21.0.12.1-win32-x86_64\bin\net.dll
0x00007ffd01d50000 - 0x00007ffd01e7d000 	C:\WINDOWS\SYSTEM32\WINHTTP.dll
0x00007ffd07610000 - 0x00007ffd0767c000 	C:\WINDOWS\system32\mswsock.dll
0x00007ffcef380000 - 0x00007ffcef396000 	C:\Users\admin\.vscode\extensions\redhat.java-1.56.0-win32-x64\jre\21.0.12.1-win32-x86_64\bin\nio.dll
0x00007ffcf0790000 - 0x00007ffcf07a0000 	c:\Users\admin\.vscode\extensions\redhat.java-1.56.0-win32-x64\jre\21.0.12.1-win32-x86_64\bin\verify.dll
0x00007ffcef1a0000 - 0x00007ffcef1e5000 	C:\Users\admin\AppData\Roaming\Code\User\globalStorage\redhat.java\1.56.0\config_win\org.eclipse.equinox.launcher\org.eclipse.equinox.launcher.win32.win32.x86_64_1.3.100.v20260804-1928\eclipse_11924.dll
0x00007ffd0b500000 - 0x00007ffd0b697000 	C:\WINDOWS\System32\ole32.dll
0x00007ffd07a10000 - 0x00007ffd07a2b000 	C:\WINDOWS\SYSTEM32\CRYPTSP.dll
0x00007ffd07020000 - 0x00007ffd07059000 	C:\WINDOWS\system32\rsaenh.dll
0x00007ffd076c0000 - 0x00007ffd076f3000 	C:\WINDOWS\SYSTEM32\USERENV.dll
0x00007ffd08260000 - 0x00007ffd0828a000 	C:\WINDOWS\SYSTEM32\bcrypt.dll
0x00007ffd07870000 - 0x00007ffd0787c000 	C:\WINDOWS\SYSTEM32\CRYPTBASE.dll
0x00007ffd06bf0000 - 0x00007ffd06c22000 	C:\WINDOWS\SYSTEM32\IPHLPAPI.DLL
0x00007ffd0b4f0000 - 0x00007ffd0b4fa000 	C:\WINDOWS\System32\NSI.dll
0x00007ffcdad40000 - 0x00007ffcdad89000 	C:\Users\admin\AppData\Local\Temp\jna-92668751\jna5009740117622519509.dll
0x00007ffd0a260000 - 0x00007ffd0a268000 	C:\WINDOWS\System32\PSAPI.DLL
0x00007ffd01eb0000 - 0x00007ffd01ecd000 	C:\WINDOWS\SYSTEM32\dhcpcsvc6.DLL
0x00007ffd01e80000 - 0x00007ffd01ea5000 	C:\WINDOWS\SYSTEM32\dhcpcsvc.DLL

JVMTI agents:
c:\Users\admin\.vscode\extensions\redhat.java-1.56.0-win32-x64\lombok\lombok-1.18.39-4050.jar path:c:\Users\admin\.vscode\extensions\redhat.java-1.56.0-win32-x64\jre\21.0.12.1-win32-x86_64\bin\instrument.dll, loaded, initialized, instrumentlib options:none

dbghelp: loaded successfully - version: 4.0.5 - missing functions: none
symbol engine: initialized successfully - sym options: 0x614 - pdb path: .;c:\Users\admin\.vscode\extensions\redhat.java-1.56.0-win32-x64\jre\21.0.12.1-win32-x86_64\bin;C:\WINDOWS\SYSTEM32;C:\WINDOWS\WinSxS\amd64_microsoft.windows.common-controls_6595b64144ccf1df_6.0.26100.8115_none_3e075c82e3354f9c;c:\Users\admin\.vscode\extensions\redhat.java-1.56.0-win32-x64\jre\21.0.12.1-win32-x86_64\bin\server;C:\Users\admin\AppData\Roaming\Code\User\globalStorage\redhat.java\1.56.0\config_win\org.eclipse.equinox.launcher\org.eclipse.equinox.launcher.win32.win32.x86_64_1.3.100.v20260804-1928;C:\Users\admin\AppData\Local\Temp\jna-92668751

VM Arguments:
jvm_args: --add-modules=ALL-SYSTEM --add-opens=java.base/java.util=ALL-UNNAMED --add-opens=java.base/java.lang=ALL-UNNAMED --add-opens=java.base/sun.nio.fs=ALL-UNNAMED -Declipse.application=org.eclipse.jdt.ls.core.id1 -Dosgi.bundles.defaultStartLevel=4 -Declipse.product=org.eclipse.jdt.ls.core.product -Djava.import.generatesMetadataFilesAtProjectRoot=false -Dm2e.project.cache.size=50 -DDetectVMInstallationsJob.disabled=true -Dfile.encoding=utf8 -XX:+UseParallelGC -XX:GCTimeRatio=4 -XX:AdaptiveSizePolicyWeight=90 -Dsun.zip.disableMemoryMapping=true -Xmx4G -Xms100m -Xlog:disable -javaagent:c:\Users\admin\.vscode\extensions\redhat.java-1.56.0-win32-x64\lombok\lombok-1.18.39-4050.jar -XX:+HeapDumpOnOutOfMemoryError -XX:HeapDumpPath=c:\Users\admin\AppData\Roaming\Code\User\workspaceStorage\8d4d080e920730285268a385d66d5bf5\redhat.java -Daether.dependencyCollector.impl=bf 
java_command: c:\Users\admin\.vscode\extensions\redhat.java-1.56.0-win32-x64\server\plugins\org.eclipse.equinox.launcher_1.8.0.v20260804-1928.jar -configuration c:\Users\admin\AppData\Roaming\Code\User\globalStorage\redhat.java\1.56.0\config_win -data c:\Users\admin\AppData\Roaming\Code\User\workspaceStorage\8d4d080e920730285268a385d66d5bf5\redhat.java\jdt_ws --pipe=\\.\pipe\lsp-41d66477675df659711098b3399d6797-sock
java_class_path (initial): c:\Users\admin\.vscode\extensions\redhat.java-1.56.0-win32-x64\server\plugins\org.eclipse.equinox.launcher_1.8.0.v20260804-1928.jar
Launcher Type: SUN_STANDARD

[Global flags]
    uintx AdaptiveSizePolicyWeight                 = 90                                        {product} {command line}
     intx CICompilerCount                          = 4                                         {product} {ergonomic}
    uintx GCTimeRatio                              = 4                                         {product} {command line}
     bool HeapDumpOnOutOfMemoryError               = true                                   {manageable} {command line}
    ccstr HeapDumpPath                             = c:\Users\admin\AppData\Roaming\Code\User\workspaceStorage\8d4d080e920730285268a385d66d5bf5\redhat.java         {manageable} {command line}
   size_t InitialHeapSize                          = 104857600                                 {product} {command line}
   size_t MaxHeapSize                              = 4294967296                                {product} {command line}
   size_t MaxNewSize                               = 1431306240                                {product} {ergonomic}
   size_t MinHeapDeltaBytes                        = 524288                                    {product} {ergonomic}
   size_t MinHeapSize                              = 104857600                                 {product} {command line}
   size_t NewSize                                  = 34603008                                  {product} {ergonomic}
    uintx NonNMethodCodeHeapSize                   = 5839372                                {pd product} {ergonomic}
    uintx NonProfiledCodeHeapSize                  = 122909434                              {pd product} {ergonomic}
   size_t OldSize                                  = 70254592                                  {product} {ergonomic}
    uintx ProfiledCodeHeapSize                     = 122909434                              {pd product} {ergonomic}
    uintx ReservedCodeCacheSize                    = 251658240                              {pd product} {ergonomic}
     bool SegmentedCodeCache                       = true                                      {product} {ergonomic}
   size_t SoftMaxHeapSize                          = 4294967296                             {manageable} {ergonomic}
     bool UseCompressedOops                        = true                           {product lp64_product} {ergonomic}
     bool UseLargePagesIndividualAllocation        = false                                  {pd product} {ergonomic}
     bool UseParallelGC                            = true                                      {product} {command line}

Logging:
Log output configuration:
 #0: stdout all=off uptime,level,tags foldmultilines=false
 #1: stderr all=off uptime,level,tags foldmultilines=false

Release file:
JAVA_VERSION="21.0.12.1" 
MODULES="java.base java.compiler java.datatransfer java.xml java.prefs java.desktop java.instrument java.logging java.management java.security.sasl java.naming java.rmi java.management.rmi java.net.http java.scripting java.security.jgss java.transaction.xa java.sql java.sql.rowset java.xml.crypto java.se java.smartcardio jdk.accessibility jdk.internal.jvmstat jdk.attach jdk.charsets jdk.internal.opt jdk.zipfs jdk.compiler jdk.crypto.ec jdk.crypto.cryptoki jdk.crypto.mscapi jdk.dynalink jdk.internal.ed jdk.editpad jdk.hotspot.agent jdk.httpserver jdk.internal.le jdk.internal.vm.ci jdk.internal.vm.compiler jdk.internal.vm.compiler.management jdk.jartool jdk.javadoc jdk.jcmd jdk.management jdk.management.agent jdk.jconsole jdk.jdeps jdk.jdwp.agent jdk.jdi jdk.jfr jdk.jshell jdk.jsobject jdk.jstatd jdk.localedata jdk.management.jfr jdk.naming.dns jdk.naming.rmi jdk.net jdk.nio.mapmode jdk.random jdk.sctp jdk.security.auth jdk.security.jgss jdk.unsupported jdk.unsupported.desktop jdk.xml.dom" 

Environment Variables:
PATH=C:\app\admin\product\21c\dbhomeXE\bin;C:\Program Files\Eclipse Adoptium\jdk-17.0.16.8-hotspot\bin;C:\WINDOWS\system32;C:\WINDOWS;C:\WINDOWS\System32\Wbem;C:\WINDOWS\System32\WindowsPowerShell\v1.0\;C:\WINDOWS\System32\OpenSSH\;C:\Program Files\Git\cmd;C:\Program Files\nodejs\;C:\Program Files\Docker\Docker\resources\bin;C:\Program Files\PostgreSQL\18\bin;C:\Users\admin\AppData\Local\Programs\Python\Python313\Scripts\;C:\Users\admin\AppData\Local\Programs\Python\Python313\;C:\Users\admin\AppData\Local\Programs\Python\Python314\;C:\Users\admin\AppData\Local\Programs\Python\Python314\Scripts\;C:\Program Files\MySQL\MySQL Shell 8.0\bin\;C:\Users\admin\AppData\Local\Programs\Python\Launcher\;C:\Users\admin\AppData\Local\Microsoft\WindowsApps;C:\Users\admin\AppData\Local\Programs\Microsoft VS Code\bin;C:\msys64\ucrt64\bin;C:\Program Files\JetBrains\IntelliJ IDEA 2025.2.1\bin;C:\Users\admin\AppData\Local\Programs\Antigravity\bin;C:\Users\admin\AppData\Roaming\npm;C:\Program Files (x86)\GnuWin32\bin;C:\Program Files (x86)\GnuWin32\bin;C:\msys64\usr\bin;C:\msys64\mingw64\bin;C:\flutterFeature\flutter\bin;C:\Users\admin\AppData\Local\Android\Sdk\platform-tools;C:\Users\admin\AppData\Local\Android\Sdk\build-tools\37.0.0;
USERNAME=admin
OS=Windows_NT
PROCESSOR_IDENTIFIER=Intel64 Family 6 Model 142 Stepping 12, GenuineIntel
TMP=C:\Users\admin\AppData\Local\Temp
TEMP=C:\Users\admin\AppData\Local\Temp




Periodic native trim disabled

---------------  S Y S T E M  ---------------

OS:
 Windows 11 , 64 bit Build 26100 (10.0.26100.8115)
OS uptime: 1 days 0:53 hours
Hyper-V role detected

CPU: total 8 (initial active 8) (4 cores per cpu, 2 threads per core) family 6 model 142 stepping 12 microcode 0x100, cx8, cmov, fxsr, ht, mmx, 3dnowpref, sse, sse2, sse3, ssse3, sse4.1, sse4.2, popcnt, lzcnt, tsc, tscinvbit, avx, avx2, aes, erms, clmul, bmi1, bmi2, adx, fma, vzeroupper, clflush, clflushopt, hv, rdtscp, f16c
Processor Information for the first 8 processors :
  Max Mhz: 2304, Current Mhz: 1803, Mhz Limit: 1797

Memory: 4k page, system-wide physical 16157M (5793M free)
TotalPageFile size 65309M (AvailPageFile size 7M)
current process WorkingSet (physical memory assigned to process): 547M, peak: 552M
current process commit charge ("private bytes"): 670M, peak: 678M

vm_info: OpenJDK 64-Bit Server VM (21.0.12.1+1-LTS) for windows-amd64 JRE (21.0.12.1+1-LTS), built on 2026-08-18T00:00:00Z by "admin" with MS VC++ 17.12 (VS2022)

END.
