#
# There is insufficient memory for the Java Runtime Environment to continue.
# Native memory allocation (malloc) failed to allocate 1183376 bytes. Error detail: Chunk::new
# Possible reasons:
#   The system is out of physical RAM or swap space
#   This process is running with CompressedOops enabled, and the Java Heap may be blocking the growth of the native heap
# Possible solutions:
#   Reduce memory load on the system
#   Increase physical memory or swap space
#   Check if swap backing store is full
#   Decrease Java heap size (-Xmx/-Xms)
#   Decrease number of Java threads
#   Decrease Java thread stack sizes (-Xss)
#   Set larger code cache with -XX:ReservedCodeCacheSize=
#   JVM is running with Zero Based Compressed Oops mode in which the Java heap is
#     placed in the first 32GB address space. The Java Heap base address is the
#     maximum limit for the native heap growth. Please use -XX:HeapBaseMinAddress
#     to set the Java Heap base and to place the Java Heap above 32GB virtual address.
# This output file may be truncated or incomplete.
#
#  Out of Memory Error (arena.cpp:168), pid=29388, tid=14908
#
# JRE version: OpenJDK Runtime Environment Temurin-21.0.12.1+1 (21.0.12.1+1) (build 21.0.12.1+1-LTS)
# Java VM: OpenJDK 64-Bit Server VM Temurin-21.0.12.1+1 (21.0.12.1+1-LTS, mixed mode, sharing, tiered, compressed oops, compressed class ptrs, parallel gc, windows-amd64)
# No core dump will be written. Minidumps are not enabled by default on client versions of Windows
#

---------------  S U M M A R Y ------------

Command Line: --add-modules=ALL-SYSTEM --add-opens=java.base/java.util=ALL-UNNAMED --add-opens=java.base/java.lang=ALL-UNNAMED --add-opens=java.base/sun.nio.fs=ALL-UNNAMED -Declipse.application=org.eclipse.jdt.ls.core.id1 -Dosgi.bundles.defaultStartLevel=4 -Declipse.product=org.eclipse.jdt.ls.core.product -Djava.import.generatesMetadataFilesAtProjectRoot=false -Dm2e.project.cache.size=50 -DDetectVMInstallationsJob.disabled=true -Dfile.encoding=utf8 -XX:+UseParallelGC -XX:GCTimeRatio=4 -XX:AdaptiveSizePolicyWeight=90 -Dsun.zip.disableMemoryMapping=true -Xmx4G -Xms100m -Xlog:disable -javaagent:c:\Users\admin\.vscode\extensions\redhat.java-1.56.0-win32-x64\lombok\lombok-1.18.39-4050.jar -XX:+HeapDumpOnOutOfMemoryError -XX:HeapDumpPath=c:\Users\admin\AppData\Roaming\Code\User\workspaceStorage\8d4d080e920730285268a385d66d5bf5\redhat.java -Daether.dependencyCollector.impl=bf c:\Users\admin\.vscode\extensions\redhat.java-1.56.0-win32-x64\server\plugins\org.eclipse.equinox.launcher_1.8.0.v20260804-1928.jar -configuration c:\Users\admin\AppData\Roaming\Code\User\globalStorage\redhat.java\1.56.0\config_win -data c:\Users\admin\AppData\Roaming\Code\User\workspaceStorage\8d4d080e920730285268a385d66d5bf5\redhat.java\jdt_ws --pipe=\\.\pipe\lsp-4dcc821c809fa3a904108d2c6889060a-sock

Host: Intel(R) Core(TM) i7-10510U CPU @ 1.80GHz, 8 cores, 15G,  Windows 11 , 64 bit Build 26100 (10.0.26100.8115)
Time: Fri Sep 25 10:17:38 2026 elapsed time: 14.013963 seconds (0d 0h 0m 14s)

---------------  T H R E A D  ---------------

Current thread (0x0000012f809e3ab0):  JavaThread "C2 CompilerThread0" daemon [_thread_in_native, id=14908, stack(0x00000005c8100000,0x00000005c8200000) (1024K)]


Current CompileTask:
C2:14014 4687   !   4       org.eclipse.osgi.internal.loader.classpath.ClasspathManager::findLocalClass (210 bytes)

Stack: [0x00000005c8100000,0x00000005c8200000]
Native frames: (J=compiled Java code, j=interpreted, Vv=VM code, C=native code)
V  [jvm.dll+0x6d83e9]
V  [jvm.dll+0x8b5736]
V  [jvm.dll+0x8b7cee]
V  [jvm.dll+0x8b83d3]
V  [jvm.dll+0x284596]
V  [jvm.dll+0xc685d]
V  [jvm.dll+0xc6da1]
V  [jvm.dll+0x3bf151]
V  [jvm.dll+0x38b6d2]
V  [jvm.dll+0x38ab1a]
V  [jvm.dll+0x24c700]
V  [jvm.dll+0x24bce0]
V  [jvm.dll+0x1cb4ae]
V  [jvm.dll+0x25baad]
V  [jvm.dll+0x25a03a]
V  [jvm.dll+0x3f8aae]
V  [jvm.dll+0x8600cd]
V  [jvm.dll+0x6d6c1d]
C  [ucrtbase.dll+0x37b0]
C  [KERNEL32.DLL+0x2e8d7]
C  [ntdll.dll+0x8c3fc]


---------------  P R O C E S S  ---------------

Threads class SMR info:
_java_thread_list=0x0000012fc969bef0, length=37, elements={
0x0000012fe52037e0, 0x0000012f809c83a0, 0x0000012f809ce0a0, 0x0000012f809d70d0,
0x0000012f809d5d20, 0x0000012f809d7760, 0x0000012f809d8480, 0x0000012f809e3ab0,
0x0000012fc3470090, 0x0000012f809d6a40, 0x0000012f809d63b0, 0x0000012f809d7df0,
0x0000012f809d5000, 0x0000012f809d5690, 0x0000012fc8bb6370, 0x0000012fc8bb6a00,
0x0000012fc8bb4fc0, 0x0000012fc8bb7720, 0x0000012fc8bb7090, 0x0000012fc8bb8440,
0x0000012fc8bb8ad0, 0x0000012fc8bb5650, 0x0000012fc85bf510, 0x0000012fc8ad1780,
0x0000012fc8bbc5e0, 0x0000012fc8bb9160, 0x0000012fc8bbb8c0, 0x0000012fc8bb97f0,
0x0000012fc8bb9e80, 0x0000012fc8bbaba0, 0x0000012fc8bba510, 0x0000012fc8bbb230,
0x0000012fc8bbbf50, 0x0000012fc96b7b10, 0x0000012fc96b8ec0, 0x0000012fc96b60d0,
0x0000012fc96b5a40
}

Java Threads: ( => current thread )
  0x0000012fe52037e0 JavaThread "main"                              [_thread_in_vm, id=32504, stack(0x00000005c7700000,0x00000005c7800000) (1024K)]
  0x0000012f809c83a0 JavaThread "Reference Handler"          daemon [_thread_blocked, id=26388, stack(0x00000005c7b00000,0x00000005c7c00000) (1024K)]
  0x0000012f809ce0a0 JavaThread "Finalizer"                  daemon [_thread_blocked, id=11812, stack(0x00000005c7c00000,0x00000005c7d00000) (1024K)]
  0x0000012f809d70d0 JavaThread "Signal Dispatcher"          daemon [_thread_blocked, id=28552, stack(0x00000005c7d00000,0x00000005c7e00000) (1024K)]
  0x0000012f809d5d20 JavaThread "Attach Listener"            daemon [_thread_blocked, id=27004, stack(0x00000005c7e00000,0x00000005c7f00000) (1024K)]
  0x0000012f809d7760 JavaThread "Service Thread"             daemon [_thread_blocked, id=13848, stack(0x00000005c7f00000,0x00000005c8000000) (1024K)]
  0x0000012f809d8480 JavaThread "Monitor Deflation Thread"   daemon [_thread_blocked, id=31960, stack(0x00000005c8000000,0x00000005c8100000) (1024K)]
=>0x0000012f809e3ab0 JavaThread "C2 CompilerThread0"         daemon [_thread_in_native, id=14908, stack(0x00000005c8100000,0x00000005c8200000) (1024K)]
  0x0000012fc3470090 JavaThread "C1 CompilerThread0"         daemon [_thread_in_native, id=24168, stack(0x00000005c8200000,0x00000005c8300000) (1024K)]
  0x0000012f809d6a40 JavaThread "Common-Cleaner"             daemon [_thread_blocked, id=4916, stack(0x00000005c8400000,0x00000005c8500000) (1024K)]
  0x0000012f809d63b0 JavaThread "Notification Thread"        daemon [_thread_blocked, id=816, stack(0x00000005c8500000,0x00000005c8600000) (1024K)]
  0x0000012f809d7df0 JavaThread "Active Thread: Equinox Container: c27b4013-1c4d-4794-beef-d456755489f6"        [_thread_blocked, id=2144, stack(0x00000005c8d00000,0x00000005c8e00000) (1024K)]
  0x0000012f809d5000 JavaThread "Refresh Thread: Equinox Container: c27b4013-1c4d-4794-beef-d456755489f6" daemon [_thread_blocked, id=32136, stack(0x00000005c8f00000,0x00000005c9000000) (1024K)]
  0x0000012f809d5690 JavaThread "Framework Event Dispatcher: Equinox Container: c27b4013-1c4d-4794-beef-d456755489f6" daemon [_thread_blocked, id=25200, stack(0x00000005c9000000,0x00000005c9100000) (1024K)]
  0x0000012fc8bb6370 JavaThread "Start Level: Equinox Container: c27b4013-1c4d-4794-beef-d456755489f6" daemon [_thread_blocked, id=15296, stack(0x00000005c9100000,0x00000005c9200000) (1024K)]
  0x0000012fc8bb6a00 JavaThread "Bundle File Closer"         daemon [_thread_blocked, id=21872, stack(0x00000005c9200000,0x00000005c9300000) (1024K)]
  0x0000012fc8bb4fc0 JavaThread "SCR Component Actor"        daemon [_thread_blocked, id=14484, stack(0x00000005c8300000,0x00000005c8400000) (1024K)]
  0x0000012fc8bb7720 JavaThread "Worker-JM"                         [_thread_blocked, id=15284, stack(0x00000005c9300000,0x00000005c9400000) (1024K)]
  0x0000012fc8bb7090 JavaThread "JNA Cleaner"                daemon [_thread_blocked, id=31236, stack(0x00000005c8600000,0x00000005c8700000) (1024K)]
  0x0000012fc8bb8440 JavaThread "Worker-0: Initialize After Load"        [_thread_in_Java, id=15488, stack(0x00000005c9400000,0x00000005c9500000) (1024K)]
  0x0000012fc8bb8ad0 JavaThread "Worker-1"                          [_thread_blocked, id=26380, stack(0x00000005c9500000,0x00000005c9600000) (1024K)]
  0x0000012fc8bb5650 JavaThread "Worker-2: Repository registry initialization"        [_thread_in_native, id=21752, stack(0x00000005c9700000,0x00000005c9800000) (1024K)]
  0x0000012fc85bf510 JavaThread "C2 CompilerThread1"         daemon [_thread_in_native, id=26460, stack(0x00000005c9600000,0x00000005c9700000) (1024K)]
  0x0000012fc8ad1780 JavaThread "C2 CompilerThread2"         daemon [_thread_in_native, id=15052, stack(0x00000005c9800000,0x00000005c9900000) (1024K)]
  0x0000012fc8bbc5e0 JavaThread "Java indexing"              daemon [_thread_blocked, id=16200, stack(0x00000005c9900000,0x00000005c9a00000) (1024K)]
  0x0000012fc8bb9160 JavaThread "Worker-3"                          [_thread_blocked, id=10188, stack(0x00000005c9d00000,0x00000005c9e00000) (1024K)]
  0x0000012fc8bbb8c0 JavaThread "Worker-4"                          [_thread_blocked, id=29400, stack(0x00000005c9e00000,0x00000005c9f00000) (1024K)]
  0x0000012fc8bb97f0 JavaThread "Thread-1"                   daemon [_thread_in_native, id=14704, stack(0x00000005c9f00000,0x00000005ca000000) (1024K)]
  0x0000012fc8bb9e80 JavaThread "Thread-2"                   daemon [_thread_in_native, id=32372, stack(0x00000005ca000000,0x00000005ca100000) (1024K)]
  0x0000012fc8bbaba0 JavaThread "Thread-3"                   daemon [_thread_in_native, id=27232, stack(0x00000005ca100000,0x00000005ca200000) (1024K)]
  0x0000012fc8bba510 JavaThread "Thread-4"                   daemon [_thread_in_native, id=30444, stack(0x00000005ca200000,0x00000005ca300000) (1024K)]
  0x0000012fc8bbb230 JavaThread "Thread-5"                   daemon [_thread_in_native, id=28724, stack(0x00000005ca300000,0x00000005ca400000) (1024K)]
  0x0000012fc8bbbf50 JavaThread "Thread-6"                   daemon [_thread_in_native, id=31864, stack(0x00000005ca400000,0x00000005ca500000) (1024K)]
  0x0000012fc96b7b10 JavaThread "Thread-7"                   daemon [_thread_in_native, id=14848, stack(0x00000005ca500000,0x00000005ca600000) (1024K)]
  0x0000012fc96b8ec0 JavaThread "Thread-8"                   daemon [_thread_in_native, id=28248, stack(0x00000005ca600000,0x00000005ca700000) (1024K)]
  0x0000012fc96b60d0 JavaThread "Thread-9"                   daemon [_thread_in_native, id=2712, stack(0x00000005ca700000,0x00000005ca800000) (1024K)]
  0x0000012fc96b5a40 JavaThread "pool-2-thread-1"                   [_thread_blocked, id=26996, stack(0x00000005ca800000,0x00000005ca900000) (1024K)]
Total: 37

Other Threads:
  0x0000012f809c3620 VMThread "VM Thread"                           [id=22652, stack(0x00000005c7a00000,0x00000005c7b00000) (1024K)]
  0x0000012f808dca00 WatcherThread "VM Periodic Task Thread"        [id=21828, stack(0x00000005c7900000,0x00000005c7a00000) (1024K)]
  0x0000012fe5214950 WorkerThread "GC Thread#0"                     [id=28524, stack(0x00000005c7800000,0x00000005c7900000) (1024K)]
  0x0000012fc862fde0 WorkerThread "GC Thread#1"                     [id=17724, stack(0x00000005c8700000,0x00000005c8800000) (1024K)]
  0x0000012fc848b9c0 WorkerThread "GC Thread#2"                     [id=12476, stack(0x00000005c8800000,0x00000005c8900000) (1024K)]
  0x0000012fc848bd70 WorkerThread "GC Thread#3"                     [id=22396, stack(0x00000005c8900000,0x00000005c8a00000) (1024K)]
  0x0000012fc848c120 WorkerThread "GC Thread#4"                     [id=11816, stack(0x00000005c8a00000,0x00000005c8b00000) (1024K)]
  0x0000012fc848c4d0 WorkerThread "GC Thread#5"                     [id=27264, stack(0x00000005c8b00000,0x00000005c8c00000) (1024K)]
  0x0000012fc848c880 WorkerThread "GC Thread#6"                     [id=14788, stack(0x00000005c8c00000,0x00000005c8d00000) (1024K)]
  0x0000012fc848b610 WorkerThread "GC Thread#7"                     [id=31140, stack(0x00000005c8e00000,0x00000005c8f00000) (1024K)]
Total: 10

Threads with active compile tasks:
C2 CompilerThread0  19199 4687   !   4       org.eclipse.osgi.internal.loader.classpath.ClasspathManager::findLocalClass (210 bytes)
C2 CompilerThread1  19199 4666       4       org.eclipse.osgi.internal.loader.ModuleClassLoader::toString (80 bytes)
C2 CompilerThread2  19200 4409   !   4       org.eclipse.osgi.internal.loader.classpath.ClasspathManager::findClassImpl (328 bytes)
Total: 3

VM state: not at safepoint (normal execution)

VM Mutex/Monitor currently owned by a thread: None

Heap address: 0x0000000700000000, size: 4096 MB, Compressed Oops mode: Zero based, Oop shift amount: 3

CDS archive(s) mapped at: [0x0000012f81000000-0x0000012f81ba0000-0x0000012f81ba0000), size 12189696, SharedBaseAddress: 0x0000012f81000000, ArchiveRelocationMode: 1.
Compressed class space mapped at: 0x0000012f82000000-0x0000012fc2000000, reserved size: 1073741824
Narrow klass base: 0x0000012f81000000, Narrow klass shift: 0, Narrow klass range: 0x100000000

GC Precious Log:
 CardTable entry size: 512
 CPUs: 8 total, 8 available
 Memory: 16157M
 Large Page Support: Disabled
 NUMA Support: Disabled
 Compressed Oops: Enabled (Zero based)
 Alignments: Space 512K, Generation 512K, Heap 2M
 Heap Min Capacity: 100M
 Heap Initial Capacity: 100M
 Heap Max Capacity: 4G
 Pre-touch: Disabled
 Parallel Workers: 8

Heap:
 PSYoungGen      total 23040K, used 13183K [0x00000007aab00000, 0x00000007ac680000, 0x0000000800000000)
  eden space 22016K, 55% used [0x00000007aab00000,0x00000007ab6e3fc8,0x00000007ac080000)
  from space 1024K, 98% used [0x00000007ac500000,0x00000007ac5fc010,0x00000007ac600000)
  to   space 3072K, 0% used [0x00000007ac080000,0x00000007ac080000,0x00000007ac380000)
 ParOldGen       total 68608K, used 20501K [0x0000000700000000, 0x0000000704300000, 0x00000007aab00000)
  object space 68608K, 29% used [0x0000000700000000,0x00000007014056d0,0x0000000704300000)
 Metaspace       used 37579K, committed 38848K, reserved 1114112K
  class space    used 3977K, committed 4544K, reserved 1048576K

Card table byte_map: [0x0000012ff73f0000,0x0000012ff7c00000] _byte_map_base: 0x0000012ff3bf0000

Marking Bits: (ParMarkBitMap*) 0x00007ffc511744a0
 Begin Bits: [0x0000012ff7c00000, 0x0000012ffbc00000)
 End Bits:   [0x0000012ffbc00000, 0x0000012fffc00000)

Polling page: 0x0000012fe2ff0000

Metaspace:

Usage:
  Non-class:     32.82 MB used.
      Class:      3.88 MB used.
       Both:     36.70 MB used.

Virtual space:
  Non-class space:       64.00 MB reserved,      33.50 MB ( 52%) committed,  1 nodes.
      Class space:        1.00 GB reserved,       4.44 MB ( <1%) committed,  1 nodes.
             Both:        1.06 GB reserved,      37.94 MB (  3%) committed. 

Chunk freelists:
   Non-Class:  14.06 MB
       Class:  11.58 MB
        Both:  25.64 MB

MaxMetaspaceSize: unlimited
CompressedClassSpaceSize: 1.00 GB
Initial GC threshold: 21.00 MB
Current GC threshold: 58.38 MB
CDS: on
 - commit_granule_bytes: 65536.
 - commit_granule_words: 8192.
 - virtual_space_node_default_size: 8388608.
 - enlarge_chunks_in_place: 1.
 - use_allocation_guard: 0.


Internal statistics:

num_allocs_failed_limit: 6.
num_arena_births: 900.
num_arena_deaths: 14.
num_vsnodes_births: 2.
num_vsnodes_deaths: 0.
num_space_committed: 607.
num_space_uncommitted: 0.
num_chunks_returned_to_freelist: 20.
num_chunks_taken_from_freelist: 2612.
num_chunk_merges: 12.
num_chunk_splits: 1597.
num_chunks_enlarged: 869.
num_inconsistent_stats: 0.

CodeHeap 'non-profiled nmethods': size=120000Kb used=1987Kb max_used=2262Kb free=118012Kb
 bounds [0x0000012fefec0000, 0x0000012ff0130000, 0x0000012ff73f0000]
CodeHeap 'profiled nmethods': size=120000Kb used=8719Kb max_used=9578Kb free=111280Kb
 bounds [0x0000012fe83f0000, 0x0000012fe8d50000, 0x0000012fef920000]
CodeHeap 'non-nmethods': size=5760Kb used=1358Kb max_used=1420Kb free=4401Kb
 bounds [0x0000012fef920000, 0x0000012fefb90000, 0x0000012fefec0000]
CodeCache: size=245760Kb, used=12064Kb, max_used=13260Kb, free=233693Kb
 total_blobs=5043, nmethods=4389, adapters=560, full_count=0
Compilation: enabled, stopped_count=0, restarted_count=0

Compilation events (20 events):
Event: 11.983 Thread 0x0000012fc3470090 4966       1       com.google.inject.internal.BindingImpl::getScoping (5 bytes)
Event: 11.984 Thread 0x0000012fc3470090 nmethod 4966 0x0000012fefff1f90 code [0x0000012fefff2120, 0x0000012fefff21f0]
Event: 11.984 Thread 0x0000012fc3470090 4969       2       java.util.Comparator::comparing (24 bytes)
Event: 11.984 Thread 0x0000012fc3470090 nmethod 4969 0x0000012fe8457c10 code [0x0000012fe8457de0, 0x0000012fe8458178]
Event: 11.984 Thread 0x0000012fc3470090 4970       2       java.util.Comparator$$Lambda/0x0000012f82024278::<init> (15 bytes)
Event: 11.984 Thread 0x0000012fc3470090 nmethod 4970 0x0000012fe8457610 code [0x0000012fe84577a0, 0x0000012fe84578d8]
Event: 11.984 Thread 0x0000012fc3470090 4971       2       java.util.Comparator::thenComparing (12 bytes)
Event: 11.984 Thread 0x0000012fc3470090 nmethod 4971 0x0000012fe8599d10 code [0x0000012fe8599f00, 0x0000012fe859a308]
Event: 11.984 Thread 0x0000012fc3470090 4975       2       java.util.Spliterators::spliterator (25 bytes)
Event: 11.985 Thread 0x0000012fc3470090 nmethod 4975 0x0000012fe8a41190 code [0x0000012fe8a41360, 0x0000012fe8a415f0]
Event: 11.985 Thread 0x0000012fc3470090 4974       2       com.google.inject.internal.MoreTypes::getRawType (141 bytes)
Event: 11.985 Thread 0x0000012fc3470090 nmethod 4974 0x0000012fe8530090 code [0x0000012fe8530360, 0x0000012fe8530ce8]
Event: 11.985 Thread 0x0000012fc3470090 4976       2       java.util.stream.AbstractPipeline::exactOutputSizeIfKnown (86 bytes)
Event: 11.986 Thread 0x0000012fc3470090 nmethod 4976 0x0000012fe859d510 code [0x0000012fe859d6e0, 0x0000012fe859d980]
Event: 11.986 Thread 0x0000012fc3470090 4972       1       org.eclipse.sisu.plexus.ComponentImpl::role (5 bytes)
Event: 11.986 Thread 0x0000012fc3470090 nmethod 4972 0x0000012feff3e790 code [0x0000012feff3e920, 0x0000012feff3e9f0]
Event: 11.986 Thread 0x0000012fc3470090 4973       1       sun.reflect.generics.reflectiveObjects.ParameterizedTypeImpl::getOwnerType (5 bytes)
Event: 11.986 Thread 0x0000012fc3470090 nmethod 4973 0x0000012feff3e490 code [0x0000012feff3e620, 0x0000012feff3e6f0]
Event: 11.986 Thread 0x0000012fc3470090 4978       2       java.util.stream.ReferencePipeline::toArray (18 bytes)
Event: 11.986 Thread 0x0000012fc3470090 nmethod 4978 0x0000012fe8599810 code [0x0000012fe85999e0, 0x0000012fe8599b68]

GC Heap History (20 events):
Event: 8.598 GC heap before
{Heap before GC invocations=7 (full 0):
 PSYoungGen      total 30208K, used 25882K [0x00000007aab00000, 0x00000007ace80000, 0x0000000800000000)
  eden space 24576K, 83% used [0x00000007aab00000,0x00000007abf26948,0x00000007ac300000)
  from space 5632K, 93% used [0x00000007ac900000,0x00000007ace1ff48,0x00000007ace80000)
  to   space 5632K, 0% used [0x00000007ac380000,0x00000007ac380000,0x00000007ac900000)
 ParOldGen       total 68608K, used 7809K [0x0000000700000000, 0x0000000704300000, 0x00000007aab00000)
  object space 68608K, 11% used [0x0000000700000000,0x00000007007a04c0,0x0000000704300000)
 Metaspace       used 20598K, committed 21504K, reserved 1114112K
  class space    used 2215K, committed 2624K, reserved 1048576K
}
Event: 8.608 GC heap after
{Heap after GC invocations=7 (full 0):
 PSYoungGen      total 29184K, used 4435K [0x00000007aab00000, 0x00000007acd00000, 0x0000000800000000)
  eden space 24576K, 0% used [0x00000007aab00000,0x00000007aab00000,0x00000007ac300000)
  from space 4608K, 96% used [0x00000007ac380000,0x00000007ac7d4c10,0x00000007ac800000)
  to   space 5120K, 0% used [0x00000007ac800000,0x00000007ac800000,0x00000007acd00000)
 ParOldGen       total 68608K, used 9220K [0x0000000700000000, 0x0000000704300000, 0x00000007aab00000)
  object space 68608K, 13% used [0x0000000700000000,0x0000000700901168,0x0000000704300000)
 Metaspace       used 20598K, committed 21504K, reserved 1114112K
  class space    used 2215K, committed 2624K, reserved 1048576K
}
Event: 8.608 GC heap before
{Heap before GC invocations=8 (full 1):
 PSYoungGen      total 29184K, used 4435K [0x00000007aab00000, 0x00000007acd00000, 0x0000000800000000)
  eden space 24576K, 0% used [0x00000007aab00000,0x00000007aab00000,0x00000007ac300000)
  from space 4608K, 96% used [0x00000007ac380000,0x00000007ac7d4c10,0x00000007ac800000)
  to   space 5120K, 0% used [0x00000007ac800000,0x00000007ac800000,0x00000007acd00000)
 ParOldGen       total 68608K, used 9220K [0x0000000700000000, 0x0000000704300000, 0x00000007aab00000)
  object space 68608K, 13% used [0x0000000700000000,0x0000000700901168,0x0000000704300000)
 Metaspace       used 20598K, committed 21504K, reserved 1114112K
  class space    used 2215K, committed 2624K, reserved 1048576K
}
Event: 8.658 GC heap after
{Heap after GC invocations=8 (full 1):
 PSYoungGen      total 29184K, used 0K [0x00000007aab00000, 0x00000007acd00000, 0x0000000800000000)
  eden space 24576K, 0% used [0x00000007aab00000,0x00000007aab00000,0x00000007ac300000)
  from space 4608K, 0% used [0x00000007ac380000,0x00000007ac380000,0x00000007ac800000)
  to   space 5120K, 0% used [0x00000007ac800000,0x00000007ac800000,0x00000007acd00000)
 ParOldGen       total 68608K, used 13070K [0x0000000700000000, 0x0000000704300000, 0x00000007aab00000)
  object space 68608K, 19% used [0x0000000700000000,0x0000000700cc3998,0x0000000704300000)
 Metaspace       used 20585K, committed 21504K, reserved 1114112K
  class space    used 2212K, committed 2624K, reserved 1048576K
}
Event: 9.035 GC heap before
{Heap before GC invocations=9 (full 1):
 PSYoungGen      total 29184K, used 24576K [0x00000007aab00000, 0x00000007acd00000, 0x0000000800000000)
  eden space 24576K, 100% used [0x00000007aab00000,0x00000007ac300000,0x00000007ac300000)
  from space 4608K, 0% used [0x00000007ac380000,0x00000007ac380000,0x00000007ac800000)
  to   space 5120K, 0% used [0x00000007ac800000,0x00000007ac800000,0x00000007acd00000)
 ParOldGen       total 68608K, used 13070K [0x0000000700000000, 0x0000000704300000, 0x00000007aab00000)
  object space 68608K, 19% used [0x0000000700000000,0x0000000700cc3998,0x0000000704300000)
 Metaspace       used 22715K, committed 23616K, reserved 1114112K
  class space    used 2401K, committed 2816K, reserved 1048576K
}
Event: 9.039 GC heap after
{Heap after GC invocations=9 (full 1):
 PSYoungGen      total 27648K, used 3278K [0x00000007aab00000, 0x00000007acb80000, 0x0000000800000000)
  eden space 24064K, 0% used [0x00000007aab00000,0x00000007aab00000,0x00000007ac280000)
  from space 3584K, 91% used [0x00000007ac800000,0x00000007acb33a00,0x00000007acb80000)
  to   space 4096K, 0% used [0x00000007ac380000,0x00000007ac380000,0x00000007ac780000)
 ParOldGen       total 68608K, used 13078K [0x0000000700000000, 0x0000000704300000, 0x00000007aab00000)
  object space 68608K, 19% used [0x0000000700000000,0x0000000700cc5998,0x0000000704300000)
 Metaspace       used 22715K, committed 23616K, reserved 1114112K
  class space    used 2401K, committed 2816K, reserved 1048576K
}
Event: 9.342 GC heap before
{Heap before GC invocations=10 (full 1):
 PSYoungGen      total 27648K, used 27325K [0x00000007aab00000, 0x00000007acb80000, 0x0000000800000000)
  eden space 24064K, 99% used [0x00000007aab00000,0x00000007ac27bde0,0x00000007ac280000)
  from space 3584K, 91% used [0x00000007ac800000,0x00000007acb33a00,0x00000007acb80000)
  to   space 4096K, 0% used [0x00000007ac380000,0x00000007ac380000,0x00000007ac780000)
 ParOldGen       total 68608K, used 13078K [0x0000000700000000, 0x0000000704300000, 0x00000007aab00000)
  object space 68608K, 19% used [0x0000000700000000,0x0000000700cc5998,0x0000000704300000)
 Metaspace       used 26104K, committed 27008K, reserved 1114112K
  class space    used 2652K, committed 3072K, reserved 1048576K
}
Event: 9.345 GC heap after
{Heap after GC invocations=10 (full 1):
 PSYoungGen      total 27136K, used 3579K [0x00000007aab00000, 0x00000007aca00000, 0x0000000800000000)
  eden space 23552K, 0% used [0x00000007aab00000,0x00000007aab00000,0x00000007ac200000)
  from space 3584K, 99% used [0x00000007ac380000,0x00000007ac6fedd8,0x00000007ac700000)
  to   space 3072K, 0% used [0x00000007ac700000,0x00000007ac700000,0x00000007aca00000)
 ParOldGen       total 68608K, used 13078K [0x0000000700000000, 0x0000000704300000, 0x00000007aab00000)
  object space 68608K, 19% used [0x0000000700000000,0x0000000700cc5998,0x0000000704300000)
 Metaspace       used 26104K, committed 27008K, reserved 1114112K
  class space    used 2652K, committed 3072K, reserved 1048576K
}
Event: 9.613 GC heap before
{Heap before GC invocations=11 (full 1):
 PSYoungGen      total 27136K, used 27110K [0x00000007aab00000, 0x00000007aca00000, 0x0000000800000000)
  eden space 23552K, 99% used [0x00000007aab00000,0x00000007ac1fae18,0x00000007ac200000)
  from space 3584K, 99% used [0x00000007ac380000,0x00000007ac6fedd8,0x00000007ac700000)
  to   space 3072K, 0% used [0x00000007ac700000,0x00000007ac700000,0x00000007aca00000)
 ParOldGen       total 68608K, used 13078K [0x0000000700000000, 0x0000000704300000, 0x00000007aab00000)
  object space 68608K, 19% used [0x0000000700000000,0x0000000700cc5998,0x0000000704300000)
 Metaspace       used 27703K, committed 28672K, reserved 1114112K
  class space    used 2756K, committed 3200K, reserved 1048576K
}
Event: 9.617 GC heap after
{Heap after GC invocations=11 (full 1):
 PSYoungGen      total 25600K, used 2528K [0x00000007aab00000, 0x00000007ac980000, 0x0000000800000000)
  eden space 23040K, 0% used [0x00000007aab00000,0x00000007aab00000,0x00000007ac180000)
  from space 2560K, 98% used [0x00000007ac700000,0x00000007ac978190,0x00000007ac980000)
  to   space 3072K, 0% used [0x00000007ac380000,0x00000007ac380000,0x00000007ac680000)
 ParOldGen       total 68608K, used 14187K [0x0000000700000000, 0x0000000704300000, 0x00000007aab00000)
  object space 68608K, 20% used [0x0000000700000000,0x0000000700ddac28,0x0000000704300000)
 Metaspace       used 27703K, committed 28672K, reserved 1114112K
  class space    used 2756K, committed 3200K, reserved 1048576K
}
Event: 10.061 GC heap before
{Heap before GC invocations=12 (full 1):
 PSYoungGen      total 25600K, used 25568K [0x00000007aab00000, 0x00000007ac980000, 0x0000000800000000)
  eden space 23040K, 100% used [0x00000007aab00000,0x00000007ac180000,0x00000007ac180000)
  from space 2560K, 98% used [0x00000007ac700000,0x00000007ac978190,0x00000007ac980000)
  to   space 3072K, 0% used [0x00000007ac380000,0x00000007ac380000,0x00000007ac680000)
 ParOldGen       total 68608K, used 14187K [0x0000000700000000, 0x0000000704300000, 0x00000007aab00000)
  object space 68608K, 20% used [0x0000000700000000,0x0000000700ddac28,0x0000000704300000)
 Metaspace       used 31097K, committed 32128K, reserved 1114112K
  class space    used 3130K, committed 3584K, reserved 1048576K
}
Event: 10.065 GC heap after
{Heap after GC invocations=12 (full 1):
 PSYoungGen      total 24576K, used 1733K [0x00000007aab00000, 0x00000007ac780000, 0x0000000800000000)
  eden space 22528K, 0% used [0x00000007aab00000,0x00000007aab00000,0x00000007ac100000)
  from space 2048K, 84% used [0x00000007ac380000,0x00000007ac531480,0x00000007ac580000)
  to   space 2048K, 0% used [0x00000007ac580000,0x00000007ac580000,0x00000007ac780000)
 ParOldGen       total 68608K, used 16463K [0x0000000700000000, 0x0000000704300000, 0x00000007aab00000)
  object space 68608K, 23% used [0x0000000700000000,0x0000000701013e78,0x0000000704300000)
 Metaspace       used 31097K, committed 32128K, reserved 1114112K
  class space    used 3130K, committed 3584K, reserved 1048576K
}
Event: 10.350 GC heap before
{Heap before GC invocations=13 (full 1):
 PSYoungGen      total 24576K, used 24249K [0x00000007aab00000, 0x00000007ac780000, 0x0000000800000000)
  eden space 22528K, 99% used [0x00000007aab00000,0x00000007ac0fd0b0,0x00000007ac100000)
  from space 2048K, 84% used [0x00000007ac380000,0x00000007ac531480,0x00000007ac580000)
  to   space 2048K, 0% used [0x00000007ac580000,0x00000007ac580000,0x00000007ac780000)
 ParOldGen       total 68608K, used 16463K [0x0000000700000000, 0x0000000704300000, 0x00000007aab00000)
  object space 68608K, 23% used [0x0000000700000000,0x0000000701013e78,0x0000000704300000)
 Metaspace       used 33911K, committed 35008K, reserved 1114112K
  class space    used 3496K, committed 3968K, reserved 1048576K
}
Event: 10.353 GC heap after
{Heap after GC invocations=13 (full 1):
 PSYoungGen      total 24064K, used 1681K [0x00000007aab00000, 0x00000007ac780000, 0x0000000800000000)
  eden space 22016K, 0% used [0x00000007aab00000,0x00000007aab00000,0x00000007ac080000)
  from space 2048K, 82% used [0x00000007ac580000,0x00000007ac7245c0,0x00000007ac780000)
  to   space 2048K, 0% used [0x00000007ac380000,0x00000007ac380000,0x00000007ac580000)
 ParOldGen       total 68608K, used 18023K [0x0000000700000000, 0x0000000704300000, 0x00000007aab00000)
  object space 68608K, 26% used [0x0000000700000000,0x0000000701199f38,0x0000000704300000)
 Metaspace       used 33911K, committed 35008K, reserved 1114112K
  class space    used 3496K, committed 3968K, reserved 1048576K
}
Event: 10.454 GC heap before
{Heap before GC invocations=14 (full 1):
 PSYoungGen      total 24064K, used 8129K [0x00000007aab00000, 0x00000007ac780000, 0x0000000800000000)
  eden space 22016K, 29% used [0x00000007aab00000,0x00000007ab14c120,0x00000007ac080000)
  from space 2048K, 82% used [0x00000007ac580000,0x00000007ac7245c0,0x00000007ac780000)
  to   space 2048K, 0% used [0x00000007ac380000,0x00000007ac380000,0x00000007ac580000)
 ParOldGen       total 68608K, used 18023K [0x0000000700000000, 0x0000000704300000, 0x00000007aab00000)
  object space 68608K, 26% used [0x0000000700000000,0x0000000701199f38,0x0000000704300000)
 Metaspace       used 34708K, committed 35840K, reserved 1114112K
  class space    used 3603K, committed 4096K, reserved 1048576K
}
Event: 10.457 GC heap after
{Heap after GC invocations=14 (full 1):
 PSYoungGen      total 22528K, used 416K [0x00000007aab00000, 0x00000007ac600000, 0x0000000800000000)
  eden space 22016K, 0% used [0x00000007aab00000,0x00000007aab00000,0x00000007ac080000)
  from space 512K, 81% used [0x00000007ac380000,0x00000007ac3e8000,0x00000007ac400000)
  to   space 1024K, 0% used [0x00000007ac500000,0x00000007ac500000,0x00000007ac600000)
 ParOldGen       total 68608K, used 19452K [0x0000000700000000, 0x0000000704300000, 0x00000007aab00000)
  object space 68608K, 28% used [0x0000000700000000,0x00000007012ff360,0x0000000704300000)
 Metaspace       used 34708K, committed 35840K, reserved 1114112K
  class space    used 3603K, committed 4096K, reserved 1048576K
}
Event: 10.457 GC heap before
{Heap before GC invocations=15 (full 2):
 PSYoungGen      total 22528K, used 416K [0x00000007aab00000, 0x00000007ac600000, 0x0000000800000000)
  eden space 22016K, 0% used [0x00000007aab00000,0x00000007aab00000,0x00000007ac080000)
  from space 512K, 81% used [0x00000007ac380000,0x00000007ac3e8000,0x00000007ac400000)
  to   space 1024K, 0% used [0x00000007ac500000,0x00000007ac500000,0x00000007ac600000)
 ParOldGen       total 68608K, used 19452K [0x0000000700000000, 0x0000000704300000, 0x00000007aab00000)
  object space 68608K, 28% used [0x0000000700000000,0x00000007012ff360,0x0000000704300000)
 Metaspace       used 34708K, committed 35840K, reserved 1114112K
  class space    used 3603K, committed 4096K, reserved 1048576K
}
Event: 10.502 GC heap after
{Heap after GC invocations=15 (full 2):
 PSYoungGen      total 22528K, used 0K [0x00000007aab00000, 0x00000007ac600000, 0x0000000800000000)
  eden space 22016K, 0% used [0x00000007aab00000,0x00000007aab00000,0x00000007ac080000)
  from space 512K, 0% used [0x00000007ac380000,0x00000007ac380000,0x00000007ac400000)
  to   space 1024K, 0% used [0x00000007ac500000,0x00000007ac500000,0x00000007ac600000)
 ParOldGen       total 68608K, used 18984K [0x0000000700000000, 0x0000000704300000, 0x00000007aab00000)
  object space 68608K, 27% used [0x0000000700000000,0x000000070128a360,0x0000000704300000)
 Metaspace       used 34708K, committed 35840K, reserved 1114112K
  class space    used 3603K, committed 4096K, reserved 1048576K
}
Event: 11.818 GC heap before
{Heap before GC invocations=16 (full 2):
 PSYoungGen      total 22528K, used 22016K [0x00000007aab00000, 0x00000007ac600000, 0x0000000800000000)
  eden space 22016K, 100% used [0x00000007aab00000,0x00000007ac080000,0x00000007ac080000)
  from space 512K, 0% used [0x00000007ac380000,0x00000007ac380000,0x00000007ac400000)
  to   space 1024K, 0% used [0x00000007ac500000,0x00000007ac500000,0x00000007ac600000)
 ParOldGen       total 68608K, used 18984K [0x0000000700000000, 0x0000000704300000, 0x00000007aab00000)
  object space 68608K, 27% used [0x0000000700000000,0x000000070128a360,0x0000000704300000)
 Metaspace       used 36494K, committed 37696K, reserved 1114112K
  class space    used 3851K, committed 4416K, reserved 1048576K
}
Event: 11.827 GC heap after
{Heap after GC invocations=16 (full 2):
 PSYoungGen      total 23040K, used 1008K [0x00000007aab00000, 0x00000007ac680000, 0x0000000800000000)
  eden space 22016K, 0% used [0x00000007aab00000,0x00000007aab00000,0x00000007ac080000)
  from space 1024K, 98% used [0x00000007ac500000,0x00000007ac5fc010,0x00000007ac600000)
  to   space 3072K, 0% used [0x00000007ac080000,0x00000007ac080000,0x00000007ac380000)
 ParOldGen       total 68608K, used 20501K [0x0000000700000000, 0x0000000704300000, 0x00000007aab00000)
  object space 68608K, 29% used [0x0000000700000000,0x00000007014056d0,0x0000000704300000)
 Metaspace       used 36494K, committed 37696K, reserved 1114112K
  class space    used 3851K, committed 4416K, reserved 1048576K
}

Dll operation events (20 events):
Event: 0.024 Attempting to load shared library c:\Users\admin\.vscode\extensions\redhat.java-1.56.0-win32-x64\jre\21.0.12.1-win32-x86_64\bin\java.dll
Event: 0.024 Loaded shared library c:\Users\admin\.vscode\extensions\redhat.java-1.56.0-win32-x64\jre\21.0.12.1-win32-x86_64\bin\java.dll
Event: 0.228 Attempting to load shared library c:\Users\admin\.vscode\extensions\redhat.java-1.56.0-win32-x64\jre\21.0.12.1-win32-x86_64\bin\zip.dll
Event: 0.231 Loaded shared library c:\Users\admin\.vscode\extensions\redhat.java-1.56.0-win32-x64\jre\21.0.12.1-win32-x86_64\bin\zip.dll
Event: 0.317 Attempting to load shared library C:\Users\admin\.vscode\extensions\redhat.java-1.56.0-win32-x64\jre\21.0.12.1-win32-x86_64\bin\instrument.dll
Event: 0.317 Loaded shared library C:\Users\admin\.vscode\extensions\redhat.java-1.56.0-win32-x64\jre\21.0.12.1-win32-x86_64\bin\instrument.dll
Event: 0.330 Attempting to load shared library C:\Users\admin\.vscode\extensions\redhat.java-1.56.0-win32-x64\jre\21.0.12.1-win32-x86_64\bin\net.dll
Event: 0.335 Loaded shared library C:\Users\admin\.vscode\extensions\redhat.java-1.56.0-win32-x64\jre\21.0.12.1-win32-x86_64\bin\net.dll
Event: 0.344 Attempting to load shared library C:\Users\admin\.vscode\extensions\redhat.java-1.56.0-win32-x64\jre\21.0.12.1-win32-x86_64\bin\nio.dll
Event: 0.346 Loaded shared library C:\Users\admin\.vscode\extensions\redhat.java-1.56.0-win32-x64\jre\21.0.12.1-win32-x86_64\bin\nio.dll
Event: 0.358 Attempting to load shared library C:\Users\admin\.vscode\extensions\redhat.java-1.56.0-win32-x64\jre\21.0.12.1-win32-x86_64\bin\zip.dll
Event: 0.358 Loaded shared library C:\Users\admin\.vscode\extensions\redhat.java-1.56.0-win32-x64\jre\21.0.12.1-win32-x86_64\bin\zip.dll
Event: 0.422 Attempting to load shared library C:\Users\admin\.vscode\extensions\redhat.java-1.56.0-win32-x64\jre\21.0.12.1-win32-x86_64\bin\jimage.dll
Event: 0.422 Loaded shared library C:\Users\admin\.vscode\extensions\redhat.java-1.56.0-win32-x64\jre\21.0.12.1-win32-x86_64\bin\jimage.dll
Event: 0.609 Attempting to load shared library c:\Users\admin\.vscode\extensions\redhat.java-1.56.0-win32-x64\jre\21.0.12.1-win32-x86_64\bin\verify.dll
Event: 0.611 Loaded shared library c:\Users\admin\.vscode\extensions\redhat.java-1.56.0-win32-x64\jre\21.0.12.1-win32-x86_64\bin\verify.dll
Event: 2.788 Attempting to load shared library C:\Users\admin\AppData\Roaming\Code\User\globalStorage\redhat.java\1.56.0\config_win\org.eclipse.equinox.launcher\org.eclipse.equinox.launcher.win32.win32.x86_64_1.3.100.v20260804-1928\eclipse_11924.dll
Event: 2.791 Loaded shared library C:\Users\admin\AppData\Roaming\Code\User\globalStorage\redhat.java\1.56.0\config_win\org.eclipse.equinox.launcher\org.eclipse.equinox.launcher.win32.win32.x86_64_1.3.100.v20260804-1928\eclipse_11924.dll
Event: 7.643 Attempting to load shared library C:\Users\admin\AppData\Local\Temp\jna-92668751\jna12235238123690250219.dll
Event: 7.812 Loaded shared library C:\Users\admin\AppData\Local\Temp\jna-92668751\jna12235238123690250219.dll

Deoptimization events (20 events):
Event: 10.700 Thread 0x0000012fc8bb8440 Uncommon trap: trap_request=0xffffffc6 fr.pc=0x0000012ff00045bc relative=0x0000000000000fdc
Event: 10.700 Thread 0x0000012fc8bb8440 Uncommon trap: reason=bimorphic_or_optimized_type_check action=maybe_recompile pc=0x0000012ff00045bc method=java.util.Properties$LineReader.readLine()I @ 479 c2
Event: 10.700 Thread 0x0000012fc8bb8440 DEOPT PACKING pc=0x0000012ff00045bc sp=0x00000005c94feb00
Event: 10.700 Thread 0x0000012fc8bb8440 DEOPT UNPACKING pc=0x0000012fef973aa2 sp=0x00000005c94fea98 mode 2
Event: 10.708 Thread 0x0000012fc8bb8440 DEOPT PACKING pc=0x0000012fe842a9dc sp=0x00000005c94feab0
Event: 10.708 Thread 0x0000012fc8bb8440 DEOPT UNPACKING pc=0x0000012fef974242 sp=0x00000005c94fdf90 mode 0
Event: 10.734 Thread 0x0000012fc8bb8440 DEOPT PACKING pc=0x0000012fe8d3f5a7 sp=0x00000005c94fee60
Event: 10.734 Thread 0x0000012fc8bb8440 DEOPT UNPACKING pc=0x0000012fef974242 sp=0x00000005c94fe338 mode 0
Event: 11.846 Thread 0x0000012fc8bb8440 DEOPT PACKING pc=0x0000012fe8d3f5a7 sp=0x00000005c94feec0
Event: 11.846 Thread 0x0000012fc8bb8440 DEOPT UNPACKING pc=0x0000012fef974242 sp=0x00000005c94fe398 mode 0
Event: 11.889 Thread 0x0000012fc8bb8440 DEOPT PACKING pc=0x0000012fe8d3f5a7 sp=0x00000005c94feef0
Event: 11.890 Thread 0x0000012fc8bb8440 DEOPT UNPACKING pc=0x0000012fef974242 sp=0x00000005c94fe3c8 mode 0
Event: 11.932 Thread 0x0000012fc8bb8440 DEOPT PACKING pc=0x0000012fe8d3f5a7 sp=0x00000005c94feef0
Event: 11.932 Thread 0x0000012fc8bb8440 DEOPT UNPACKING pc=0x0000012fef974242 sp=0x00000005c94fe3c8 mode 0
Event: 11.941 Thread 0x0000012fc8bb8440 DEOPT PACKING pc=0x0000012fe8d3f5a7 sp=0x00000005c94fef90
Event: 11.941 Thread 0x0000012fc8bb8440 DEOPT UNPACKING pc=0x0000012fef974242 sp=0x00000005c94fe468 mode 0
Event: 11.944 Thread 0x0000012fc8bb8440 DEOPT PACKING pc=0x0000012fe8d3f5a7 sp=0x00000005c94fef80
Event: 11.944 Thread 0x0000012fc8bb8440 DEOPT UNPACKING pc=0x0000012fef974242 sp=0x00000005c94fe458 mode 0
Event: 11.946 Thread 0x0000012fc8bb8440 DEOPT PACKING pc=0x0000012fe8d3f5a7 sp=0x00000005c94ff000
Event: 11.946 Thread 0x0000012fc8bb8440 DEOPT UNPACKING pc=0x0000012fef974242 sp=0x00000005c94fe4d8 mode 0

Classes loaded (20 events):
Event: 10.563 Loading class sun/reflect/generics/tree/MethodTypeSignature
Event: 10.563 Loading class sun/reflect/generics/tree/MethodTypeSignature done
Event: 10.564 Loading class sun/reflect/generics/reflectiveObjects/ParameterizedTypeImpl
Event: 10.565 Loading class sun/reflect/generics/reflectiveObjects/ParameterizedTypeImpl done
Event: 10.565 Loading class sun/reflect/generics/reflectiveObjects/TypeVariableImpl
Event: 10.565 Loading class sun/reflect/generics/reflectiveObjects/LazyReflectiveObjectGenerator
Event: 10.566 Loading class sun/reflect/generics/reflectiveObjects/LazyReflectiveObjectGenerator done
Event: 10.566 Loading class sun/reflect/generics/reflectiveObjects/TypeVariableImpl done
Event: 10.600 Loading class jdk/internal/vm/annotation/IntrinsicCandidate
Event: 10.600 Loading class jdk/internal/vm/annotation/IntrinsicCandidate done
Event: 10.602 Loading class java/lang/annotation/IncompleteAnnotationException
Event: 10.602 Loading class java/lang/annotation/IncompleteAnnotationException done
Event: 10.696 Loading class java/lang/foreign/MemorySegment
Event: 10.697 Loading class java/lang/foreign/MemorySegment done
Event: 10.731 Loading class sun/reflect/generics/tree/BottomSignature
Event: 10.732 Loading class sun/reflect/generics/tree/BottomSignature done
Event: 10.732 Loading class sun/reflect/generics/tree/Wildcard
Event: 10.732 Loading class sun/reflect/generics/tree/Wildcard done
Event: 10.733 Loading class sun/reflect/generics/reflectiveObjects/WildcardTypeImpl
Event: 10.733 Loading class sun/reflect/generics/reflectiveObjects/WildcardTypeImpl done

Classes unloaded (7 events):
Event: 8.616 Thread 0x0000012f809c3620 Unloading class 0x0000012f821aac00 'java/lang/invoke/LambdaForm$MH+0x0000012f821aac00'
Event: 8.616 Thread 0x0000012f809c3620 Unloading class 0x0000012f821aa800 'java/lang/invoke/LambdaForm$MH+0x0000012f821aa800'
Event: 8.616 Thread 0x0000012f809c3620 Unloading class 0x0000012f821aa400 'java/lang/invoke/LambdaForm$MH+0x0000012f821aa400'
Event: 8.616 Thread 0x0000012f809c3620 Unloading class 0x0000012f821aa000 'java/lang/invoke/LambdaForm$MH+0x0000012f821aa000'
Event: 8.616 Thread 0x0000012f809c3620 Unloading class 0x0000012f821a9c00 'java/lang/invoke/LambdaForm$BMH+0x0000012f821a9c00'
Event: 8.616 Thread 0x0000012f809c3620 Unloading class 0x0000012f821a9800 'java/lang/invoke/LambdaForm$DMH+0x0000012f821a9800'
Event: 8.616 Thread 0x0000012f809c3620 Unloading class 0x0000012f821a8400 'java/lang/invoke/LambdaForm$DMH+0x0000012f821a8400'

Classes redefined (0 events):
No events

Internal exceptions (20 events):
Event: 10.543 Thread 0x0000012fc8bb8440 Exception <a 'sun/nio/fs/WindowsException'{0x00000007aad8a780}> (0x00000007aad8a780) 
thrown [s\src\hotspot\share\prims\jni.cpp, line 520]
Event: 10.544 Thread 0x0000012fc8bb8440 Exception <a 'sun/nio/fs/WindowsException'{0x00000007aad8b000}> (0x00000007aad8b000) 
thrown [s\src\hotspot\share\prims\jni.cpp, line 520]
Event: 10.546 Thread 0x0000012fc8bb8440 Exception <a 'sun/nio/fs/WindowsException'{0x00000007aad8c8c0}> (0x00000007aad8c8c0) 
thrown [s\src\hotspot\share\prims\jni.cpp, line 520]
Event: 10.546 Thread 0x0000012fc8bb8440 Exception <a 'sun/nio/fs/WindowsException'{0x00000007aad8cfd8}> (0x00000007aad8cfd8) 
thrown [s\src\hotspot\share\prims\jni.cpp, line 520]
Event: 10.546 Thread 0x0000012fc8bb8440 Exception <a 'sun/nio/fs/WindowsException'{0x00000007aad8dba0}> (0x00000007aad8dba0) 
thrown [s\src\hotspot\share\prims\jni.cpp, line 520]
Event: 10.546 Thread 0x0000012fc8bb8440 Exception <a 'sun/nio/fs/WindowsException'{0x00000007aad8e2b8}> (0x00000007aad8e2b8) 
thrown [s\src\hotspot\share\prims\jni.cpp, line 520]
Event: 10.547 Thread 0x0000012fc8bb8440 Exception <a 'sun/nio/fs/WindowsException'{0x00000007aad8eee0}> (0x00000007aad8eee0) 
thrown [s\src\hotspot\share\prims\jni.cpp, line 520]
Event: 10.547 Thread 0x0000012fc8bb8440 Exception <a 'sun/nio/fs/WindowsException'{0x00000007aad8f5f8}> (0x00000007aad8f5f8) 
thrown [s\src\hotspot\share\prims\jni.cpp, line 520]
Event: 10.549 Thread 0x0000012fc8bb8440 Exception <a 'sun/nio/fs/WindowsException'{0x00000007aae172d8}> (0x00000007aae172d8) 
thrown [s\src\hotspot\share\prims\jni.cpp, line 520]
Event: 10.549 Thread 0x0000012fc8bb8440 Exception <a 'sun/nio/fs/WindowsException'{0x00000007aae179f0}> (0x00000007aae179f0) 
thrown [s\src\hotspot\share\prims\jni.cpp, line 520]
Event: 10.555 Thread 0x0000012fc8bb8440 Exception <a 'java/lang/NoSuchMethodError'{0x00000007aae903f0}: 'void java.lang.invoke.DirectMethodHandle$Holder.invokeVirtual(java.lang.Object, java.lang.Object, java.lang.Object, java.lang.Object)'> (0x00000007aae903f0) 
thrown [s\src\hotspot\share\interpreter\linkResolver.cpp, line 773]
Event: 10.578 Thread 0x0000012fc8bb8440 Exception <a 'java/io/FileNotFoundException'{0x00000007ab053d18}> (0x00000007ab053d18) 
thrown [s\src\hotspot\share\prims\jni.cpp, line 520]
Event: 10.603 Thread 0x0000012fc8bb5650 Exception <a 'java/lang/NoClassDefFoundError'{0x00000007ab1f5240}: javax/enterprise/inject/Typed> (0x00000007ab1f5240) 
thrown [s\src\hotspot\share\classfile\systemDictionary.cpp, line 302]
Event: 10.674 Thread 0x0000012fc8bb8440 Exception <a 'java/lang/NoSuchMethodError'{0x00000007ab8bb558}: 'int java.lang.invoke.DirectMethodHandle$Holder.invokeSpecial(java.lang.Object, java.lang.Object, java.lang.Object, java.lang.Object)'> (0x00000007ab8bb558) 
thrown [s\src\hotspot\share\interpreter\linkResolver.cpp, line 773]
Event: 10.715 Thread 0x0000012fc8bb8440 Exception <a 'sun/nio/fs/WindowsException'{0x00000007abc3bf88}> (0x00000007abc3bf88) 
thrown [s\src\hotspot\share\prims\jni.cpp, line 520]
Event: 10.716 Thread 0x0000012fc8bb8440 Exception <a 'sun/nio/fs/WindowsException'{0x00000007abc3c808}> (0x00000007abc3c808) 
thrown [s\src\hotspot\share\prims\jni.cpp, line 520]
Event: 10.719 Thread 0x0000012fc8bb8440 Exception <a 'sun/nio/fs/WindowsException'{0x00000007abc96d70}> (0x00000007abc96d70) 
thrown [s\src\hotspot\share\prims\jni.cpp, line 520]
Event: 10.720 Thread 0x0000012fc8bb8440 Exception <a 'sun/nio/fs/WindowsException'{0x00000007abc97488}> (0x00000007abc97488) 
thrown [s\src\hotspot\share\prims\jni.cpp, line 520]
Event: 10.743 Thread 0x0000012fc8bb8440 Exception <a 'sun/nio/fs/WindowsException'{0x00000007abea14d8}> (0x00000007abea14d8) 
thrown [s\src\hotspot\share\prims\jni.cpp, line 520]
Event: 10.743 Thread 0x0000012fc8bb8440 Exception <a 'sun/nio/fs/WindowsException'{0x00000007abea1bf0}> (0x00000007abea1bf0) 
thrown [s\src\hotspot\share\prims\jni.cpp, line 520]

ZGC Phase Switch (0 events):
No events

VM Operations (20 events):
Event: 9.785 Executing non-safepoint VM operation: HandshakeAllThreads (Deoptimize)
Event: 9.785 Executing non-safepoint VM operation: HandshakeAllThreads (Deoptimize) done
Event: 9.844 Executing non-safepoint VM operation: HandshakeAllThreads (Deoptimize)
Event: 9.844 Executing non-safepoint VM operation: HandshakeAllThreads (Deoptimize) done
Event: 10.001 Executing non-safepoint VM operation: HandshakeAllThreads (Deoptimize)
Event: 10.004 Executing non-safepoint VM operation: HandshakeAllThreads (Deoptimize) done
Event: 10.061 Executing safepoint VM operation: ParallelGCFailedAllocation (Allocation Failure)
Event: 10.065 Executing safepoint VM operation: ParallelGCFailedAllocation (Allocation Failure) done
Event: 10.342 Executing safepoint VM operation: ParallelGCFailedAllocation (Allocation Failure)
Event: 10.353 Executing safepoint VM operation: ParallelGCFailedAllocation (Allocation Failure) done
Event: 10.438 Executing safepoint VM operation: CollectForMetadataAllocation (Metadata GC Threshold)
Event: 10.502 Executing safepoint VM operation: CollectForMetadataAllocation (Metadata GC Threshold) done
Event: 10.574 Executing non-safepoint VM operation: HandshakeAllThreads (Deoptimize)
Event: 10.577 Executing non-safepoint VM operation: HandshakeAllThreads (Deoptimize) done
Event: 11.581 Executing safepoint VM operation: Cleanup
Event: 11.581 Executing safepoint VM operation: Cleanup done
Event: 11.818 Executing safepoint VM operation: ParallelGCFailedAllocation (Allocation Failure)
Event: 11.827 Executing safepoint VM operation: ParallelGCFailedAllocation (Allocation Failure) done
Event: 12.837 Executing safepoint VM operation: Cleanup
Event: 12.838 Executing safepoint VM operation: Cleanup done

Memory protections (0 events):
No events

Nmethod flushes (20 events):
Event: 10.478 Thread 0x0000012f809c3620 flushing  nmethod 0x0000012fe8a3cd10
Event: 10.478 Thread 0x0000012f809c3620 flushing  nmethod 0x0000012fe8a3df10
Event: 10.478 Thread 0x0000012f809c3620 flushing  nmethod 0x0000012fe8a3e710
Event: 10.478 Thread 0x0000012f809c3620 flushing  nmethod 0x0000012fe8a3ee90
Event: 10.478 Thread 0x0000012f809c3620 flushing  nmethod 0x0000012fe8a3f810
Event: 10.478 Thread 0x0000012f809c3620 flushing  nmethod 0x0000012fe8a3fd10
Event: 10.478 Thread 0x0000012f809c3620 flushing  nmethod 0x0000012fe8a40110
Event: 10.478 Thread 0x0000012f809c3620 flushing  nmethod 0x0000012fe8a41190
Event: 10.478 Thread 0x0000012f809c3620 flushing  nmethod 0x0000012fe8a42290
Event: 10.478 Thread 0x0000012f809c3620 flushing  nmethod 0x0000012fe8a43010
Event: 10.478 Thread 0x0000012f809c3620 flushing  nmethod 0x0000012fe8a43990
Event: 10.478 Thread 0x0000012f809c3620 flushing  nmethod 0x0000012fe8a5f710
Event: 10.478 Thread 0x0000012f809c3620 flushing  nmethod 0x0000012fe8a75090
Event: 10.478 Thread 0x0000012f809c3620 flushing  nmethod 0x0000012fe8a79c10
Event: 10.478 Thread 0x0000012f809c3620 flushing  nmethod 0x0000012fe8a7be90
Event: 10.478 Thread 0x0000012f809c3620 flushing  nmethod 0x0000012fe8a8c890
Event: 10.478 Thread 0x0000012f809c3620 flushing  nmethod 0x0000012fe8a8d210
Event: 10.478 Thread 0x0000012f809c3620 flushing  nmethod 0x0000012fe8ad0d90
Event: 10.478 Thread 0x0000012f809c3620 flushing  nmethod 0x0000012fe8b18c90
Event: 10.478 Thread 0x0000012f809c3620 flushing  nmethod 0x0000012fe8b19110

Events (20 events):
Event: 8.143 Thread 0x0000012fc3470090 Thread added: 0x0000012fc98bbef0
Event: 8.232 Thread 0x0000012fc8bb8ad0 Thread added: 0x0000012fc8bb5650
Event: 8.667 Thread 0x0000012fc98bbef0 Thread added: 0x0000012fc85bf510
Event: 9.179 Thread 0x0000012fc85bf510 Thread exited: 0x0000012fc85bf510
Event: 9.179 Thread 0x0000012fc98bbef0 Thread exited: 0x0000012fc98bbef0
Event: 9.515 Thread 0x0000012fc3470090 Thread added: 0x0000012fc85bf510
Event: 9.515 Thread 0x0000012fc3470090 Thread added: 0x0000012fc8ad1780
Event: 9.765 Thread 0x0000012fc8bb6370 Thread added: 0x0000012fc8bbc5e0
Event: 10.184 Thread 0x0000012fc8bb8ad0 Thread added: 0x0000012fc8bb9160
Event: 10.316 Thread 0x0000012fc8bb9160 Thread added: 0x0000012fc8bbb8c0
Event: 10.380 Thread 0x0000012fe52037e0 Thread added: 0x0000012fc8bb97f0
Event: 10.381 Thread 0x0000012fe52037e0 Thread added: 0x0000012fc8bb9e80
Event: 10.382 Thread 0x0000012fe52037e0 Thread added: 0x0000012fc8bbaba0
Event: 10.382 Thread 0x0000012fe52037e0 Thread added: 0x0000012fc8bba510
Event: 10.383 Thread 0x0000012fe52037e0 Thread added: 0x0000012fc8bbb230
Event: 10.383 Thread 0x0000012fe52037e0 Thread added: 0x0000012fc8bbbf50
Event: 10.384 Thread 0x0000012fe52037e0 Thread added: 0x0000012fc96b7b10
Event: 10.384 Thread 0x0000012fe52037e0 Thread added: 0x0000012fc96b8ec0
Event: 10.384 Thread 0x0000012fe52037e0 Thread added: 0x0000012fc96b60d0
Event: 10.430 Thread 0x0000012fe52037e0 Thread added: 0x0000012fc96b5a40


Dynamic libraries:
0x00007ff721c70000 - 0x00007ff721c7e000 	c:\Users\admin\.vscode\extensions\redhat.java-1.56.0-win32-x64\jre\21.0.12.1-win32-x86_64\bin\java.exe
0x00007ffd0baa0000 - 0x00007ffd0bd07000 	C:\WINDOWS\SYSTEM32\ntdll.dll
0x00007ffd0ae80000 - 0x00007ffd0af49000 	C:\WINDOWS\System32\KERNEL32.DLL
0x00007ffd08370000 - 0x00007ffd08764000 	C:\WINDOWS\System32\KERNELBASE.dll
0x00007ffd05250000 - 0x00007ffd052ef000 	C:\WINDOWS\SYSTEM32\apphelp.dll
0x00007ffd09580000 - 0x00007ffd096cb000 	C:\WINDOWS\System32\ucrtbase.dll
0x00007ffced870000 - 0x00007ffced88e000 	c:\Users\admin\.vscode\extensions\redhat.java-1.56.0-win32-x64\jre\21.0.12.1-win32-x86_64\bin\VCRUNTIME140.dll
0x00007ffceda80000 - 0x00007ffceda98000 	c:\Users\admin\.vscode\extensions\redhat.java-1.56.0-win32-x64\jre\21.0.12.1-win32-x86_64\bin\jli.dll
0x00007ffd0af50000 - 0x00007ffd0b115000 	C:\WINDOWS\System32\USER32.dll
0x00007ffd09800000 - 0x00007ffd09827000 	C:\WINDOWS\System32\win32u.dll
0x00007ffceab60000 - 0x00007ffceadf3000 	C:\WINDOWS\WinSxS\amd64_microsoft.windows.common-controls_6595b64144ccf1df_6.0.26100.8115_none_3e075c82e3354f9c\COMCTL32.dll
0x00007ffd0b6a0000 - 0x00007ffd0b6cb000 	C:\WINDOWS\System32\GDI32.dll
0x00007ffd0a270000 - 0x00007ffd0a319000 	C:\WINDOWS\System32\msvcrt.dll
0x00007ffd096d0000 - 0x00007ffd097fa000 	C:\WINDOWS\System32\gdi32full.dll
0x00007ffd08770000 - 0x00007ffd08813000 	C:\WINDOWS\System32\msvcp_win.dll
0x00007ffd0b3d0000 - 0x00007ffd0b402000 	C:\WINDOWS\System32\IMM32.DLL
0x00007ffcf99e0000 - 0x00007ffcf99ec000 	c:\Users\admin\.vscode\extensions\redhat.java-1.56.0-win32-x64\jre\21.0.12.1-win32-x86_64\bin\vcruntime140_1.dll
0x00007ffcd4450000 - 0x00007ffcd44dd000 	c:\Users\admin\.vscode\extensions\redhat.java-1.56.0-win32-x64\jre\21.0.12.1-win32-x86_64\bin\msvcp140.dll
0x00007ffc504b0000 - 0x00007ffc51252000 	c:\Users\admin\.vscode\extensions\redhat.java-1.56.0-win32-x64\jre\21.0.12.1-win32-x86_64\bin\server\jvm.dll
0x00007ffd0b270000 - 0x00007ffd0b326000 	C:\WINDOWS\System32\ADVAPI32.dll
0x00007ffd0b1c0000 - 0x00007ffd0b267000 	C:\WINDOWS\System32\sechost.dll
0x00007ffd0a320000 - 0x00007ffd0a438000 	C:\WINDOWS\System32\RPCRT4.dll
0x00007ffd0adf0000 - 0x00007ffd0ae70000 	C:\WINDOWS\System32\WS2_32.dll
0x00007ffd081d0000 - 0x00007ffd0822e000 	C:\WINDOWS\SYSTEM32\POWRPROF.dll
0x00007ffd05ff0000 - 0x00007ffd05ffb000 	C:\WINDOWS\SYSTEM32\VERSION.dll
0x00007ffceea70000 - 0x00007ffceeaa6000 	C:\WINDOWS\SYSTEM32\WINMM.dll
0x00007ffd081b0000 - 0x00007ffd081c4000 	C:\WINDOWS\SYSTEM32\UMPDC.dll
0x00007ffd070c0000 - 0x00007ffd070db000 	C:\WINDOWS\SYSTEM32\kernel.appcore.dll
0x00007ffcf2040000 - 0x00007ffcf204a000 	c:\Users\admin\.vscode\extensions\redhat.java-1.56.0-win32-x64\jre\21.0.12.1-win32-x86_64\bin\jimage.dll
0x00007ffd05d50000 - 0x00007ffd05f92000 	C:\WINDOWS\SYSTEM32\DBGHELP.DLL
0x00007ffd0b6d0000 - 0x00007ffd0ba52000 	C:\WINDOWS\System32\combase.dll
0x00007ffd0b410000 - 0x00007ffd0b4e7000 	C:\WINDOWS\System32\OLEAUT32.dll
0x00007ffcf0280000 - 0x00007ffcf02bb000 	C:\WINDOWS\SYSTEM32\dbgcore.DLL
0x00007ffd08c60000 - 0x00007ffd08d05000 	C:\WINDOWS\System32\bcryptPrimitives.dll
0x00007ffd051d0000 - 0x00007ffd051df000 	c:\Users\admin\.vscode\extensions\redhat.java-1.56.0-win32-x64\jre\21.0.12.1-win32-x86_64\bin\instrument.dll
0x00007ffce9b80000 - 0x00007ffce9ba0000 	c:\Users\admin\.vscode\extensions\redhat.java-1.56.0-win32-x64\jre\21.0.12.1-win32-x86_64\bin\java.dll
0x00007ffd0a520000 - 0x00007ffd0ac86000 	C:\WINDOWS\System32\SHELL32.dll
0x00007ffd08af0000 - 0x00007ffd08c5a000 	C:\WINDOWS\System32\wintypes.dll
0x00007ffd08d10000 - 0x00007ffd09575000 	C:\WINDOWS\System32\windows.storage.dll
0x00007ffd09930000 - 0x00007ffd09a27000 	C:\WINDOWS\System32\SHCORE.dll
0x00007ffd0a130000 - 0x00007ffd0a196000 	C:\WINDOWS\System32\shlwapi.dll
0x00007ffd08290000 - 0x00007ffd082b9000 	C:\WINDOWS\SYSTEM32\profapi.dll
0x00007ffce3760000 - 0x00007ffce3778000 	c:\Users\admin\.vscode\extensions\redhat.java-1.56.0-win32-x64\jre\21.0.12.1-win32-x86_64\bin\zip.dll
0x00007ffd02b10000 - 0x00007ffd02b20000 	C:\Users\admin\.vscode\extensions\redhat.java-1.56.0-win32-x64\jre\21.0.12.1-win32-x86_64\bin\net.dll
0x00007ffd01d50000 - 0x00007ffd01e7d000 	C:\WINDOWS\SYSTEM32\WINHTTP.dll
0x00007ffd07610000 - 0x00007ffd0767c000 	C:\WINDOWS\system32\mswsock.dll
0x00007ffd02af0000 - 0x00007ffd02b06000 	C:\Users\admin\.vscode\extensions\redhat.java-1.56.0-win32-x64\jre\21.0.12.1-win32-x86_64\bin\nio.dll
0x00007ffd02ae0000 - 0x00007ffd02af0000 	c:\Users\admin\.vscode\extensions\redhat.java-1.56.0-win32-x64\jre\21.0.12.1-win32-x86_64\bin\verify.dll
0x00007ffcef1a0000 - 0x00007ffcef1e5000 	C:\Users\admin\AppData\Roaming\Code\User\globalStorage\redhat.java\1.56.0\config_win\org.eclipse.equinox.launcher\org.eclipse.equinox.launcher.win32.win32.x86_64_1.3.100.v20260804-1928\eclipse_11924.dll
0x00007ffd0b500000 - 0x00007ffd0b697000 	C:\WINDOWS\System32\ole32.dll
0x00007ffd07a10000 - 0x00007ffd07a2b000 	C:\WINDOWS\SYSTEM32\CRYPTSP.dll
0x00007ffd07020000 - 0x00007ffd07059000 	C:\WINDOWS\system32\rsaenh.dll
0x00007ffd076c0000 - 0x00007ffd076f3000 	C:\WINDOWS\SYSTEM32\USERENV.dll
0x00007ffd08260000 - 0x00007ffd0828a000 	C:\WINDOWS\SYSTEM32\bcrypt.dll
0x00007ffd07870000 - 0x00007ffd0787c000 	C:\WINDOWS\SYSTEM32\CRYPTBASE.dll
0x00007ffd06bf0000 - 0x00007ffd06c22000 	C:\WINDOWS\SYSTEM32\IPHLPAPI.DLL
0x00007ffd0b4f0000 - 0x00007ffd0b4fa000 	C:\WINDOWS\System32\NSI.dll
0x00007ffce0160000 - 0x00007ffce01a9000 	C:\Users\admin\AppData\Local\Temp\jna-92668751\jna12235238123690250219.dll
0x00007ffd0a260000 - 0x00007ffd0a268000 	C:\WINDOWS\System32\PSAPI.DLL
0x00007ffd01eb0000 - 0x00007ffd01ecd000 	C:\WINDOWS\SYSTEM32\dhcpcsvc6.DLL
0x00007ffd01e80000 - 0x00007ffd01ea5000 	C:\WINDOWS\SYSTEM32\dhcpcsvc.DLL

JVMTI agents:
c:\Users\admin\.vscode\extensions\redhat.java-1.56.0-win32-x64\lombok\lombok-1.18.39-4050.jar path:c:\Users\admin\.vscode\extensions\redhat.java-1.56.0-win32-x64\jre\21.0.12.1-win32-x86_64\bin\instrument.dll, loaded, initialized, instrumentlib options:none

dbghelp: loaded successfully - version: 4.0.5 - missing functions: none
symbol engine: initialized successfully - sym options: 0x614 - pdb path: .;c:\Users\admin\.vscode\extensions\redhat.java-1.56.0-win32-x64\jre\21.0.12.1-win32-x86_64\bin;C:\WINDOWS\SYSTEM32;C:\WINDOWS\WinSxS\amd64_microsoft.windows.common-controls_6595b64144ccf1df_6.0.26100.8115_none_3e075c82e3354f9c;c:\Users\admin\.vscode\extensions\redhat.java-1.56.0-win32-x64\jre\21.0.12.1-win32-x86_64\bin\server;C:\Users\admin\AppData\Roaming\Code\User\globalStorage\redhat.java\1.56.0\config_win\org.eclipse.equinox.launcher\org.eclipse.equinox.launcher.win32.win32.x86_64_1.3.100.v20260804-1928;C:\Users\admin\AppData\Local\Temp\jna-92668751

VM Arguments:
jvm_args: --add-modules=ALL-SYSTEM --add-opens=java.base/java.util=ALL-UNNAMED --add-opens=java.base/java.lang=ALL-UNNAMED --add-opens=java.base/sun.nio.fs=ALL-UNNAMED -Declipse.application=org.eclipse.jdt.ls.core.id1 -Dosgi.bundles.defaultStartLevel=4 -Declipse.product=org.eclipse.jdt.ls.core.product -Djava.import.generatesMetadataFilesAtProjectRoot=false -Dm2e.project.cache.size=50 -DDetectVMInstallationsJob.disabled=true -Dfile.encoding=utf8 -XX:+UseParallelGC -XX:GCTimeRatio=4 -XX:AdaptiveSizePolicyWeight=90 -Dsun.zip.disableMemoryMapping=true -Xmx4G -Xms100m -Xlog:disable -javaagent:c:\Users\admin\.vscode\extensions\redhat.java-1.56.0-win32-x64\lombok\lombok-1.18.39-4050.jar -XX:+HeapDumpOnOutOfMemoryError -XX:HeapDumpPath=c:\Users\admin\AppData\Roaming\Code\User\workspaceStorage\8d4d080e920730285268a385d66d5bf5\redhat.java -Daether.dependencyCollector.impl=bf 
java_command: c:\Users\admin\.vscode\extensions\redhat.java-1.56.0-win32-x64\server\plugins\org.eclipse.equinox.launcher_1.8.0.v20260804-1928.jar -configuration c:\Users\admin\AppData\Roaming\Code\User\globalStorage\redhat.java\1.56.0\config_win -data c:\Users\admin\AppData\Roaming\Code\User\workspaceStorage\8d4d080e920730285268a385d66d5bf5\redhat.java\jdt_ws --pipe=\\.\pipe\lsp-4dcc821c809fa3a904108d2c6889060a-sock
java_class_path (initial): c:\Users\admin\.vscode\extensions\redhat.java-1.56.0-win32-x64\server\plugins\org.eclipse.equinox.launcher_1.8.0.v20260804-1928.jar
Launcher Type: SUN_STANDARD

[Global flags]
    uintx AdaptiveSizePolicyWeight                 = 90                                        {product} {command line}
     intx CICompilerCount                          = 4                                         {product} {ergonomic}
    uintx GCTimeRatio                              = 4                                         {product} {command line}
     bool HeapDumpOnOutOfMemoryError               = true                                   {manageable} {command line}
    ccstr HeapDumpPath                             = c:\Users\admin\AppData\Roaming\Code\User\workspaceStorage\8d4d080e920730285268a385d66d5bf5\redhat.java         {manageable} {command line}
   size_t InitialHeapSize                          = 104857600                                 {product} {command line}
   size_t MaxHeapSize                              = 4294967296                                {product} {command line}
   size_t MaxNewSize                               = 1431306240                                {product} {ergonomic}
   size_t MinHeapDeltaBytes                        = 524288                                    {product} {ergonomic}
   size_t MinHeapSize                              = 104857600                                 {product} {command line}
   size_t NewSize                                  = 34603008                                  {product} {ergonomic}
    uintx NonNMethodCodeHeapSize                   = 5839372                                {pd product} {ergonomic}
    uintx NonProfiledCodeHeapSize                  = 122909434                              {pd product} {ergonomic}
   size_t OldSize                                  = 70254592                                  {product} {ergonomic}
    uintx ProfiledCodeHeapSize                     = 122909434                              {pd product} {ergonomic}
    uintx ReservedCodeCacheSize                    = 251658240                              {pd product} {ergonomic}
     bool SegmentedCodeCache                       = true                                      {product} {ergonomic}
   size_t SoftMaxHeapSize                          = 4294967296                             {manageable} {ergonomic}
     bool UseCompressedOops                        = true                           {product lp64_product} {ergonomic}
     bool UseLargePagesIndividualAllocation        = false                                  {pd product} {ergonomic}
     bool UseParallelGC                            = true                                      {product} {command line}

Logging:
Log output configuration:
 #0: stdout all=off uptime,level,tags foldmultilines=false
 #1: stderr all=off uptime,level,tags foldmultilines=false

Release file:
JAVA_VERSION="21.0.12.1" 
MODULES="java.base java.compiler java.datatransfer java.xml java.prefs java.desktop java.instrument java.logging java.management java.security.sasl java.naming java.rmi java.management.rmi java.net.http java.scripting java.security.jgss java.transaction.xa java.sql java.sql.rowset java.xml.crypto java.se java.smartcardio jdk.accessibility jdk.internal.jvmstat jdk.attach jdk.charsets jdk.internal.opt jdk.zipfs jdk.compiler jdk.crypto.ec jdk.crypto.cryptoki jdk.crypto.mscapi jdk.dynalink jdk.internal.ed jdk.editpad jdk.hotspot.agent jdk.httpserver jdk.internal.le jdk.internal.vm.ci jdk.internal.vm.compiler jdk.internal.vm.compiler.management jdk.jartool jdk.javadoc jdk.jcmd jdk.management jdk.management.agent jdk.jconsole jdk.jdeps jdk.jdwp.agent jdk.jdi jdk.jfr jdk.jshell jdk.jsobject jdk.jstatd jdk.localedata jdk.management.jfr jdk.naming.dns jdk.naming.rmi jdk.net jdk.nio.mapmode jdk.random jdk.sctp jdk.security.auth jdk.security.jgss jdk.unsupported jdk.unsupported.desktop jdk.xml.dom" 

Environment Variables:
PATH=C:\app\admin\product\21c\dbhomeXE\bin;C:\Program Files\Eclipse Adoptium\jdk-17.0.16.8-hotspot\bin;C:\WINDOWS\system32;C:\WINDOWS;C:\WINDOWS\System32\Wbem;C:\WINDOWS\System32\WindowsPowerShell\v1.0\;C:\WINDOWS\System32\OpenSSH\;C:\Program Files\Git\cmd;C:\Program Files\nodejs\;C:\Program Files\Docker\Docker\resources\bin;C:\Program Files\PostgreSQL\18\bin;C:\Users\admin\AppData\Local\Programs\Python\Python313\Scripts\;C:\Users\admin\AppData\Local\Programs\Python\Python313\;C:\Users\admin\AppData\Local\Programs\Python\Python314\;C:\Users\admin\AppData\Local\Programs\Python\Python314\Scripts\;C:\Program Files\MySQL\MySQL Shell 8.0\bin\;C:\Users\admin\AppData\Local\Programs\Python\Launcher\;C:\Users\admin\AppData\Local\Microsoft\WindowsApps;C:\Users\admin\AppData\Local\Programs\Microsoft VS Code\bin;C:\msys64\ucrt64\bin;C:\Program Files\JetBrains\IntelliJ IDEA 2025.2.1\bin;C:\Users\admin\AppData\Local\Programs\Antigravity\bin;C:\Users\admin\AppData\Roaming\npm;C:\Program Files (x86)\GnuWin32\bin;C:\Program Files (x86)\GnuWin32\bin;C:\msys64\usr\bin;C:\msys64\mingw64\bin;C:\flutterFeature\flutter\bin;C:\Users\admin\AppData\Local\Android\Sdk\platform-tools;C:\Users\admin\AppData\Local\Android\Sdk\build-tools\37.0.0;
USERNAME=admin
OS=Windows_NT
PROCESSOR_IDENTIFIER=Intel64 Family 6 Model 142 Stepping 12, GenuineIntel
TMP=C:\Users\admin\AppData\Local\Temp
TEMP=C:\Users\admin\AppData\Local\Temp




Periodic native trim disabled

---------------  S Y S T E M  ---------------

OS:
 Windows 11 , 64 bit Build 26100 (10.0.26100.8115)
OS uptime: 1 days 0:58 hours
Hyper-V role detected

CPU: total 8 (initial active 8) (4 cores per cpu, 2 threads per core) family 6 model 142 stepping 12 microcode 0x100, cx8, cmov, fxsr, ht, mmx, 3dnowpref, sse, sse2, sse3, ssse3, sse4.1, sse4.2, popcnt, lzcnt, tsc, tscinvbit, avx, avx2, aes, erms, clmul, bmi1, bmi2, adx, fma, vzeroupper, clflush, clflushopt, hv, rdtscp, f16c
Processor Information for processor 0
  Max Mhz: 2304, Current Mhz: 1502, Mhz Limit: 1797
Processor Information for processor 1
  Max Mhz: 2304, Current Mhz: 1803, Mhz Limit: 1797
Processor Information for processor 2
  Max Mhz: 2304, Current Mhz: 1803, Mhz Limit: 1797
Processor Information for processor 3
  Max Mhz: 2304, Current Mhz: 1803, Mhz Limit: 1797
Processor Information for processor 4
  Max Mhz: 2304, Current Mhz: 1803, Mhz Limit: 1797
Processor Information for processor 5
  Max Mhz: 2304, Current Mhz: 1502, Mhz Limit: 1797
Processor Information for processor 6
  Max Mhz: 2304, Current Mhz: 1803, Mhz Limit: 1797
Processor Information for processor 7
  Max Mhz: 2304, Current Mhz: 1502, Mhz Limit: 1797

Memory: 4k page, system-wide physical 16157M (6628M free)
TotalPageFile size 65309M (AvailPageFile size 3M)
current process WorkingSet (physical memory assigned to process): 205M, peak: 207M
current process commit charge ("private bytes"): 393M, peak: 396M

vm_info: OpenJDK 64-Bit Server VM (21.0.12.1+1-LTS) for windows-amd64 JRE (21.0.12.1+1-LTS), built on 2026-08-18T00:00:00Z by "admin" with MS VC++ 17.12 (VS2022)

END.
